
Map of Debug\supermaceta_v1.sm8 from link file Debug\supermaceta_v1.lkf - Sat Sep 18 17:25:48 2021


                               --------
                               Segments
                               --------

start 00008080 end 0000808f length    15 segment .const
start 00008098 end 0000903f length  4007 segment .text
start 00004000 end 00004000 length     0 segment .eeprom
start 00000000 end 00000001 length     1 segment .bsct, initialized
start 00008097 end 00008098 length     1 segment .bsct, from
start 00000001 end 00000044 length    67 segment .ubsct
start 00000044 end 00000044 length     0 segment .bit
start 00000044 end 00000044 length     0 segment .share
start 00000100 end 00000100 length     0 segment .data
start 00000100 end 00000100 length     0 segment .bss
start 00000000 end 00000c6a length  3178 segment .info.
start 00000000 end 0000de87 length 56967 segment .debug
start 00008000 end 00008080 length   128 segment .const
start 0000808f end 00008097 length     8 segment .init


                               -------
                               Modules
                               -------

D:\Programas\CosmicC\CXSTM8\lib\crtsi0.sm8:
start 00008098 end 000080e8 length    80 section .text
start 00000100 end 00000100 length     0 section .bss
start 00000001 end 00000001 length     0 section .ubsct
start 00000000 end 00000034 length    52 section .info.

Debug\main.o:
start ******** end ******** length     0 section .bsct *** removed ***
start 00000001 end 0000003a length    57 section .ubsct
start 00000000 end 00001060 length  4192 section .debug
start 00000034 end 000000b1 length   125 section .info.
start ******** end ******** length     0 section .const *** removed ***
start 000080e8 end 000081ae length   198 section .text

Debug\clock.o:
start ******** end ******** length     0 section .bsct *** removed ***
start 00001060 end 00001a85 length  2597 section .debug
start 000000b1 end 0000012f length   126 section .info.
start 000081ae end 000081e7 length    57 section .text
start 000081e7 end 00008215 length    46 section .text
start ******** end ******** length     0 section .text *** removed ***

Debug\gpio_config.o:
start ******** end ******** length     0 section .bsct *** removed ***
start 00001a85 end 00002042 length  1469 section .debug
start 0000012f end 000001b3 length   132 section .info.
start 00008215 end 0000821a length     5 section .text

Debug\gpio.o:
start ******** end ******** length     0 section .bsct *** removed ***
start 00002042 end 000026bb length  1657 section .debug
start 000001b3 end 00000230 length   125 section .info.
start 0000821a end 00008226 length    12 section .text
start 00008226 end 00008235 length    15 section .text
start 00008235 end 0000824f length    26 section .text

Debug\timer.o:
start ******** end ******** length     0 section .bsct *** removed ***
start 000026bb end 00002a70 length   949 section .debug
start 00000230 end 000002ae length   126 section .info.
start 0000824f end 00008286 length    55 section .text
start 00008286 end 0000829a length    20 section .text

Debug\timeout.o:
start ******** end ******** length     0 section .bsct *** removed ***
start 00002a70 end 00003077 length  1543 section .debug
start 000002ae end 0000032e length   128 section .info.
start 0000829a end 000082b2 length    24 section .text
start 000082b2 end 000082d3 length    33 section .text
start 000082d3 end 000082f9 length    38 section .text
start ******** end ******** length     0 section .text *** removed ***

Debug\dht11.o:
start ******** end ******** length     0 section .bsct *** removed ***
start 00003077 end 00004005 length  3982 section .debug
start 0000032e end 000003ac length   126 section .info.
start 00008080 end 0000808f length    15 section .const
start 000082f9 end 00008325 length    44 section .text
start 00008325 end 000086a7 length   898 section .text

Debug\hx711.o:
start ******** end ******** length     0 section .bsct *** removed ***
start 00004005 end 00004f53 length  3918 section .debug
start 000003ac end 0000042a length   126 section .info.
start ******** end ******** length     0 section .const *** removed ***
start 000086a7 end 00008725 length   126 section .text
start 00008725 end 0000894e length   553 section .text
start 0000894e end 00008b55 length   519 section .text

Debug\stm8s_uart1.o:
start ******** end ******** length     0 section .bsct *** removed ***
start 00004f53 end 0000639c length  5193 section .debug
start 0000042a end 000004ae length   132 section .info.
start ******** end ******** length     0 section .text *** removed ***
start ******** end ******** length     0 section .const *** removed ***
start ******** end ******** length     0 section .text *** removed ***
start ******** end ******** length     0 section .text *** removed ***
start ******** end ******** length     0 section .text *** removed ***
start ******** end ******** length     0 section .text *** removed ***
start ******** end ******** length     0 section .text *** removed ***
start ******** end ******** length     0 section .text *** removed ***
start ******** end ******** length     0 section .text *** removed ***
start ******** end ******** length     0 section .text *** removed ***
start ******** end ******** length     0 section .text *** removed ***
start ******** end ******** length     0 section .text *** removed ***
start ******** end ******** length     0 section .text *** removed ***
start ******** end ******** length     0 section .text *** removed ***
start ******** end ******** length     0 section .text *** removed ***
start ******** end ******** length     0 section .text *** removed ***
start ******** end ******** length     0 section .text *** removed ***
start ******** end ******** length     0 section .text *** removed ***
start ******** end ******** length     0 section .text *** removed ***
start ******** end ******** length     0 section .text *** removed ***
start ******** end ******** length     0 section .text *** removed ***
start ******** end ******** length     0 section .text *** removed ***
start ******** end ******** length     0 section .text *** removed ***
start ******** end ******** length     0 section .text *** removed ***
start ******** end ******** length     0 section .text *** removed ***
start ******** end ******** length     0 section .text *** removed ***

Debug\stm8s_tim1.o:
start ******** end ******** length     0 section .bsct *** removed ***
start 0000639c end 0000a383 length 16359 section .debug
start 000004ae end 00000531 length   131 section .info.
start ******** end ******** length     0 section .text *** removed ***
start 00008b55 end 00008b77 length    34 section .text
start ******** end ******** length     0 section .text *** removed ***
start ******** end ******** length     0 section .text *** removed ***
start ******** end ******** length     0 section .text *** removed ***
start ******** end ******** length     0 section .text *** removed ***
start ******** end ******** length     0 section .text *** removed ***
start ******** end ******** length     0 section .text *** removed ***
start ******** end ******** length     0 section .text *** removed ***
start 00008b77 end 00008b84 length    13 section .text
start ******** end ******** length     0 section .text *** removed ***
start 00008b84 end 00008b9a length    22 section .text
start ******** end ******** length     0 section .text *** removed ***
start ******** end ******** length     0 section .text *** removed ***
start ******** end ******** length     0 section .text *** removed ***
start ******** end ******** length     0 section .text *** removed ***
start ******** end ******** length     0 section .text *** removed ***
start ******** end ******** length     0 section .text *** removed ***
start ******** end ******** length     0 section .text *** removed ***
start ******** end ******** length     0 section .text *** removed ***
start ******** end ******** length     0 section .text *** removed ***
start ******** end ******** length     0 section .text *** removed ***
start ******** end ******** length     0 section .text *** removed ***
start ******** end ******** length     0 section .text *** removed ***
start ******** end ******** length     0 section .text *** removed ***
start ******** end ******** length     0 section .text *** removed ***
start ******** end ******** length     0 section .text *** removed ***
start ******** end ******** length     0 section .text *** removed ***
start ******** end ******** length     0 section .text *** removed ***
start ******** end ******** length     0 section .text *** removed ***
start ******** end ******** length     0 section .text *** removed ***
start ******** end ******** length     0 section .text *** removed ***
start ******** end ******** length     0 section .text *** removed ***
start ******** end ******** length     0 section .text *** removed ***
start ******** end ******** length     0 section .text *** removed ***
start ******** end ******** length     0 section .text *** removed ***
start ******** end ******** length     0 section .text *** removed ***
start ******** end ******** length     0 section .text *** removed ***
start ******** end ******** length     0 section .text *** removed ***
start ******** end ******** length     0 section .text *** removed ***
start ******** end ******** length     0 section .text *** removed ***
start ******** end ******** length     0 section .text *** removed ***
start ******** end ******** length     0 section .text *** removed ***
start ******** end ******** length     0 section .text *** removed ***
start ******** end ******** length     0 section .text *** removed ***
start ******** end ******** length     0 section .text *** removed ***
start ******** end ******** length     0 section .text *** removed ***
start ******** end ******** length     0 section .text *** removed ***
start ******** end ******** length     0 section .text *** removed ***
start ******** end ******** length     0 section .text *** removed ***
start ******** end ******** length     0 section .text *** removed ***
start ******** end ******** length     0 section .text *** removed ***
start ******** end ******** length     0 section .text *** removed ***
start ******** end ******** length     0 section .text *** removed ***
start ******** end ******** length     0 section .text *** removed ***
start ******** end ******** length     0 section .text *** removed ***
start ******** end ******** length     0 section .text *** removed ***
start ******** end ******** length     0 section .text *** removed ***
start ******** end ******** length     0 section .text *** removed ***
start ******** end ******** length     0 section .text *** removed ***
start ******** end ******** length     0 section .text *** removed ***
start ******** end ******** length     0 section .text *** removed ***
start ******** end ******** length     0 section .text *** removed ***
start ******** end ******** length     0 section .text *** removed ***
start ******** end ******** length     0 section .text *** removed ***
start ******** end ******** length     0 section .text *** removed ***
start ******** end ******** length     0 section .text *** removed ***
start ******** end ******** length     0 section .text *** removed ***
start ******** end ******** length     0 section .text *** removed ***
start ******** end ******** length     0 section .text *** removed ***
start ******** end ******** length     0 section .text *** removed ***
start 00008b9a end 00008baa length    16 section .text
start ******** end ******** length     0 section .text *** removed ***
start 00008baa end 00008baf length     5 section .text
start ******** end ******** length     0 section .text *** removed ***
start ******** end ******** length     0 section .text *** removed ***
start ******** end ******** length     0 section .text *** removed ***
start ******** end ******** length     0 section .text *** removed ***

Debug\stm8s_rst.o:
start ******** end ******** length     0 section .bsct *** removed ***
start 0000a383 end 0000a60f length   652 section .debug
start 00000531 end 000005b3 length   130 section .info.
start ******** end ******** length     0 section .text *** removed ***
start ******** end ******** length     0 section .text *** removed ***

Debug\stm8s_itc.o:
start 00000000 end 00000001 length     1 section .bsct
start 0000a60f end 0000ad50 length  1857 section .debug
start 000005b3 end 00000635 length   130 section .info.
start 00008baf end 00008bdb length    44 section .text
start 00008bdb end 00008bde length     3 section .text
start 00008bde end 00008be1 length     3 section .text
start ******** end ******** length     0 section .text *** removed ***
start ******** end ******** length     0 section .text *** removed ***
start ******** end ******** length     0 section .text *** removed ***
start ******** end ******** length     0 section .const *** removed ***
start ******** end ******** length     0 section .text *** removed ***
start ******** end ******** length     0 section .text *** removed ***

Debug\stm8s_gpio.o:
start ******** end ******** length     0 section .bsct *** removed ***
start 0000ad50 end 0000b7b7 length  2663 section .debug
start 00000635 end 000006b8 length   131 section .info.
start 00008be1 end 00008be9 length     8 section .text
start 00008be9 end 00008c3a length    81 section .text
start ******** end ******** length     0 section .text *** removed ***
start 00008c3a end 00008c3f length     5 section .text
start 00008c3f end 00008c45 length     6 section .text
start ******** end ******** length     0 section .text *** removed ***
start ******** end ******** length     0 section .text *** removed ***
start ******** end ******** length     0 section .text *** removed ***
start 00008c45 end 00008c4a length     5 section .text
start ******** end ******** length     0 section .text *** removed ***

Debug\stm8s_flash.o:
start ******** end ******** length     0 section .bsct *** removed ***
start 0000b7b7 end 0000c5f3 length  3644 section .debug
start 000006b8 end 0000073c length   132 section .info.
start ******** end ******** length     0 section .text *** removed ***
start ******** end ******** length     0 section .text *** removed ***
start ******** end ******** length     0 section .text *** removed ***
start ******** end ******** length     0 section .text *** removed ***
start ******** end ******** length     0 section .text *** removed ***
start ******** end ******** length     0 section .text *** removed ***
start ******** end ******** length     0 section .text *** removed ***
start ******** end ******** length     0 section .text *** removed ***
start ******** end ******** length     0 section .text *** removed ***
start ******** end ******** length     0 section .text *** removed ***
start ******** end ******** length     0 section .text *** removed ***
start ******** end ******** length     0 section .text *** removed ***
start ******** end ******** length     0 section .text *** removed ***
start ******** end ******** length     0 section .text *** removed ***
start ******** end ******** length     0 section .text *** removed ***
start ******** end ******** length     0 section .text *** removed ***
start ******** end ******** length     0 section .text *** removed ***
start ******** end ******** length     0 section .text *** removed ***
start ******** end ******** length     0 section .text *** removed ***
start ******** end ******** length     0 section .text *** removed ***

Debug\stm8s_clk.o:
start ******** end ******** length     0 section .bsct *** removed ***
start 0000c5f3 end 0000dcbf length  5836 section .debug
start 0000073c end 000007be length   130 section .info.
start ******** end ******** length     0 section .const *** removed ***
start 00008c4a end 00008c80 length    54 section .text
start ******** end ******** length     0 section .text *** removed ***
start 00008c80 end 00008c8d length    13 section .text
start 00008c8d end 00008c9a length    13 section .text
start 00008c9a end 00008ca7 length    13 section .text
start ******** end ******** length     0 section .text *** removed ***
start 00008ca7 end 00008cb4 length    13 section .text
start ******** end ******** length     0 section .text *** removed ***
start 00008cb4 end 00008d1a length   102 section .text
start 00008d1a end 00008dbb length   161 section .text
start 00008dbb end 00008dce length    19 section .text
start ******** end ******** length     0 section .text *** removed ***
start ******** end ******** length     0 section .text *** removed ***
start 00008dce end 00008df5 length    39 section .text
start ******** end ******** length     0 section .text *** removed ***
start ******** end ******** length     0 section .text *** removed ***
start ******** end ******** length     0 section .text *** removed ***
start ******** end ******** length     0 section .text *** removed ***
start ******** end ******** length     0 section .text *** removed ***
start ******** end ******** length     0 section .text *** removed ***
start 00008df5 end 00008e38 length    67 section .text
start ******** end ******** length     0 section .text *** removed ***
start ******** end ******** length     0 section .text *** removed ***

(D:\Programas\CosmicC\CXSTM8\lib\libm0.sm8)cmulx.o:
start ******** end ******** length     0 section .text *** removed ***
start 000007be end 000007ee length    48 section .info.

(D:\Programas\CosmicC\CXSTM8\lib\libm0.sm8)ladd.o:
start ******** end ******** length     0 section .text *** removed ***
start 000007ee end 0000081d length    47 section .info.

(D:\Programas\CosmicC\CXSTM8\lib\libm0.sm8)lcmp.o:
start 00008e38 end 00008e58 length    32 section .text
start 0000081d end 0000084c length    47 section .info.

(D:\Programas\CosmicC\CXSTM8\lib\libm0.sm8)lgadd.o:
start 00008e58 end 00008e6f length    23 section .text
start 0000084c end 0000087c length    48 section .info.

(D:\Programas\CosmicC\CXSTM8\lib\libm0.sm8)lgor.o:
start 00008e6f end 00008e86 length    23 section .text
start 0000087c end 000008ab length    47 section .info.

(D:\Programas\CosmicC\CXSTM8\lib\libm0.sm8)llsh.o:
start ******** end ******** length     0 section .text *** removed ***
start 000008ab end 000008da length    47 section .info.

(D:\Programas\CosmicC\CXSTM8\lib\libm0.sm8)lreg.o:
start 0000003a end 0000003e length     4 section .ubsct
start 000008da end 00000909 length    47 section .info.

(D:\Programas\CosmicC\CXSTM8\lib\libm0.sm8)lsub.o:
start 00008e86 end 00008e9e length    24 section .text
start 00000909 end 00000938 length    47 section .info.

(D:\Programas\CosmicC\CXSTM8\lib\libm0.sm8)ltor.o:
start 00008e9e end 00008eb0 length    18 section .text
start 00000938 end 00000967 length    47 section .info.

(D:\Programas\CosmicC\CXSTM8\lib\libm0.sm8)ludiv.o:
start 00008eb0 end 00008ec4 length    20 section .text
start 00000967 end 00000997 length    48 section .info.

(D:\Programas\CosmicC\CXSTM8\lib\libm0.sm8)ldiv.o:
start 00008ec4 end 00008faf length   235 section .text
start 00000997 end 000009c6 length    47 section .info.

(D:\Programas\CosmicC\CXSTM8\lib\libm0.sm8)lgneg.o:
start 00008faf end 00008fc2 length    19 section .text
start 000009c6 end 000009f6 length    48 section .info.

(D:\Programas\CosmicC\CXSTM8\lib\libm0.sm8)lneg.o:
start 00008fc2 end 00008fd7 length    21 section .text
start 000009f6 end 00000a25 length    47 section .info.

(D:\Programas\CosmicC\CXSTM8\lib\libm0.sm8)lursh.o:
start 00008fd7 end 00008fe6 length    15 section .text
start 00000a25 end 00000a55 length    48 section .info.

(D:\Programas\CosmicC\CXSTM8\lib\libm0.sm8)rtol.o:
start 00008fe6 end 00008ff8 length    18 section .text
start 00000a55 end 00000a84 length    47 section .info.

(D:\Programas\CosmicC\CXSTM8\lib\libm0.sm8)smul.o:
start ******** end ******** length     0 section .text *** removed ***
start 00000a84 end 00000ab3 length    47 section .info.

(D:\Programas\CosmicC\CXSTM8\lib\libm0.sm8)utolx.o:
start 00008ff8 end 00008fff length     7 section .text
start 00000ab3 end 00000ae3 length    48 section .info.

(D:\Programas\CosmicC\CXSTM8\lib\libm0.sm8)umul.o:
start ******** end ******** length     0 section .text *** removed ***
start 00000ae3 end 00000b12 length    47 section .info.

(D:\Programas\CosmicC\CXSTM8\lib\libm0.sm8)xreg.o:
start 0000003e end 00000041 length     3 section .ubsct
start 00000b12 end 00000b41 length    47 section .info.

(D:\Programas\CosmicC\CXSTM8\lib\libm0.sm8)xymov.o:
start 00008fff end 0000903e length    63 section .text
start 00000b41 end 00000b71 length    48 section .info.

(D:\Programas\CosmicC\CXSTM8\lib\libm0.sm8)yreg.o:
start 00000041 end 00000044 length     3 section .ubsct
start 00000b71 end 00000ba0 length    47 section .info.

Debug\stm8_interrupt_vector.o:
start ******** end ******** length     0 section .bsct *** removed ***
start 0000dcbf end 0000de87 length   456 section .debug
start 00000ba0 end 00000c2e length   142 section .info.
start 0000903e end 0000903f length     1 section .text
start 00008000 end 00008080 length   128 section .const


                             -----------
                             Stack usage
                             -----------

Debug\clock.o:
_Clock_HSI_Init                 14   (4)
_DisableAllPeripherals           6   (2)

Debug\dht11.o:
_DHT11_Init                     18   (8)
_dht11_Lectura                  82   (25) *** Recursive *** *** pointer() ***

Debug\gpio.o:
_NHALgpio_Init                   8   (2)
_NHALgpio_Read                   7   (2)
_NHALgpio_Write                 10   (5)

Debug\gpio_config.o:
_NHALgpioConfig_SetType          5   (5)

Debug\hx711.o:
_HX711_Init                     22   (12)
_hx711_Lectura                  97   (15) *** Recursive *** *** pointer() ***
_hx711_Tarar                   117   (20) *** Recursive *** *** pointer() ***

Debug\main.o:
_main                       >  126   (9) *** Recursive *** *** pointer() ***

Debug\stm8_interrupt_vector.o:
f_NonHandledInterrupt       >    6   (6)

Debug\stm8s_clk.o:
_CLK_ClockSwitchCmd              2   (2)
_CLK_ClockSwitchConfig          10   (10)
_CLK_DeInit                      2   (2)
_CLK_GetFlagStatus               7   (7)
_CLK_HSECmd                      2   (2)
_CLK_HSICmd                      2   (2)
_CLK_HSIPrescalerConfig          3   (3)
_CLK_LSICmd                      2   (2)
_CLK_PeripheralClockConfig       4   (4)
_CLK_SYSCLKConfig                3   (3)

Debug\stm8s_gpio.o:
_GPIO_DeInit                     2   (2)
_GPIO_Init                       6   (6)
_GPIO_ReadInputPin               5   (5)
_GPIO_WriteHigh                  5   (5)
_GPIO_WriteLow                   5   (5)

Debug\stm8s_itc.o:
_getFlagTimer1                   2   (2)
_setFlagTimer1                   2   (2)
f_TIM1_OV_IRQHandler        >   16   (12)

Debug\stm8s_tim1.o:
_TIM1_ClearFlag                  4   (4)
_TIM1_ClearITPendingBit          2   (2)
_TIM1_Cmd                        2   (2)
_TIM1_ITConfig                   4   (4)
_TIM1_TimeBaseInit               8   (8)

Debug\timeout.o:
_Timeout_Init                   10   (10)
_Timeout_Start                  18   (6)
_Timeout_Stop                  121   (4) *** Recursive *** *** pointer() ***

Debug\timer.o:
_Timer_Config_Init              10   (10)
_Timer_Init                     12   (4)

Stack size: 142


                              ---------
                              Call tree
                              ---------
   1 > __stext: (0)

   2 > _main: (9)
   3      + _Clock_HSI_Init: (4)
   4      |    + _CLK_ClockSwitchCmd: (2)
   5      |    + _CLK_ClockSwitchConfig: (10)
   6      |    + _CLK_DeInit: (2)
   7      |    + _CLK_GetFlagStatus: (7)
   8      |    + _CLK_HSECmd: (2)
   9      |    + _CLK_HSICmd: (2)
  10      |    + _CLK_HSIPrescalerConfig: (3)
  11      |    + _CLK_LSICmd: (2)
  12      |    + _CLK_SYSCLKConfig: (3)
  13      |    + _DisableAllPeripherals: (2)
  14      |    |    + _CLK_PeripheralClockConfig: (4)
          |    | 
          | 
  15      + _DHT11_Init: (8)
  16      |    + _NHALgpioConfig_SetType: (5)
  17      |    + _NHALgpio_Init: (2)
  18      |    |    + _GPIO_Init: (6)
          |    | 
  19      |    + _NHALgpio_Write: (5)
  20      |    |    + _GPIO_WriteHigh: (5)
  21      |    |    + _GPIO_WriteLow: (5)
          |    | 
          | 
  22      + _GPIO_DeInit: (2)
  23      + _HX711_Init: (12)
  24      |    + _NHALgpioConfig_SetType --> 16
  25      |    + _NHALgpio_Init --> 17
  26      |    + _NHALgpio_Write --> 19
          | 
  27      + _Timeout_Init: (10)
  28      + _Timer_Config_Init: (10)
  29      + (_dht11_Lectura) ...
  30      + (_getFlagTimer1) ...
  31      + (_hx711_Lectura) ...
  32      + (_hx711_Tarar) ...
  33      + (_setFlagTimer1) ...
       
  34 > f_NonHandledInterrupt: (6)

  35 > f_TIM1_OV_IRQHandler: (12)
  36      + _TIM1_ClearFlag: (4)
  37      + _TIM1_ClearITPendingBit: (2)
       
  38   _CLK_ClockSwitchCmd --> 4

  39   _CLK_ClockSwitchConfig --> 5

  40   _CLK_DeInit --> 6

  41   _CLK_GetFlagStatus --> 7

  42   _CLK_HSECmd --> 8

  43   _CLK_HSICmd --> 9

  44   _CLK_HSIPrescalerConfig --> 10

  45   _CLK_LSICmd --> 11

  46   _CLK_PeripheralClockConfig --> 14

  47   _CLK_SYSCLKConfig --> 12

  48   _Clock_HSI_Init --> 3

  49   _DHT11_Init --> 15

  50   _DisableAllPeripherals --> 13

  51   _GPIO_DeInit --> 22

  52   _GPIO_Init --> 18

  53   _GPIO_ReadInputPin: (5)

  54   _GPIO_WriteHigh --> 20

  55   _GPIO_WriteLow --> 21

  56   _HX711_Init --> 23

  57   _NHALgpioConfig_SetType --> 16

  58   _NHALgpio_Init --> 17

  59   _NHALgpio_Read: (2)
  60      + _GPIO_ReadInputPin --> 53
       
  61   _NHALgpio_Write --> 19

  62   _TIM1_ClearFlag --> 36

  63   _TIM1_ClearITPendingBit --> 37

  64   _TIM1_Cmd: (2)

  65   _TIM1_ITConfig: (4)

  66   _TIM1_TimeBaseInit: (8)

  67   _Timeout_Init --> 27

  68   _Timeout_Start: (6)
  69      + _Timer_Init: (4)
  70      |    + _TIM1_Cmd --> 64
  71      |    + _TIM1_ITConfig --> 65
  72      |    + _TIM1_TimeBaseInit --> 66
          | 
       
  73   _Timeout_Stop: (4)
  74      + _TIM1_ClearFlag --> 36
  75      + _TIM1_ClearITPendingBit --> 37
  76      + _TIM1_Cmd --> 64
  77      + _TIM1_ITConfig --> 65
  78      + (_dht11_Lectura) ...
  79      + (_getFlagTimer1) ...
  80      + (_hx711_Lectura) ...
  81      + (_hx711_Tarar) ...
  82      + (_setFlagTimer1) ...
       
  83   _Timer_Config_Init --> 28

  84   _Timer_Init --> 69

  85   _dht11_Lectura: (25)
  86      + _NHALgpioConfig_SetType --> 16
  87      + _NHALgpio_Init --> 17
  88      + _NHALgpio_Read --> 59
  89      + _NHALgpio_Write --> 19
  90      + _Timeout_Start --> 68
  91      + _Timeout_Stop --> 73
  92      + (_dht11_Lectura) --> 85
  93      + (_getFlagTimer1) ...
  94      + (_hx711_Lectura) ...
  95      + (_hx711_Tarar) ...
  96      + (_setFlagTimer1) ...
       
  97   _getFlagTimer1: (2)

  98   _hx711_Lectura: (15)
  99      + _NHALgpio_Read --> 59
 100      + _NHALgpio_Write --> 19
 101      + _Timeout_Start --> 68
 102      + _Timeout_Stop --> 73
 103      + (_dht11_Lectura) --> 85
 104      + (_getFlagTimer1) --> 97
 105      + (_hx711_Lectura) --> 98
 106      + (_hx711_Tarar) ...
 107      + (_setFlagTimer1) ...
       
 108   _hx711_Tarar: (20)
 109      + _NHALgpio_Read --> 59
 110      + _NHALgpio_Write --> 19
 111      + _Timeout_Start --> 68
 112      + _Timeout_Stop --> 73
 113      + (_dht11_Lectura) --> 85
 114      + (_getFlagTimer1) --> 97
 115      + (_hx711_Lectura) --> 98
 116      + (_hx711_Tarar) --> 108
 117      + (_setFlagTimer1) ...
       
 118   _setFlagTimer1: (2)



                               -------
                               Symbols
                               -------

_CLKPrescTable                   ********   *** removed from Debug\stm8s_clk.o ***
_CLK_AdjustHSICalibrationValue   ********   *** removed from Debug\stm8s_clk.o ***
_CLK_CCOCmd                      ********   *** removed from Debug\stm8s_clk.o ***
_CLK_CCOConfig                   ********   *** removed from Debug\stm8s_clk.o ***
_CLK_ClearITPendingBit           ********   *** removed from Debug\stm8s_clk.o ***
_CLK_ClockSecuritySystemEnable   ********   *** removed from Debug\stm8s_clk.o ***
_CLK_ClockSwitchCmd              00008ca7   defined in Debug\stm8s_clk.o section .text
                                            used in Debug\clock.o
_CLK_ClockSwitchConfig           00008d1a   defined in Debug\stm8s_clk.o section .text
                                            used in Debug\clock.o
_CLK_DeInit                      00008c4a   defined in Debug\stm8s_clk.o section .text
                                            used in Debug\clock.o
_CLK_FastHaltWakeUpCmd           ********   *** removed from Debug\stm8s_clk.o ***
_CLK_GetClockFreq                ********   *** removed from Debug\stm8s_clk.o ***
_CLK_GetFlagStatus               00008df5   defined in Debug\stm8s_clk.o section .text
                                            used in Debug\clock.o
_CLK_GetITStatus                 ********   *** removed from Debug\stm8s_clk.o ***
_CLK_GetSYSCLKSource             ********   *** removed from Debug\stm8s_clk.o ***
_CLK_HSECmd                      00008c80   defined in Debug\stm8s_clk.o section .text
                                            used in Debug\clock.o
_CLK_HSICmd                      00008c8d   defined in Debug\stm8s_clk.o section .text
                                            used in Debug\clock.o
_CLK_HSIPrescalerConfig          00008dbb   defined in Debug\stm8s_clk.o section .text
                                            used in Debug\clock.o
_CLK_ITConfig                    ********   *** removed from Debug\stm8s_clk.o ***
_CLK_LSICmd                      00008c9a   defined in Debug\stm8s_clk.o section .text
                                            used in Debug\clock.o
_CLK_PeripheralClockConfig       00008cb4   defined in Debug\stm8s_clk.o section .text
                                            used in Debug\clock.o
_CLK_SWIMConfig                  ********   *** removed from Debug\stm8s_clk.o ***
_CLK_SYSCLKConfig                00008dce   defined in Debug\stm8s_clk.o section .text
                                            used in Debug\clock.o
_CLK_SYSCLKEmergencyClear        ********   *** removed from Debug\stm8s_clk.o ***
_CLK_SlowActiveHaltWakeUpCmd     ********   *** removed from Debug\stm8s_clk.o ***
_Clock_HSI_Init                  000081ae   defined in Debug\clock.o section .text
                                            used in Debug\main.o
_DHT11_Init                      000082f9   defined in Debug\dht11.o section .text
                                            used in Debug\main.o
_DisableAllPeripherals           000081e7   defined in Debug\clock.o section .text
_EnableClockMirror               ********   *** removed from Debug\clock.o ***
_FLASH_DeInit                    ********   *** removed from Debug\stm8s_flash.o ***
_FLASH_EraseBlock                ********   *** removed from Debug\stm8s_flash.o ***
_FLASH_EraseByte                 ********   *** removed from Debug\stm8s_flash.o ***
_FLASH_EraseOptionByte           ********   *** removed from Debug\stm8s_flash.o ***
_FLASH_GetBootSize               ********   *** removed from Debug\stm8s_flash.o ***
_FLASH_GetFlagStatus             ********   *** removed from Debug\stm8s_flash.o ***
_FLASH_GetLowPowerMode           ********   *** removed from Debug\stm8s_flash.o ***
_FLASH_GetProgrammingTime        ********   *** removed from Debug\stm8s_flash.o ***
_FLASH_ITConfig                  ********   *** removed from Debug\stm8s_flash.o ***
_FLASH_Lock                      ********   *** removed from Debug\stm8s_flash.o ***
_FLASH_ProgramBlock              ********   *** removed from Debug\stm8s_flash.o ***
_FLASH_ProgramByte               ********   *** removed from Debug\stm8s_flash.o ***
_FLASH_ProgramOptionByte         ********   *** removed from Debug\stm8s_flash.o ***
_FLASH_ProgramWord               ********   *** removed from Debug\stm8s_flash.o ***
_FLASH_ReadByte                  ********   *** removed from Debug\stm8s_flash.o ***
_FLASH_ReadOptionByte            ********   *** removed from Debug\stm8s_flash.o ***
_FLASH_SetLowPowerMode           ********   *** removed from Debug\stm8s_flash.o ***
_FLASH_SetProgrammingTime        ********   *** removed from Debug\stm8s_flash.o ***
_FLASH_Unlock                    ********   *** removed from Debug\stm8s_flash.o ***
_FLASH_WaitForLastOperation      ********   *** removed from Debug\stm8s_flash.o ***
_GPIO_DeInit                     00008be1   defined in Debug\stm8s_gpio.o section .text
                                            used in Debug\main.o
_GPIO_ExternalPullUpConfig       ********   *** removed from Debug\stm8s_gpio.o ***
_GPIO_Init                       00008be9   defined in Debug\stm8s_gpio.o section .text
                                            used in Debug\gpio.o
_GPIO_ReadInputData              ********   *** removed from Debug\stm8s_gpio.o ***
_GPIO_ReadInputPin               00008c45   defined in Debug\stm8s_gpio.o section .text
                                            used in Debug\gpio.o
_GPIO_ReadOutputData             ********   *** removed from Debug\stm8s_gpio.o ***
_GPIO_Write                      ********   *** removed from Debug\stm8s_gpio.o ***
_GPIO_WriteHigh                  00008c3a   defined in Debug\stm8s_gpio.o section .text
                                            used in Debug\gpio.o
_GPIO_WriteLow                   00008c3f   defined in Debug\stm8s_gpio.o section .text
                                            used in Debug\gpio.o
_GPIO_WriteReverse               ********   *** removed from Debug\stm8s_gpio.o ***
_HSIDivFactor                    ********   *** removed from Debug\stm8s_clk.o ***
_HX711_Init                      000086a7   defined in Debug\hx711.o section .text
                                            used in Debug\main.o
_ITC_DeInit                      ********   *** removed from Debug\stm8s_itc.o ***
_ITC_GetCPUCC                    ********   *** removed from Debug\stm8s_itc.o ***
_ITC_GetSoftIntStatus            ********   *** removed from Debug\stm8s_itc.o ***
_ITC_GetSoftwarePriority         ********   *** removed from Debug\stm8s_itc.o ***
_ITC_SetSoftwarePriority         ********   *** removed from Debug\stm8s_itc.o ***
_NHALgpioConfig_SetType          00008215   defined in Debug\gpio_config.o section .text
                                            used in Debug\clock.o Debug\dht11.o
                                                    Debug\hx711.o
_NHALgpio_Init                   0000821a   defined in Debug\gpio.o section .text
                                            used in Debug\clock.o Debug\dht11.o
                                                    Debug\hx711.o
_NHALgpio_Read                   00008226   defined in Debug\gpio.o section .text
                                            used in Debug\dht11.o Debug\hx711.o
_NHALgpio_Write                  00008235   defined in Debug\gpio.o section .text
                                            used in Debug\dht11.o Debug\hx711.o
_RST_ClearFlag                   ********   *** removed from Debug\stm8s_rst.o ***
_RST_GetFlagStatus               ********   *** removed from Debug\stm8s_rst.o ***
_SensorPesaje                    00000010   defined in Debug\main.o section .ubsct
_SensorTempHum                   0000002c   defined in Debug\main.o section .ubsct
_TIM1_ARRPreloadConfig           ********   *** removed from Debug\stm8s_tim1.o ***
_TIM1_BDTRConfig                 ********   *** removed from Debug\stm8s_tim1.o ***
_TIM1_CCPreloadControl           ********   *** removed from Debug\stm8s_tim1.o ***
_TIM1_CCxCmd                     ********   *** removed from Debug\stm8s_tim1.o ***
_TIM1_CCxNCmd                    ********   *** removed from Debug\stm8s_tim1.o ***
_TIM1_ClearFlag                  00008b9a   defined in Debug\stm8s_tim1.o section .text
                                            used in Debug\timeout.o
                                                    Debug\stm8s_itc.o
_TIM1_ClearITPendingBit          00008baa   defined in Debug\stm8s_tim1.o section .text
                                            used in Debug\timeout.o
                                                    Debug\stm8s_itc.o
_TIM1_Cmd                        00008b77   defined in Debug\stm8s_tim1.o section .text
                                            used in Debug\timer.o Debug\timeout.o
_TIM1_CounterModeConfig          ********   *** removed from Debug\stm8s_tim1.o ***
_TIM1_CtrlPWMOutputs             ********   *** removed from Debug\stm8s_tim1.o ***
_TIM1_DeInit                     ********   *** removed from Debug\stm8s_tim1.o ***
_TIM1_ETRClockMode1Config        ********   *** removed from Debug\stm8s_tim1.o ***
_TIM1_ETRClockMode2Config        ********   *** removed from Debug\stm8s_tim1.o ***
_TIM1_ETRConfig                  ********   *** removed from Debug\stm8s_tim1.o ***
_TIM1_EncoderInterfaceConfig     ********   *** removed from Debug\stm8s_tim1.o ***
_TIM1_ForcedOC1Config            ********   *** removed from Debug\stm8s_tim1.o ***
_TIM1_ForcedOC2Config            ********   *** removed from Debug\stm8s_tim1.o ***
_TIM1_ForcedOC3Config            ********   *** removed from Debug\stm8s_tim1.o ***
_TIM1_ForcedOC4Config            ********   *** removed from Debug\stm8s_tim1.o ***
_TIM1_GenerateEvent              ********   *** removed from Debug\stm8s_tim1.o ***
_TIM1_GetCapture1                ********   *** removed from Debug\stm8s_tim1.o ***
_TIM1_GetCapture2                ********   *** removed from Debug\stm8s_tim1.o ***
_TIM1_GetCapture3                ********   *** removed from Debug\stm8s_tim1.o ***
_TIM1_GetCapture4                ********   *** removed from Debug\stm8s_tim1.o ***
_TIM1_GetCounter                 ********   *** removed from Debug\stm8s_tim1.o ***
_TIM1_GetFlagStatus              ********   *** removed from Debug\stm8s_tim1.o ***
_TIM1_GetITStatus                ********   *** removed from Debug\stm8s_tim1.o ***
_TIM1_GetPrescaler               ********   *** removed from Debug\stm8s_tim1.o ***
_TIM1_ICInit                     ********   *** removed from Debug\stm8s_tim1.o ***
_TIM1_ITConfig                   00008b84   defined in Debug\stm8s_tim1.o section .text
                                            used in Debug\timer.o Debug\timeout.o
_TIM1_InternalClockConfig        ********   *** removed from Debug\stm8s_tim1.o ***
_TIM1_OC1FastConfig              ********   *** removed from Debug\stm8s_tim1.o ***
_TIM1_OC1Init                    ********   *** removed from Debug\stm8s_tim1.o ***
_TIM1_OC1NPolarityConfig         ********   *** removed from Debug\stm8s_tim1.o ***
_TIM1_OC1PolarityConfig          ********   *** removed from Debug\stm8s_tim1.o ***
_TIM1_OC1PreloadConfig           ********   *** removed from Debug\stm8s_tim1.o ***
_TIM1_OC2FastConfig              ********   *** removed from Debug\stm8s_tim1.o ***
_TIM1_OC2Init                    ********   *** removed from Debug\stm8s_tim1.o ***
_TIM1_OC2NPolarityConfig         ********   *** removed from Debug\stm8s_tim1.o ***
_TIM1_OC2PolarityConfig          ********   *** removed from Debug\stm8s_tim1.o ***
_TIM1_OC2PreloadConfig           ********   *** removed from Debug\stm8s_tim1.o ***
_TIM1_OC3FastConfig              ********   *** removed from Debug\stm8s_tim1.o ***
_TIM1_OC3Init                    ********   *** removed from Debug\stm8s_tim1.o ***
_TIM1_OC3NPolarityConfig         ********   *** removed from Debug\stm8s_tim1.o ***
_TIM1_OC3PolarityConfig          ********   *** removed from Debug\stm8s_tim1.o ***
_TIM1_OC3PreloadConfig           ********   *** removed from Debug\stm8s_tim1.o ***
_TIM1_OC4FastConfig              ********   *** removed from Debug\stm8s_tim1.o ***
_TIM1_OC4Init                    ********   *** removed from Debug\stm8s_tim1.o ***
_TIM1_OC4PolarityConfig          ********   *** removed from Debug\stm8s_tim1.o ***
_TIM1_OC4PreloadConfig           ********   *** removed from Debug\stm8s_tim1.o ***
_TIM1_PWMIConfig                 ********   *** removed from Debug\stm8s_tim1.o ***
_TIM1_PrescalerConfig            ********   *** removed from Debug\stm8s_tim1.o ***
_TIM1_SelectCOM                  ********   *** removed from Debug\stm8s_tim1.o ***
_TIM1_SelectHallSensor           ********   *** removed from Debug\stm8s_tim1.o ***
_TIM1_SelectInputTrigger         ********   *** removed from Debug\stm8s_tim1.o ***
_TIM1_SelectMasterSlaveMode      ********   *** removed from Debug\stm8s_tim1.o ***
_TIM1_SelectOCxM                 ********   *** removed from Debug\stm8s_tim1.o ***
_TIM1_SelectOnePulseMode         ********   *** removed from Debug\stm8s_tim1.o ***
_TIM1_SelectOutputTrigger        ********   *** removed from Debug\stm8s_tim1.o ***
_TIM1_SelectSlaveMode            ********   *** removed from Debug\stm8s_tim1.o ***
_TIM1_SetAutoreload              ********   *** removed from Debug\stm8s_tim1.o ***
_TIM1_SetCompare1                ********   *** removed from Debug\stm8s_tim1.o ***
_TIM1_SetCompare2                ********   *** removed from Debug\stm8s_tim1.o ***
_TIM1_SetCompare3                ********   *** removed from Debug\stm8s_tim1.o ***
_TIM1_SetCompare4                ********   *** removed from Debug\stm8s_tim1.o ***
_TIM1_SetCounter                 ********   *** removed from Debug\stm8s_tim1.o ***
_TIM1_SetIC1Prescaler            ********   *** removed from Debug\stm8s_tim1.o ***
_TIM1_SetIC2Prescaler            ********   *** removed from Debug\stm8s_tim1.o ***
_TIM1_SetIC3Prescaler            ********   *** removed from Debug\stm8s_tim1.o ***
_TIM1_SetIC4Prescaler            ********   *** removed from Debug\stm8s_tim1.o ***
_TIM1_TIxExternalClockConfig     ********   *** removed from Debug\stm8s_tim1.o ***
_TIM1_TimeBaseInit               00008b55   defined in Debug\stm8s_tim1.o section .text
                                            used in Debug\timer.o
_TIM1_UpdateDisableConfig        ********   *** removed from Debug\stm8s_tim1.o ***
_TIM1_UpdateRequestConfig        ********   *** removed from Debug\stm8s_tim1.o ***
_Timeout                         00000001   defined in Debug\main.o section .ubsct
_Timeout_Check                   ********   *** removed from Debug\timeout.o ***
_Timeout_Init                    0000829a   defined in Debug\timeout.o section .text
                                            used in Debug\main.o
_Timeout_Start                   000082b2   defined in Debug\timeout.o section .text
                                            used in Debug\dht11.o Debug\hx711.o
_Timeout_Stop                    000082d3   defined in Debug\timeout.o section .text
                                            used in Debug\dht11.o Debug\hx711.o
_Timer_Config_Init               00008286   defined in Debug\timer.o section .text
                                            used in Debug\main.o
_Timer_Init                      0000824f   defined in Debug\timer.o section .text
                                            used in Debug\timeout.o
_UART1_ClearFlag                 ********   *** removed from Debug\stm8s_uart1.o ***
_UART1_ClearITPendingBit         ********   *** removed from Debug\stm8s_uart1.o ***
_UART1_Cmd                       ********   *** removed from Debug\stm8s_uart1.o ***
_UART1_DeInit                    ********   *** removed from Debug\stm8s_uart1.o ***
_UART1_GetFlagStatus             ********   *** removed from Debug\stm8s_uart1.o ***
_UART1_GetITStatus               ********   *** removed from Debug\stm8s_uart1.o ***
_UART1_HalfDuplexCmd             ********   *** removed from Debug\stm8s_uart1.o ***
_UART1_ITConfig                  ********   *** removed from Debug\stm8s_uart1.o ***
_UART1_Init                      ********   *** removed from Debug\stm8s_uart1.o ***
_UART1_IrDACmd                   ********   *** removed from Debug\stm8s_uart1.o ***
_UART1_IrDAConfig                ********   *** removed from Debug\stm8s_uart1.o ***
_UART1_LINBreakDetectionConfig   ********   *** removed from Debug\stm8s_uart1.o ***
_UART1_LINCmd                    ********   *** removed from Debug\stm8s_uart1.o ***
_UART1_ReceiveData8              ********   *** removed from Debug\stm8s_uart1.o ***
_UART1_ReceiveData9              ********   *** removed from Debug\stm8s_uart1.o ***
_UART1_ReceiverWakeUpCmd         ********   *** removed from Debug\stm8s_uart1.o ***
_UART1_SendBreak                 ********   *** removed from Debug\stm8s_uart1.o ***
_UART1_SendData8                 ********   *** removed from Debug\stm8s_uart1.o ***
_UART1_SendData9                 ********   *** removed from Debug\stm8s_uart1.o ***
_UART1_SetAddress                ********   *** removed from Debug\stm8s_uart1.o ***
_UART1_SetGuardTime              ********   *** removed from Debug\stm8s_uart1.o ***
_UART1_SetPrescaler              ********   *** removed from Debug\stm8s_uart1.o ***
_UART1_SmartCardCmd              ********   *** removed from Debug\stm8s_uart1.o ***
_UART1_SmartCardNACKCmd          ********   *** removed from Debug\stm8s_uart1.o ***
_UART1_WakeUpConfig              ********   *** removed from Debug\stm8s_uart1.o ***
__endmem                         000001ff   defined in command file
                                            *** not used ***
__endzp                          00000044   defined in command file section .ubsct
                                            used in D:\Programas\CosmicC\CXSTM8\lib\crtsi0.sm8
__idesc__                        0000808f   defined in linker section .init
                                            used in D:\Programas\CosmicC\CXSTM8\lib\crtsi0.sm8
__memory                         00000100   defined in command file section .bss
                                            used in D:\Programas\CosmicC\CXSTM8\lib\crtsi0.sm8
__stack                          000003ff   defined in command file
                                            used in D:\Programas\CosmicC\CXSTM8\lib\crtsi0.sm8
__startmem                       00000100   defined in command file section .bss
                                            *** not used ***
__stext                          00008098   defined in D:\Programas\CosmicC\CXSTM8\lib\crtsi0.sm8 section .text
                                            used in Debug\stm8_interrupt_vector.o
__vectab                         00008000   defined in Debug\stm8_interrupt_vector.o section .const
_dht11_Lectura                   00008325   defined in Debug\dht11.o section .text
                                            used in Debug\main.o
_exit                            000080e6   defined in D:\Programas\CosmicC\CXSTM8\lib\crtsi0.sm8 section .text
_getFlagTimer1                   00008bdb   defined in Debug\stm8s_itc.o section .text
                                            used in Debug\main.o
_hx711_Lectura                   00008725   defined in Debug\hx711.o section .text
                                            used in Debug\main.o
_hx711_Tarar                     0000894e   defined in Debug\hx711.o section .text
                                            used in Debug\main.o
_main                            000080e8   defined in Debug\main.o section .text
                                            used in D:\Programas\CosmicC\CXSTM8\lib\crtsi0.sm8
_setFlagTimer1                   00008bde   defined in Debug\stm8s_itc.o section .text
                                            used in Debug\main.o
_timer_Timeout                   0000000a   defined in Debug\main.o section .ubsct
c_cmulx                          ********   *** removed from (D:\Programas\CosmicC\CXSTM8\lib\libm0.sm8)cmulx.o ***
c_divsl                          00008ec4   defined in (D:\Programas\CosmicC\CXSTM8\lib\libm0.sm8)ldiv.o section .text
                                            *** not used ***
c_divul                          00008edb   defined in (D:\Programas\CosmicC\CXSTM8\lib\libm0.sm8)ldiv.o section .text
                                            used in (D:\Programas\CosmicC\CXSTM8\lib\libm0.sm8)ludiv.o
c_ladd                           ********   *** removed from (D:\Programas\CosmicC\CXSTM8\lib\libm0.sm8)ladd.o ***
c_lcmp                           00008e38   defined in (D:\Programas\CosmicC\CXSTM8\lib\libm0.sm8)lcmp.o section .text
                                            used in Debug\hx711.o
c_lgadd                          00008e58   defined in (D:\Programas\CosmicC\CXSTM8\lib\libm0.sm8)lgadd.o section .text
                                            used in Debug\hx711.o
                                                    Debug\stm8s_flash.o
c_lgneg                          00008faf   defined in (D:\Programas\CosmicC\CXSTM8\lib\libm0.sm8)lgneg.o section .text
                                            used in (D:\Programas\CosmicC\CXSTM8\lib\libm0.sm8)ldiv.o
c_lgor                           00008e6f   defined in (D:\Programas\CosmicC\CXSTM8\lib\libm0.sm8)lgor.o section .text
                                            used in Debug\hx711.o
c_llsh                           ********   *** removed from (D:\Programas\CosmicC\CXSTM8\lib\libm0.sm8)llsh.o ***
c_lneg                           00008fc2   defined in (D:\Programas\CosmicC\CXSTM8\lib\libm0.sm8)lneg.o section .text
                                            used in (D:\Programas\CosmicC\CXSTM8\lib\libm0.sm8)ldiv.o
c_lreg                           0000003a   defined in (D:\Programas\CosmicC\CXSTM8\lib\libm0.sm8)lreg.o section .ubsct
                                            used in Debug\hx711.o
                                                    Debug\stm8s_uart1.o
                                                    Debug\stm8s_flash.o
                                                    Debug\stm8s_clk.o
                                                    (D:\Programas\CosmicC\CXSTM8\lib\libm0.sm8)cmulx.o
                                                    (D:\Programas\CosmicC\CXSTM8\lib\libm0.sm8)ladd.o
                                                    (D:\Programas\CosmicC\CXSTM8\lib\libm0.sm8)lcmp.o
                                                    (D:\Programas\CosmicC\CXSTM8\lib\libm0.sm8)lgadd.o
                                                    (D:\Programas\CosmicC\CXSTM8\lib\libm0.sm8)lgor.o
                                                    (D:\Programas\CosmicC\CXSTM8\lib\libm0.sm8)llsh.o
                                                    (D:\Programas\CosmicC\CXSTM8\lib\libm0.sm8)lsub.o
                                                    (D:\Programas\CosmicC\CXSTM8\lib\libm0.sm8)ltor.o
                                                    (D:\Programas\CosmicC\CXSTM8\lib\libm0.sm8)ldiv.o
                                                    (D:\Programas\CosmicC\CXSTM8\lib\libm0.sm8)lneg.o
                                                    (D:\Programas\CosmicC\CXSTM8\lib\libm0.sm8)lursh.o
                                                    (D:\Programas\CosmicC\CXSTM8\lib\libm0.sm8)rtol.o
                                                    (D:\Programas\CosmicC\CXSTM8\lib\libm0.sm8)smul.o
                                                    (D:\Programas\CosmicC\CXSTM8\lib\libm0.sm8)utolx.o
                                                    (D:\Programas\CosmicC\CXSTM8\lib\libm0.sm8)umul.o
c_lsub                           00008e86   defined in (D:\Programas\CosmicC\CXSTM8\lib\libm0.sm8)lsub.o section .text
                                            used in Debug\hx711.o
                                                    Debug\stm8s_uart1.o
c_ltor                           00008e9e   defined in (D:\Programas\CosmicC\CXSTM8\lib\libm0.sm8)ltor.o section .text
                                            used in Debug\hx711.o
                                                    Debug\stm8s_uart1.o
                                                    Debug\stm8s_flash.o
                                                    Debug\stm8s_clk.o
c_ludv                           00008eb0   defined in (D:\Programas\CosmicC\CXSTM8\lib\libm0.sm8)ludiv.o section .text
                                            used in Debug\hx711.o
                                                    Debug\stm8s_uart1.o
                                                    Debug\stm8s_clk.o
c_lursh                          00008fd7   defined in (D:\Programas\CosmicC\CXSTM8\lib\libm0.sm8)lursh.o section .text
                                            used in Debug\hx711.o
c_rtol                           00008fe6   defined in (D:\Programas\CosmicC\CXSTM8\lib\libm0.sm8)rtol.o section .text
                                            used in Debug\main.o Debug\hx711.o
                                                    Debug\stm8s_uart1.o
                                                    Debug\stm8s_flash.o
                                                    Debug\stm8s_clk.o
c_smul                           ********   *** removed from (D:\Programas\CosmicC\CXSTM8\lib\libm0.sm8)smul.o ***
c_uitolx                         00008ff8   defined in (D:\Programas\CosmicC\CXSTM8\lib\libm0.sm8)utolx.o section .text
                                            used in Debug\main.o Debug\hx711.o
c_umul                           ********   *** removed from (D:\Programas\CosmicC\CXSTM8\lib\libm0.sm8)umul.o ***
c_x                              0000003e   defined in (D:\Programas\CosmicC\CXSTM8\lib\libm0.sm8)xreg.o section .ubsct
                                            used in D:\Programas\CosmicC\CXSTM8\lib\crtsi0.sm8
                                                    Debug\dht11.o
                                                    Debug\stm8s_itc.o
                                                    (D:\Programas\CosmicC\CXSTM8\lib\libm0.sm8)ldiv.o
                                                    (D:\Programas\CosmicC\CXSTM8\lib\libm0.sm8)umul.o
                                                    (D:\Programas\CosmicC\CXSTM8\lib\libm0.sm8)xymov.o
c_xymov                          00008fff   defined in (D:\Programas\CosmicC\CXSTM8\lib\libm0.sm8)xymov.o section .text
                                            used in Debug\dht11.o
c_y                              00000041   defined in (D:\Programas\CosmicC\CXSTM8\lib\libm0.sm8)yreg.o section .ubsct
                                            used in D:\Programas\CosmicC\CXSTM8\lib\crtsi0.sm8
                                                    Debug\stm8s_itc.o
                                                    (D:\Programas\CosmicC\CXSTM8\lib\libm0.sm8)umul.o
f_NonHandledInterrupt            0000903e   defined in Debug\stm8_interrupt_vector.o section .text
f_TIM1_OV_IRQHandler             00008baf   defined in Debug\stm8s_itc.o section .text
                                            used in Debug\stm8_interrupt_vector.o
