
Map of Debug\supermaceta_v1.sm8 from link file Debug\supermaceta_v1.lkf - Sat Sep 11 14:22:55 2021


                               --------
                               Segments
                               --------

start 00008080 end 0000808f length    15 segment .const
start 00008098 end 00008e92 length  3578 segment .text
start 00004000 end 00004000 length     0 segment .eeprom
start 00000000 end 00000001 length     1 segment .bsct, initialized
start 00008097 end 00008098 length     1 segment .bsct, from
start 00000001 end 0000003e length    61 segment .ubsct
start 0000003e end 0000003e length     0 segment .bit
start 0000003e end 0000003e length     0 segment .share
start 00000100 end 00000100 length     0 segment .data
start 00000100 end 00000100 length     0 segment .bss
start 00000000 end 00000bbd length  3005 segment .info.
start 00000000 end 0000d508 length 54536 segment .debug
start 00008000 end 00008080 length   128 segment .const
start 0000808f end 00008097 length     8 segment .init


                               -------
                               Modules
                               -------

D:\Programas\CosmicC\CXSTM8\lib\crtsi0.sm8:
start 00008098 end 000080e8 length    80 section .text
start 00000100 end 00000100 length     0 section .bss
start 00000001 end 00000001 length     0 section .ubsct
start 00000000 end 00000034 length    52 section .info.

Debug\main.o:
start ******** end ******** length     0 section .bsct *** removed ***
start 00000001 end 00000034 length    51 section .ubsct
start 00000000 end 00000f56 length  3926 section .debug
start 00000034 end 000000b1 length   125 section .info.
start ******** end ******** length     0 section .const *** removed ***
start 000080e8 end 00008198 length   176 section .text

Debug\clock.o:
start ******** end ******** length     0 section .bsct *** removed ***
start 00000f56 end 0000197b length  2597 section .debug
start 000000b1 end 0000012f length   126 section .info.
start 00008198 end 000081d1 length    57 section .text
start 000081d1 end 000081ff length    46 section .text
start ******** end ******** length     0 section .text *** removed ***

Debug\gpio_config.o:
start ******** end ******** length     0 section .bsct *** removed ***
start 0000197b end 00001f38 length  1469 section .debug
start 0000012f end 000001b3 length   132 section .info.
start 000081ff end 00008204 length     5 section .text

Debug\gpio.o:
start ******** end ******** length     0 section .bsct *** removed ***
start 00001f38 end 000025b1 length  1657 section .debug
start 000001b3 end 00000230 length   125 section .info.
start 00008204 end 00008210 length    12 section .text
start 00008210 end 0000821f length    15 section .text
start 0000821f end 00008239 length    26 section .text

Debug\timeout.o:
start ******** end ******** length     0 section .bsct *** removed ***
start 000025b1 end 00002ae3 length  1330 section .debug
start 00000230 end 000002b0 length   128 section .info.
start 00008239 end 0000824d length    20 section .text
start 0000824d end 00008283 length    54 section .text
start 00008283 end 000082a9 length    38 section .text
start ******** end ******** length     0 section .text *** removed ***

Debug\dht11.o:
start ******** end ******** length     0 section .bsct *** removed ***
start 00002ae3 end 0000372d length  3146 section .debug
start 000002b0 end 0000032e length   126 section .info.
start 00008080 end 0000808f length    15 section .const
start 000082a9 end 000082d1 length    40 section .text
start 000082d1 end 00008572 length   673 section .text

Debug\hx711.o:
start ******** end ******** length     0 section .bsct *** removed ***
start 0000372d end 000045d4 length  3751 section .debug
start 0000032e end 000003ac length   126 section .info.
start ******** end ******** length     0 section .const *** removed ***
start 00008572 end 000085f0 length   126 section .text
start 000085f0 end 000087eb length   507 section .text
start 000087eb end 000089e0 length   501 section .text

Debug\stm8s_uart1.o:
start ******** end ******** length     0 section .bsct *** removed ***
start 000045d4 end 00005a1d length  5193 section .debug
start 000003ac end 00000430 length   132 section .info.
start ******** end ******** length     0 section .text *** removed ***
start ******** end ******** length     0 section .const *** removed ***
start ******** end ******** length     0 section .text *** removed ***
start ******** end ******** length     0 section .text *** removed ***
start ******** end ******** length     0 section .text *** removed ***
start ******** end ******** length     0 section .text *** removed ***
start ******** end ******** length     0 section .text *** removed ***
start ******** end ******** length     0 section .text *** removed ***
start ******** end ******** length     0 section .text *** removed ***
start ******** end ******** length     0 section .text *** removed ***
start ******** end ******** length     0 section .text *** removed ***
start ******** end ******** length     0 section .text *** removed ***
start ******** end ******** length     0 section .text *** removed ***
start ******** end ******** length     0 section .text *** removed ***
start ******** end ******** length     0 section .text *** removed ***
start ******** end ******** length     0 section .text *** removed ***
start ******** end ******** length     0 section .text *** removed ***
start ******** end ******** length     0 section .text *** removed ***
start ******** end ******** length     0 section .text *** removed ***
start ******** end ******** length     0 section .text *** removed ***
start ******** end ******** length     0 section .text *** removed ***
start ******** end ******** length     0 section .text *** removed ***
start ******** end ******** length     0 section .text *** removed ***
start ******** end ******** length     0 section .text *** removed ***
start ******** end ******** length     0 section .text *** removed ***
start ******** end ******** length     0 section .text *** removed ***

Debug\stm8s_tim1.o:
start ******** end ******** length     0 section .bsct *** removed ***
start 00005a1d end 00009a04 length 16359 section .debug
start 00000430 end 000004b3 length   131 section .info.
start ******** end ******** length     0 section .text *** removed ***
start 000089e0 end 00008a02 length    34 section .text
start ******** end ******** length     0 section .text *** removed ***
start ******** end ******** length     0 section .text *** removed ***
start ******** end ******** length     0 section .text *** removed ***
start ******** end ******** length     0 section .text *** removed ***
start ******** end ******** length     0 section .text *** removed ***
start ******** end ******** length     0 section .text *** removed ***
start ******** end ******** length     0 section .text *** removed ***
start 00008a02 end 00008a0f length    13 section .text
start ******** end ******** length     0 section .text *** removed ***
start 00008a0f end 00008a25 length    22 section .text
start ******** end ******** length     0 section .text *** removed ***
start ******** end ******** length     0 section .text *** removed ***
start ******** end ******** length     0 section .text *** removed ***
start ******** end ******** length     0 section .text *** removed ***
start ******** end ******** length     0 section .text *** removed ***
start ******** end ******** length     0 section .text *** removed ***
start ******** end ******** length     0 section .text *** removed ***
start ******** end ******** length     0 section .text *** removed ***
start ******** end ******** length     0 section .text *** removed ***
start ******** end ******** length     0 section .text *** removed ***
start ******** end ******** length     0 section .text *** removed ***
start ******** end ******** length     0 section .text *** removed ***
start ******** end ******** length     0 section .text *** removed ***
start ******** end ******** length     0 section .text *** removed ***
start ******** end ******** length     0 section .text *** removed ***
start ******** end ******** length     0 section .text *** removed ***
start ******** end ******** length     0 section .text *** removed ***
start ******** end ******** length     0 section .text *** removed ***
start ******** end ******** length     0 section .text *** removed ***
start ******** end ******** length     0 section .text *** removed ***
start ******** end ******** length     0 section .text *** removed ***
start ******** end ******** length     0 section .text *** removed ***
start ******** end ******** length     0 section .text *** removed ***
start ******** end ******** length     0 section .text *** removed ***
start ******** end ******** length     0 section .text *** removed ***
start ******** end ******** length     0 section .text *** removed ***
start ******** end ******** length     0 section .text *** removed ***
start ******** end ******** length     0 section .text *** removed ***
start ******** end ******** length     0 section .text *** removed ***
start ******** end ******** length     0 section .text *** removed ***
start ******** end ******** length     0 section .text *** removed ***
start ******** end ******** length     0 section .text *** removed ***
start ******** end ******** length     0 section .text *** removed ***
start ******** end ******** length     0 section .text *** removed ***
start ******** end ******** length     0 section .text *** removed ***
start ******** end ******** length     0 section .text *** removed ***
start ******** end ******** length     0 section .text *** removed ***
start ******** end ******** length     0 section .text *** removed ***
start ******** end ******** length     0 section .text *** removed ***
start ******** end ******** length     0 section .text *** removed ***
start ******** end ******** length     0 section .text *** removed ***
start ******** end ******** length     0 section .text *** removed ***
start ******** end ******** length     0 section .text *** removed ***
start ******** end ******** length     0 section .text *** removed ***
start ******** end ******** length     0 section .text *** removed ***
start ******** end ******** length     0 section .text *** removed ***
start ******** end ******** length     0 section .text *** removed ***
start ******** end ******** length     0 section .text *** removed ***
start ******** end ******** length     0 section .text *** removed ***
start ******** end ******** length     0 section .text *** removed ***
start ******** end ******** length     0 section .text *** removed ***
start ******** end ******** length     0 section .text *** removed ***
start ******** end ******** length     0 section .text *** removed ***
start ******** end ******** length     0 section .text *** removed ***
start ******** end ******** length     0 section .text *** removed ***
start ******** end ******** length     0 section .text *** removed ***
start ******** end ******** length     0 section .text *** removed ***
start ******** end ******** length     0 section .text *** removed ***
start ******** end ******** length     0 section .text *** removed ***
start 00008a25 end 00008a35 length    16 section .text
start ******** end ******** length     0 section .text *** removed ***
start 00008a35 end 00008a3a length     5 section .text
start ******** end ******** length     0 section .text *** removed ***
start ******** end ******** length     0 section .text *** removed ***
start ******** end ******** length     0 section .text *** removed ***
start ******** end ******** length     0 section .text *** removed ***

Debug\stm8s_rst.o:
start ******** end ******** length     0 section .bsct *** removed ***
start 00009a04 end 00009c90 length   652 section .debug
start 000004b3 end 00000535 length   130 section .info.
start ******** end ******** length     0 section .text *** removed ***
start ******** end ******** length     0 section .text *** removed ***

Debug\stm8s_itc.o:
start 00000000 end 00000001 length     1 section .bsct
start 00009c90 end 0000a3d1 length  1857 section .debug
start 00000535 end 000005b7 length   130 section .info.
start 00008a3a end 00008a66 length    44 section .text
start 00008a66 end 00008a69 length     3 section .text
start 00008a69 end 00008a6c length     3 section .text
start ******** end ******** length     0 section .text *** removed ***
start ******** end ******** length     0 section .text *** removed ***
start ******** end ******** length     0 section .text *** removed ***
start ******** end ******** length     0 section .const *** removed ***
start ******** end ******** length     0 section .text *** removed ***
start ******** end ******** length     0 section .text *** removed ***

Debug\stm8s_gpio.o:
start ******** end ******** length     0 section .bsct *** removed ***
start 0000a3d1 end 0000ae38 length  2663 section .debug
start 000005b7 end 0000063a length   131 section .info.
start 00008a6c end 00008a74 length     8 section .text
start 00008a74 end 00008ac5 length    81 section .text
start ******** end ******** length     0 section .text *** removed ***
start 00008ac5 end 00008aca length     5 section .text
start 00008aca end 00008ad0 length     6 section .text
start ******** end ******** length     0 section .text *** removed ***
start ******** end ******** length     0 section .text *** removed ***
start ******** end ******** length     0 section .text *** removed ***
start 00008ad0 end 00008ad5 length     5 section .text
start ******** end ******** length     0 section .text *** removed ***

Debug\stm8s_flash.o:
start ******** end ******** length     0 section .bsct *** removed ***
start 0000ae38 end 0000bc74 length  3644 section .debug
start 0000063a end 000006be length   132 section .info.
start ******** end ******** length     0 section .text *** removed ***
start ******** end ******** length     0 section .text *** removed ***
start ******** end ******** length     0 section .text *** removed ***
start ******** end ******** length     0 section .text *** removed ***
start ******** end ******** length     0 section .text *** removed ***
start ******** end ******** length     0 section .text *** removed ***
start ******** end ******** length     0 section .text *** removed ***
start ******** end ******** length     0 section .text *** removed ***
start ******** end ******** length     0 section .text *** removed ***
start ******** end ******** length     0 section .text *** removed ***
start ******** end ******** length     0 section .text *** removed ***
start ******** end ******** length     0 section .text *** removed ***
start ******** end ******** length     0 section .text *** removed ***
start ******** end ******** length     0 section .text *** removed ***
start ******** end ******** length     0 section .text *** removed ***
start ******** end ******** length     0 section .text *** removed ***
start ******** end ******** length     0 section .text *** removed ***
start ******** end ******** length     0 section .text *** removed ***
start ******** end ******** length     0 section .text *** removed ***
start ******** end ******** length     0 section .text *** removed ***

Debug\stm8s_clk.o:
start ******** end ******** length     0 section .bsct *** removed ***
start 0000bc74 end 0000d340 length  5836 section .debug
start 000006be end 00000740 length   130 section .info.
start ******** end ******** length     0 section .const *** removed ***
start 00008ad5 end 00008b0b length    54 section .text
start ******** end ******** length     0 section .text *** removed ***
start 00008b0b end 00008b18 length    13 section .text
start 00008b18 end 00008b25 length    13 section .text
start 00008b25 end 00008b32 length    13 section .text
start ******** end ******** length     0 section .text *** removed ***
start 00008b32 end 00008b3f length    13 section .text
start ******** end ******** length     0 section .text *** removed ***
start 00008b3f end 00008ba5 length   102 section .text
start 00008ba5 end 00008c46 length   161 section .text
start 00008c46 end 00008c59 length    19 section .text
start ******** end ******** length     0 section .text *** removed ***
start ******** end ******** length     0 section .text *** removed ***
start 00008c59 end 00008c80 length    39 section .text
start ******** end ******** length     0 section .text *** removed ***
start ******** end ******** length     0 section .text *** removed ***
start ******** end ******** length     0 section .text *** removed ***
start ******** end ******** length     0 section .text *** removed ***
start ******** end ******** length     0 section .text *** removed ***
start ******** end ******** length     0 section .text *** removed ***
start 00008c80 end 00008cc3 length    67 section .text
start ******** end ******** length     0 section .text *** removed ***
start ******** end ******** length     0 section .text *** removed ***

(D:\Programas\CosmicC\CXSTM8\lib\libm0.sm8)cmulx.o:
start ******** end ******** length     0 section .text *** removed ***
start 00000740 end 00000770 length    48 section .info.

(D:\Programas\CosmicC\CXSTM8\lib\libm0.sm8)ladd.o:
start ******** end ******** length     0 section .text *** removed ***
start 00000770 end 0000079f length    47 section .info.

(D:\Programas\CosmicC\CXSTM8\lib\libm0.sm8)lgadd.o:
start 00008cc3 end 00008cda length    23 section .text
start 0000079f end 000007cf length    48 section .info.

(D:\Programas\CosmicC\CXSTM8\lib\libm0.sm8)lgor.o:
start 00008cda end 00008cf1 length    23 section .text
start 000007cf end 000007fe length    47 section .info.

(D:\Programas\CosmicC\CXSTM8\lib\libm0.sm8)llsh.o:
start ******** end ******** length     0 section .text *** removed ***
start 000007fe end 0000082d length    47 section .info.

(D:\Programas\CosmicC\CXSTM8\lib\libm0.sm8)lreg.o:
start 00000034 end 00000038 length     4 section .ubsct
start 0000082d end 0000085c length    47 section .info.

(D:\Programas\CosmicC\CXSTM8\lib\libm0.sm8)lsub.o:
start ******** end ******** length     0 section .text *** removed ***
start 0000085c end 0000088b length    47 section .info.

(D:\Programas\CosmicC\CXSTM8\lib\libm0.sm8)ltor.o:
start 00008cf1 end 00008d03 length    18 section .text
start 0000088b end 000008ba length    47 section .info.

(D:\Programas\CosmicC\CXSTM8\lib\libm0.sm8)ludiv.o:
start 00008d03 end 00008d17 length    20 section .text
start 000008ba end 000008ea length    48 section .info.

(D:\Programas\CosmicC\CXSTM8\lib\libm0.sm8)ldiv.o:
start 00008d17 end 00008e02 length   235 section .text
start 000008ea end 00000919 length    47 section .info.

(D:\Programas\CosmicC\CXSTM8\lib\libm0.sm8)lgneg.o:
start 00008e02 end 00008e15 length    19 section .text
start 00000919 end 00000949 length    48 section .info.

(D:\Programas\CosmicC\CXSTM8\lib\libm0.sm8)lneg.o:
start 00008e15 end 00008e2a length    21 section .text
start 00000949 end 00000978 length    47 section .info.

(D:\Programas\CosmicC\CXSTM8\lib\libm0.sm8)lursh.o:
start 00008e2a end 00008e39 length    15 section .text
start 00000978 end 000009a8 length    48 section .info.

(D:\Programas\CosmicC\CXSTM8\lib\libm0.sm8)rtol.o:
start 00008e39 end 00008e4b length    18 section .text
start 000009a8 end 000009d7 length    47 section .info.

(D:\Programas\CosmicC\CXSTM8\lib\libm0.sm8)smul.o:
start ******** end ******** length     0 section .text *** removed ***
start 000009d7 end 00000a06 length    47 section .info.

(D:\Programas\CosmicC\CXSTM8\lib\libm0.sm8)utolx.o:
start 00008e4b end 00008e52 length     7 section .text
start 00000a06 end 00000a36 length    48 section .info.

(D:\Programas\CosmicC\CXSTM8\lib\libm0.sm8)umul.o:
start ******** end ******** length     0 section .text *** removed ***
start 00000a36 end 00000a65 length    47 section .info.

(D:\Programas\CosmicC\CXSTM8\lib\libm0.sm8)xreg.o:
start 00000038 end 0000003b length     3 section .ubsct
start 00000a65 end 00000a94 length    47 section .info.

(D:\Programas\CosmicC\CXSTM8\lib\libm0.sm8)xymov.o:
start 00008e52 end 00008e91 length    63 section .text
start 00000a94 end 00000ac4 length    48 section .info.

(D:\Programas\CosmicC\CXSTM8\lib\libm0.sm8)yreg.o:
start 0000003b end 0000003e length     3 section .ubsct
start 00000ac4 end 00000af3 length    47 section .info.

Debug\stm8_interrupt_vector.o:
start ******** end ******** length     0 section .bsct *** removed ***
start 0000d340 end 0000d508 length   456 section .debug
start 00000af3 end 00000b81 length   142 section .info.
start 00008e91 end 00008e92 length     1 section .text
start 00008000 end 00008080 length   128 section .const


                             -----------
                             Stack usage
                             -----------

Debug\clock.o:
_Clock_HSI_Init                 14   (4)
_DisableAllPeripherals           6   (2)

Debug\dht11.o:
_DHT11_Init                     16   (6)
_dht11_Lectura                  35   (25)

Debug\gpio.o:
_NHALgpio_Init                   8   (2)
_NHALgpio_Read                   7   (2)
_NHALgpio_Write                 10   (5)

Debug\gpio_config.o:
_NHALgpioConfig_SetType          5   (5)

Debug\hx711.o:
_HX711_Init                     22   (12)
_hx711_Lectura                  74   (15) *** Recursive *** *** pointer() ***
_hx711_Tarar                    94   (20) *** Recursive *** *** pointer() ***

Debug\main.o:
_main                       >   96   (2) *** Recursive *** *** pointer() ***

Debug\stm8_interrupt_vector.o:
f_NonHandledInterrupt       >    6   (6)

Debug\stm8s_clk.o:
_CLK_ClockSwitchCmd              2   (2)
_CLK_ClockSwitchConfig          10   (10)
_CLK_DeInit                      2   (2)
_CLK_GetFlagStatus               7   (7)
_CLK_HSECmd                      2   (2)
_CLK_HSICmd                      2   (2)
_CLK_HSIPrescalerConfig          3   (3)
_CLK_LSICmd                      2   (2)
_CLK_PeripheralClockConfig       4   (4)
_CLK_SYSCLKConfig                3   (3)

Debug\stm8s_gpio.o:
_GPIO_DeInit                     2   (2)
_GPIO_Init                       6   (6)
_GPIO_ReadInputPin               5   (5)
_GPIO_WriteHigh                  5   (5)
_GPIO_WriteLow                   5   (5)

Debug\stm8s_itc.o:
_getFlagTimer1                   2   (2)
_setFlagTimer1                   2   (2)
f_TIM1_OV_IRQHandler        >   16   (12)

Debug\stm8s_tim1.o:
_TIM1_ClearFlag                  4   (4)
_TIM1_ClearITPendingBit          2   (2)
_TIM1_Cmd                        2   (2)
_TIM1_ITConfig                   4   (4)
_TIM1_TimeBaseInit               8   (8)

Debug\timeout.o:
_Timeout_Init                    8   (8)
_Timeout_Start                  14   (6)
_Timeout_Stop                   98   (4) *** Recursive *** *** pointer() ***

Stack size: 112


                              ---------
                              Call tree
                              ---------
   1 > __stext: (0)

   2 > _main: (2)
   3      + _Clock_HSI_Init: (4)
   4      |    + _CLK_ClockSwitchCmd: (2)
   5      |    + _CLK_ClockSwitchConfig: (10)
   6      |    + _CLK_DeInit: (2)
   7      |    + _CLK_GetFlagStatus: (7)
   8      |    + _CLK_HSECmd: (2)
   9      |    + _CLK_HSICmd: (2)
  10      |    + _CLK_HSIPrescalerConfig: (3)
  11      |    + _CLK_LSICmd: (2)
  12      |    + _CLK_SYSCLKConfig: (3)
  13      |    + _DisableAllPeripherals: (2)
  14      |    |    + _CLK_PeripheralClockConfig: (4)
          |    | 
          | 
  15      + _DHT11_Init: (6)
  16      |    + _NHALgpioConfig_SetType: (5)
  17      |    + _NHALgpio_Init: (2)
  18      |    |    + _GPIO_Init: (6)
          |    | 
  19      |    + _NHALgpio_Write: (5)
  20      |    |    + _GPIO_WriteHigh: (5)
  21      |    |    + _GPIO_WriteLow: (5)
          |    | 
          | 
  22      + _GPIO_DeInit: (2)
  23      + _HX711_Init: (12)
  24      |    + _NHALgpioConfig_SetType --> 16
  25      |    + _NHALgpio_Init --> 17
  26      |    + _NHALgpio_Write --> 19
          | 
  27      + _NHALgpioConfig_SetType --> 16
  28      + _NHALgpio_Init --> 17
  29      + _NHALgpio_Write --> 19
  30      + _Timeout_Init: (8)
  31      + _Timeout_Start: (6)
  32      |    + _TIM1_Cmd: (2)
  33      |    + _TIM1_ITConfig: (4)
  34      |    + _TIM1_TimeBaseInit: (8)
          | 
  35      + _Timeout_Stop: (4)
  36      |    + _TIM1_ClearFlag: (4)
  37      |    + _TIM1_ClearITPendingBit: (2)
  38      |    + _TIM1_Cmd --> 32
  39      |    + _TIM1_ITConfig --> 33
  40      |    + (_dht11_Lectura) ...
  41      |    + (_getFlagTimer1) ...
  42      |    + (_hx711_Lectura) ...
  43      |    + (_hx711_Tarar) ...
  44      |    + (_setFlagTimer1) ...
          | 
  45      + (_dht11_Lectura) ...
  46      + (_getFlagTimer1) ...
  47      + (_hx711_Lectura) ...
  48      + (_hx711_Tarar) ...
  49      + (_setFlagTimer1) ...
       
  50 > f_NonHandledInterrupt: (6)

  51 > f_TIM1_OV_IRQHandler: (12)
  52      + _TIM1_ClearFlag --> 36
  53      + _TIM1_ClearITPendingBit --> 37
       
  54   _CLK_ClockSwitchCmd --> 4

  55   _CLK_ClockSwitchConfig --> 5

  56   _CLK_DeInit --> 6

  57   _CLK_GetFlagStatus --> 7

  58   _CLK_HSECmd --> 8

  59   _CLK_HSICmd --> 9

  60   _CLK_HSIPrescalerConfig --> 10

  61   _CLK_LSICmd --> 11

  62   _CLK_PeripheralClockConfig --> 14

  63   _CLK_SYSCLKConfig --> 12

  64   _Clock_HSI_Init --> 3

  65   _DHT11_Init --> 15

  66   _DisableAllPeripherals --> 13

  67   _GPIO_DeInit --> 22

  68   _GPIO_Init --> 18

  69   _GPIO_ReadInputPin: (5)

  70   _GPIO_WriteHigh --> 20

  71   _GPIO_WriteLow --> 21

  72   _HX711_Init --> 23

  73   _NHALgpioConfig_SetType --> 16

  74   _NHALgpio_Init --> 17

  75   _NHALgpio_Read: (2)
  76      + _GPIO_ReadInputPin --> 69
       
  77   _NHALgpio_Write --> 19

  78   _TIM1_ClearFlag --> 36

  79   _TIM1_ClearITPendingBit --> 37

  80   _TIM1_Cmd --> 32

  81   _TIM1_ITConfig --> 33

  82   _TIM1_TimeBaseInit --> 34

  83   _Timeout_Init --> 30

  84   _Timeout_Start --> 31

  85   _Timeout_Stop --> 35

  86   _dht11_Lectura: (25)
  87      + _NHALgpioConfig_SetType --> 16
  88      + _NHALgpio_Init --> 17
  89      + _NHALgpio_Read --> 75
  90      + _NHALgpio_Write --> 19
       
  91   _getFlagTimer1: (2)

  92   _hx711_Lectura: (15)
  93      + _NHALgpio_Read --> 75
  94      + _NHALgpio_Write --> 19
  95      + _Timeout_Start --> 31
  96      + _Timeout_Stop --> 35
  97      + (_dht11_Lectura) --> 86
  98      + (_getFlagTimer1) --> 91
  99      + (_hx711_Lectura) --> 92
 100      + (_hx711_Tarar) ...
 101      + (_setFlagTimer1) ...
       
 102   _hx711_Tarar: (20)
 103      + _NHALgpio_Read --> 75
 104      + _NHALgpio_Write --> 19
 105      + _Timeout_Start --> 31
 106      + _Timeout_Stop --> 35
 107      + (_dht11_Lectura) --> 86
 108      + (_getFlagTimer1) --> 91
 109      + (_hx711_Lectura) --> 92
 110      + (_hx711_Tarar) --> 102
 111      + (_setFlagTimer1) ...
       
 112   _setFlagTimer1: (2)



                               -------
                               Symbols
                               -------

_CLKPrescTable                   ********   *** removed from Debug\stm8s_clk.o ***
_CLK_AdjustHSICalibrationValue   ********   *** removed from Debug\stm8s_clk.o ***
_CLK_CCOCmd                      ********   *** removed from Debug\stm8s_clk.o ***
_CLK_CCOConfig                   ********   *** removed from Debug\stm8s_clk.o ***
_CLK_ClearITPendingBit           ********   *** removed from Debug\stm8s_clk.o ***
_CLK_ClockSecuritySystemEnable   ********   *** removed from Debug\stm8s_clk.o ***
_CLK_ClockSwitchCmd              00008b32   defined in Debug\stm8s_clk.o section .text
                                            used in Debug\clock.o
_CLK_ClockSwitchConfig           00008ba5   defined in Debug\stm8s_clk.o section .text
                                            used in Debug\clock.o
_CLK_DeInit                      00008ad5   defined in Debug\stm8s_clk.o section .text
                                            used in Debug\clock.o
_CLK_FastHaltWakeUpCmd           ********   *** removed from Debug\stm8s_clk.o ***
_CLK_GetClockFreq                ********   *** removed from Debug\stm8s_clk.o ***
_CLK_GetFlagStatus               00008c80   defined in Debug\stm8s_clk.o section .text
                                            used in Debug\clock.o
_CLK_GetITStatus                 ********   *** removed from Debug\stm8s_clk.o ***
_CLK_GetSYSCLKSource             ********   *** removed from Debug\stm8s_clk.o ***
_CLK_HSECmd                      00008b0b   defined in Debug\stm8s_clk.o section .text
                                            used in Debug\clock.o
_CLK_HSICmd                      00008b18   defined in Debug\stm8s_clk.o section .text
                                            used in Debug\clock.o
_CLK_HSIPrescalerConfig          00008c46   defined in Debug\stm8s_clk.o section .text
                                            used in Debug\clock.o
_CLK_ITConfig                    ********   *** removed from Debug\stm8s_clk.o ***
_CLK_LSICmd                      00008b25   defined in Debug\stm8s_clk.o section .text
                                            used in Debug\clock.o
_CLK_PeripheralClockConfig       00008b3f   defined in Debug\stm8s_clk.o section .text
                                            used in Debug\clock.o
_CLK_SWIMConfig                  ********   *** removed from Debug\stm8s_clk.o ***
_CLK_SYSCLKConfig                00008c59   defined in Debug\stm8s_clk.o section .text
                                            used in Debug\clock.o
_CLK_SYSCLKEmergencyClear        ********   *** removed from Debug\stm8s_clk.o ***
_CLK_SlowActiveHaltWakeUpCmd     ********   *** removed from Debug\stm8s_clk.o ***
_Clock_HSI_Init                  00008198   defined in Debug\clock.o section .text
                                            used in Debug\main.o
_DHT11_Init                      000082a9   defined in Debug\dht11.o section .text
                                            used in Debug\main.o
_DisableAllPeripherals           000081d1   defined in Debug\clock.o section .text
_EnableClockMirror               ********   *** removed from Debug\clock.o ***
_FLASH_DeInit                    ********   *** removed from Debug\stm8s_flash.o ***
_FLASH_EraseBlock                ********   *** removed from Debug\stm8s_flash.o ***
_FLASH_EraseByte                 ********   *** removed from Debug\stm8s_flash.o ***
_FLASH_EraseOptionByte           ********   *** removed from Debug\stm8s_flash.o ***
_FLASH_GetBootSize               ********   *** removed from Debug\stm8s_flash.o ***
_FLASH_GetFlagStatus             ********   *** removed from Debug\stm8s_flash.o ***
_FLASH_GetLowPowerMode           ********   *** removed from Debug\stm8s_flash.o ***
_FLASH_GetProgrammingTime        ********   *** removed from Debug\stm8s_flash.o ***
_FLASH_ITConfig                  ********   *** removed from Debug\stm8s_flash.o ***
_FLASH_Lock                      ********   *** removed from Debug\stm8s_flash.o ***
_FLASH_ProgramBlock              ********   *** removed from Debug\stm8s_flash.o ***
_FLASH_ProgramByte               ********   *** removed from Debug\stm8s_flash.o ***
_FLASH_ProgramOptionByte         ********   *** removed from Debug\stm8s_flash.o ***
_FLASH_ProgramWord               ********   *** removed from Debug\stm8s_flash.o ***
_FLASH_ReadByte                  ********   *** removed from Debug\stm8s_flash.o ***
_FLASH_ReadOptionByte            ********   *** removed from Debug\stm8s_flash.o ***
_FLASH_SetLowPowerMode           ********   *** removed from Debug\stm8s_flash.o ***
_FLASH_SetProgrammingTime        ********   *** removed from Debug\stm8s_flash.o ***
_FLASH_Unlock                    ********   *** removed from Debug\stm8s_flash.o ***
_FLASH_WaitForLastOperation      ********   *** removed from Debug\stm8s_flash.o ***
_GPIO_DeInit                     00008a6c   defined in Debug\stm8s_gpio.o section .text
                                            used in Debug\main.o
_GPIO_ExternalPullUpConfig       ********   *** removed from Debug\stm8s_gpio.o ***
_GPIO_Init                       00008a74   defined in Debug\stm8s_gpio.o section .text
                                            used in Debug\gpio.o
_GPIO_ReadInputData              ********   *** removed from Debug\stm8s_gpio.o ***
_GPIO_ReadInputPin               00008ad0   defined in Debug\stm8s_gpio.o section .text
                                            used in Debug\gpio.o
_GPIO_ReadOutputData             ********   *** removed from Debug\stm8s_gpio.o ***
_GPIO_Write                      ********   *** removed from Debug\stm8s_gpio.o ***
_GPIO_WriteHigh                  00008ac5   defined in Debug\stm8s_gpio.o section .text
                                            used in Debug\gpio.o
_GPIO_WriteLow                   00008aca   defined in Debug\stm8s_gpio.o section .text
                                            used in Debug\gpio.o
_GPIO_WriteReverse               ********   *** removed from Debug\stm8s_gpio.o ***
_HSIDivFactor                    ********   *** removed from Debug\stm8s_clk.o ***
_HX711_Init                      00008572   defined in Debug\hx711.o section .text
                                            used in Debug\main.o
_ITC_DeInit                      ********   *** removed from Debug\stm8s_itc.o ***
_ITC_GetCPUCC                    ********   *** removed from Debug\stm8s_itc.o ***
_ITC_GetSoftIntStatus            ********   *** removed from Debug\stm8s_itc.o ***
_ITC_GetSoftwarePriority         ********   *** removed from Debug\stm8s_itc.o ***
_ITC_SetSoftwarePriority         ********   *** removed from Debug\stm8s_itc.o ***
_NHALgpioConfig_SetType          000081ff   defined in Debug\gpio_config.o section .text
                                            used in Debug\main.o Debug\clock.o
                                                    Debug\dht11.o Debug\hx711.o
_NHALgpio_Init                   00008204   defined in Debug\gpio.o section .text
                                            used in Debug\main.o Debug\clock.o
                                                    Debug\dht11.o Debug\hx711.o
_NHALgpio_Read                   00008210   defined in Debug\gpio.o section .text
                                            used in Debug\dht11.o Debug\hx711.o
_NHALgpio_Write                  0000821f   defined in Debug\gpio.o section .text
                                            used in Debug\main.o Debug\dht11.o
                                                    Debug\hx711.o
_RST_ClearFlag                   ********   *** removed from Debug\stm8s_rst.o ***
_RST_GetFlagStatus               ********   *** removed from Debug\stm8s_rst.o ***
_SensorPesaje                    0000000e   defined in Debug\main.o section .ubsct
_SensorTempHum                   00000028   defined in Debug\main.o section .ubsct
_TIM1_ARRPreloadConfig           ********   *** removed from Debug\stm8s_tim1.o ***
_TIM1_BDTRConfig                 ********   *** removed from Debug\stm8s_tim1.o ***
_TIM1_CCPreloadControl           ********   *** removed from Debug\stm8s_tim1.o ***
_TIM1_CCxCmd                     ********   *** removed from Debug\stm8s_tim1.o ***
_TIM1_CCxNCmd                    ********   *** removed from Debug\stm8s_tim1.o ***
_TIM1_ClearFlag                  00008a25   defined in Debug\stm8s_tim1.o section .text
                                            used in Debug\timeout.o
                                                    Debug\stm8s_itc.o
_TIM1_ClearITPendingBit          00008a35   defined in Debug\stm8s_tim1.o section .text
                                            used in Debug\timeout.o
                                                    Debug\stm8s_itc.o
_TIM1_Cmd                        00008a02   defined in Debug\stm8s_tim1.o section .text
                                            used in Debug\timeout.o
_TIM1_CounterModeConfig          ********   *** removed from Debug\stm8s_tim1.o ***
_TIM1_CtrlPWMOutputs             ********   *** removed from Debug\stm8s_tim1.o ***
_TIM1_DeInit                     ********   *** removed from Debug\stm8s_tim1.o ***
_TIM1_ETRClockMode1Config        ********   *** removed from Debug\stm8s_tim1.o ***
_TIM1_ETRClockMode2Config        ********   *** removed from Debug\stm8s_tim1.o ***
_TIM1_ETRConfig                  ********   *** removed from Debug\stm8s_tim1.o ***
_TIM1_EncoderInterfaceConfig     ********   *** removed from Debug\stm8s_tim1.o ***
_TIM1_ForcedOC1Config            ********   *** removed from Debug\stm8s_tim1.o ***
_TIM1_ForcedOC2Config            ********   *** removed from Debug\stm8s_tim1.o ***
_TIM1_ForcedOC3Config            ********   *** removed from Debug\stm8s_tim1.o ***
_TIM1_ForcedOC4Config            ********   *** removed from Debug\stm8s_tim1.o ***
_TIM1_GenerateEvent              ********   *** removed from Debug\stm8s_tim1.o ***
_TIM1_GetCapture1                ********   *** removed from Debug\stm8s_tim1.o ***
_TIM1_GetCapture2                ********   *** removed from Debug\stm8s_tim1.o ***
_TIM1_GetCapture3                ********   *** removed from Debug\stm8s_tim1.o ***
_TIM1_GetCapture4                ********   *** removed from Debug\stm8s_tim1.o ***
_TIM1_GetCounter                 ********   *** removed from Debug\stm8s_tim1.o ***
_TIM1_GetFlagStatus              ********   *** removed from Debug\stm8s_tim1.o ***
_TIM1_GetITStatus                ********   *** removed from Debug\stm8s_tim1.o ***
_TIM1_GetPrescaler               ********   *** removed from Debug\stm8s_tim1.o ***
_TIM1_ICInit                     ********   *** removed from Debug\stm8s_tim1.o ***
_TIM1_ITConfig                   00008a0f   defined in Debug\stm8s_tim1.o section .text
                                            used in Debug\timeout.o
_TIM1_InternalClockConfig        ********   *** removed from Debug\stm8s_tim1.o ***
_TIM1_OC1FastConfig              ********   *** removed from Debug\stm8s_tim1.o ***
_TIM1_OC1Init                    ********   *** removed from Debug\stm8s_tim1.o ***
_TIM1_OC1NPolarityConfig         ********   *** removed from Debug\stm8s_tim1.o ***
_TIM1_OC1PolarityConfig          ********   *** removed from Debug\stm8s_tim1.o ***
_TIM1_OC1PreloadConfig           ********   *** removed from Debug\stm8s_tim1.o ***
_TIM1_OC2FastConfig              ********   *** removed from Debug\stm8s_tim1.o ***
_TIM1_OC2Init                    ********   *** removed from Debug\stm8s_tim1.o ***
_TIM1_OC2NPolarityConfig         ********   *** removed from Debug\stm8s_tim1.o ***
_TIM1_OC2PolarityConfig          ********   *** removed from Debug\stm8s_tim1.o ***
_TIM1_OC2PreloadConfig           ********   *** removed from Debug\stm8s_tim1.o ***
_TIM1_OC3FastConfig              ********   *** removed from Debug\stm8s_tim1.o ***
_TIM1_OC3Init                    ********   *** removed from Debug\stm8s_tim1.o ***
_TIM1_OC3NPolarityConfig         ********   *** removed from Debug\stm8s_tim1.o ***
_TIM1_OC3PolarityConfig          ********   *** removed from Debug\stm8s_tim1.o ***
_TIM1_OC3PreloadConfig           ********   *** removed from Debug\stm8s_tim1.o ***
_TIM1_OC4FastConfig              ********   *** removed from Debug\stm8s_tim1.o ***
_TIM1_OC4Init                    ********   *** removed from Debug\stm8s_tim1.o ***
_TIM1_OC4PolarityConfig          ********   *** removed from Debug\stm8s_tim1.o ***
_TIM1_OC4PreloadConfig           ********   *** removed from Debug\stm8s_tim1.o ***
_TIM1_PWMIConfig                 ********   *** removed from Debug\stm8s_tim1.o ***
_TIM1_PrescalerConfig            ********   *** removed from Debug\stm8s_tim1.o ***
_TIM1_SelectCOM                  ********   *** removed from Debug\stm8s_tim1.o ***
_TIM1_SelectHallSensor           ********   *** removed from Debug\stm8s_tim1.o ***
_TIM1_SelectInputTrigger         ********   *** removed from Debug\stm8s_tim1.o ***
_TIM1_SelectMasterSlaveMode      ********   *** removed from Debug\stm8s_tim1.o ***
_TIM1_SelectOCxM                 ********   *** removed from Debug\stm8s_tim1.o ***
_TIM1_SelectOnePulseMode         ********   *** removed from Debug\stm8s_tim1.o ***
_TIM1_SelectOutputTrigger        ********   *** removed from Debug\stm8s_tim1.o ***
_TIM1_SelectSlaveMode            ********   *** removed from Debug\stm8s_tim1.o ***
_TIM1_SetAutoreload              ********   *** removed from Debug\stm8s_tim1.o ***
_TIM1_SetCompare1                ********   *** removed from Debug\stm8s_tim1.o ***
_TIM1_SetCompare2                ********   *** removed from Debug\stm8s_tim1.o ***
_TIM1_SetCompare3                ********   *** removed from Debug\stm8s_tim1.o ***
_TIM1_SetCompare4                ********   *** removed from Debug\stm8s_tim1.o ***
_TIM1_SetCounter                 ********   *** removed from Debug\stm8s_tim1.o ***
_TIM1_SetIC1Prescaler            ********   *** removed from Debug\stm8s_tim1.o ***
_TIM1_SetIC2Prescaler            ********   *** removed from Debug\stm8s_tim1.o ***
_TIM1_SetIC3Prescaler            ********   *** removed from Debug\stm8s_tim1.o ***
_TIM1_SetIC4Prescaler            ********   *** removed from Debug\stm8s_tim1.o ***
_TIM1_TIxExternalClockConfig     ********   *** removed from Debug\stm8s_tim1.o ***
_TIM1_TimeBaseInit               000089e0   defined in Debug\stm8s_tim1.o section .text
                                            used in Debug\timeout.o
_TIM1_UpdateDisableConfig        ********   *** removed from Debug\stm8s_tim1.o ***
_TIM1_UpdateRequestConfig        ********   *** removed from Debug\stm8s_tim1.o ***
_Timeout                         00000005   defined in Debug\main.o section .ubsct
_Timeout_Check                   ********   *** removed from Debug\timeout.o ***
_Timeout_Init                    00008239   defined in Debug\timeout.o section .text
                                            used in Debug\main.o
_Timeout_Start                   0000824d   defined in Debug\timeout.o section .text
                                            used in Debug\main.o Debug\hx711.o
_Timeout_Stop                    00008283   defined in Debug\timeout.o section .text
                                            used in Debug\main.o Debug\hx711.o
_Timeout_test                    00000001   defined in Debug\main.o section .ubsct
_UART1_ClearFlag                 ********   *** removed from Debug\stm8s_uart1.o ***
_UART1_ClearITPendingBit         ********   *** removed from Debug\stm8s_uart1.o ***
_UART1_Cmd                       ********   *** removed from Debug\stm8s_uart1.o ***
_UART1_DeInit                    ********   *** removed from Debug\stm8s_uart1.o ***
_UART1_GetFlagStatus             ********   *** removed from Debug\stm8s_uart1.o ***
_UART1_GetITStatus               ********   *** removed from Debug\stm8s_uart1.o ***
_UART1_HalfDuplexCmd             ********   *** removed from Debug\stm8s_uart1.o ***
_UART1_ITConfig                  ********   *** removed from Debug\stm8s_uart1.o ***
_UART1_Init                      ********   *** removed from Debug\stm8s_uart1.o ***
_UART1_IrDACmd                   ********   *** removed from Debug\stm8s_uart1.o ***
_UART1_IrDAConfig                ********   *** removed from Debug\stm8s_uart1.o ***
_UART1_LINBreakDetectionConfig   ********   *** removed from Debug\stm8s_uart1.o ***
_UART1_LINCmd                    ********   *** removed from Debug\stm8s_uart1.o ***
_UART1_ReceiveData8              ********   *** removed from Debug\stm8s_uart1.o ***
_UART1_ReceiveData9              ********   *** removed from Debug\stm8s_uart1.o ***
_UART1_ReceiverWakeUpCmd         ********   *** removed from Debug\stm8s_uart1.o ***
_UART1_SendBreak                 ********   *** removed from Debug\stm8s_uart1.o ***
_UART1_SendData8                 ********   *** removed from Debug\stm8s_uart1.o ***
_UART1_SendData9                 ********   *** removed from Debug\stm8s_uart1.o ***
_UART1_SetAddress                ********   *** removed from Debug\stm8s_uart1.o ***
_UART1_SetGuardTime              ********   *** removed from Debug\stm8s_uart1.o ***
_UART1_SetPrescaler              ********   *** removed from Debug\stm8s_uart1.o ***
_UART1_SmartCardCmd              ********   *** removed from Debug\stm8s_uart1.o ***
_UART1_SmartCardNACKCmd          ********   *** removed from Debug\stm8s_uart1.o ***
_UART1_WakeUpConfig              ********   *** removed from Debug\stm8s_uart1.o ***
__endmem                         000001ff   defined in command file
                                            *** not used ***
__endzp                          0000003e   defined in command file section .ubsct
                                            used in D:\Programas\CosmicC\CXSTM8\lib\crtsi0.sm8
__idesc__                        0000808f   defined in linker section .init
                                            used in D:\Programas\CosmicC\CXSTM8\lib\crtsi0.sm8
__memory                         00000100   defined in command file section .bss
                                            used in D:\Programas\CosmicC\CXSTM8\lib\crtsi0.sm8
__stack                          000003ff   defined in command file
                                            used in D:\Programas\CosmicC\CXSTM8\lib\crtsi0.sm8
__startmem                       00000100   defined in command file section .bss
                                            *** not used ***
__stext                          00008098   defined in D:\Programas\CosmicC\CXSTM8\lib\crtsi0.sm8 section .text
                                            used in Debug\stm8_interrupt_vector.o
__vectab                         00008000   defined in Debug\stm8_interrupt_vector.o section .const
_dht11_Lectura                   000082d1   defined in Debug\dht11.o section .text
                                            used in Debug\main.o
_exit                            000080e6   defined in D:\Programas\CosmicC\CXSTM8\lib\crtsi0.sm8 section .text
_getFlagTimer1                   00008a66   defined in Debug\stm8s_itc.o section .text
                                            used in Debug\main.o
_hx711_Lectura                   000085f0   defined in Debug\hx711.o section .text
                                            used in Debug\main.o
_hx711_Tarar                     000087eb   defined in Debug\hx711.o section .text
                                            used in Debug\main.o
_main                            000080e8   defined in Debug\main.o section .text
                                            used in D:\Programas\CosmicC\CXSTM8\lib\crtsi0.sm8
_setFlagTimer1                   00008a69   defined in Debug\stm8s_itc.o section .text
                                            used in Debug\main.o
c_cmulx                          ********   *** removed from (D:\Programas\CosmicC\CXSTM8\lib\libm0.sm8)cmulx.o ***
c_divsl                          00008d17   defined in (D:\Programas\CosmicC\CXSTM8\lib\libm0.sm8)ldiv.o section .text
                                            *** not used ***
c_divul                          00008d2e   defined in (D:\Programas\CosmicC\CXSTM8\lib\libm0.sm8)ldiv.o section .text
                                            used in (D:\Programas\CosmicC\CXSTM8\lib\libm0.sm8)ludiv.o
c_ladd                           ********   *** removed from (D:\Programas\CosmicC\CXSTM8\lib\libm0.sm8)ladd.o ***
c_lgadd                          00008cc3   defined in (D:\Programas\CosmicC\CXSTM8\lib\libm0.sm8)lgadd.o section .text
                                            used in Debug\hx711.o
                                                    Debug\stm8s_flash.o
c_lgneg                          00008e02   defined in (D:\Programas\CosmicC\CXSTM8\lib\libm0.sm8)lgneg.o section .text
                                            used in (D:\Programas\CosmicC\CXSTM8\lib\libm0.sm8)ldiv.o
c_lgor                           00008cda   defined in (D:\Programas\CosmicC\CXSTM8\lib\libm0.sm8)lgor.o section .text
                                            used in Debug\hx711.o
c_llsh                           ********   *** removed from (D:\Programas\CosmicC\CXSTM8\lib\libm0.sm8)llsh.o ***
c_lneg                           00008e15   defined in (D:\Programas\CosmicC\CXSTM8\lib\libm0.sm8)lneg.o section .text
                                            used in (D:\Programas\CosmicC\CXSTM8\lib\libm0.sm8)ldiv.o
c_lreg                           00000034   defined in (D:\Programas\CosmicC\CXSTM8\lib\libm0.sm8)lreg.o section .ubsct
                                            used in Debug\hx711.o
                                                    Debug\stm8s_uart1.o
                                                    Debug\stm8s_flash.o
                                                    Debug\stm8s_clk.o
                                                    (D:\Programas\CosmicC\CXSTM8\lib\libm0.sm8)cmulx.o
                                                    (D:\Programas\CosmicC\CXSTM8\lib\libm0.sm8)ladd.o
                                                    (D:\Programas\CosmicC\CXSTM8\lib\libm0.sm8)lgadd.o
                                                    (D:\Programas\CosmicC\CXSTM8\lib\libm0.sm8)lgor.o
                                                    (D:\Programas\CosmicC\CXSTM8\lib\libm0.sm8)llsh.o
                                                    (D:\Programas\CosmicC\CXSTM8\lib\libm0.sm8)lsub.o
                                                    (D:\Programas\CosmicC\CXSTM8\lib\libm0.sm8)ltor.o
                                                    (D:\Programas\CosmicC\CXSTM8\lib\libm0.sm8)ldiv.o
                                                    (D:\Programas\CosmicC\CXSTM8\lib\libm0.sm8)lneg.o
                                                    (D:\Programas\CosmicC\CXSTM8\lib\libm0.sm8)lursh.o
                                                    (D:\Programas\CosmicC\CXSTM8\lib\libm0.sm8)rtol.o
                                                    (D:\Programas\CosmicC\CXSTM8\lib\libm0.sm8)smul.o
                                                    (D:\Programas\CosmicC\CXSTM8\lib\libm0.sm8)utolx.o
                                                    (D:\Programas\CosmicC\CXSTM8\lib\libm0.sm8)umul.o
c_lsub                           ********   *** removed from (D:\Programas\CosmicC\CXSTM8\lib\libm0.sm8)lsub.o ***
c_ltor                           00008cf1   defined in (D:\Programas\CosmicC\CXSTM8\lib\libm0.sm8)ltor.o section .text
                                            used in Debug\hx711.o
                                                    Debug\stm8s_uart1.o
                                                    Debug\stm8s_flash.o
                                                    Debug\stm8s_clk.o
c_ludv                           00008d03   defined in (D:\Programas\CosmicC\CXSTM8\lib\libm0.sm8)ludiv.o section .text
                                            used in Debug\hx711.o
                                                    Debug\stm8s_uart1.o
                                                    Debug\stm8s_clk.o
c_lursh                          00008e2a   defined in (D:\Programas\CosmicC\CXSTM8\lib\libm0.sm8)lursh.o section .text
                                            used in Debug\hx711.o
c_rtol                           00008e39   defined in (D:\Programas\CosmicC\CXSTM8\lib\libm0.sm8)rtol.o section .text
                                            used in Debug\hx711.o
                                                    Debug\stm8s_uart1.o
                                                    Debug\stm8s_flash.o
                                                    Debug\stm8s_clk.o
c_smul                           ********   *** removed from (D:\Programas\CosmicC\CXSTM8\lib\libm0.sm8)smul.o ***
c_uitolx                         00008e4b   defined in (D:\Programas\CosmicC\CXSTM8\lib\libm0.sm8)utolx.o section .text
                                            used in Debug\hx711.o
c_umul                           ********   *** removed from (D:\Programas\CosmicC\CXSTM8\lib\libm0.sm8)umul.o ***
c_x                              00000038   defined in (D:\Programas\CosmicC\CXSTM8\lib\libm0.sm8)xreg.o section .ubsct
                                            used in D:\Programas\CosmicC\CXSTM8\lib\crtsi0.sm8
                                                    Debug\dht11.o
                                                    Debug\stm8s_itc.o
                                                    (D:\Programas\CosmicC\CXSTM8\lib\libm0.sm8)ldiv.o
                                                    (D:\Programas\CosmicC\CXSTM8\lib\libm0.sm8)umul.o
                                                    (D:\Programas\CosmicC\CXSTM8\lib\libm0.sm8)xymov.o
c_xymov                          00008e52   defined in (D:\Programas\CosmicC\CXSTM8\lib\libm0.sm8)xymov.o section .text
                                            used in Debug\dht11.o
c_y                              0000003b   defined in (D:\Programas\CosmicC\CXSTM8\lib\libm0.sm8)yreg.o section .ubsct
                                            used in D:\Programas\CosmicC\CXSTM8\lib\crtsi0.sm8
                                                    Debug\stm8s_itc.o
                                                    (D:\Programas\CosmicC\CXSTM8\lib\libm0.sm8)umul.o
f_NonHandledInterrupt            00008e91   defined in Debug\stm8_interrupt_vector.o section .text
f_TIM1_OV_IRQHandler             00008a3a   defined in Debug\stm8s_itc.o section .text
                                            used in Debug\stm8_interrupt_vector.o
