
Map of Release\supermaceta_v1.sm8 from link file Release\supermaceta_v1.lkf - Sun Sep 19 19:12:27 2021


                               --------
                               Segments
                               --------

start 00008080 end 0000808f length    15 segment .const
start 00008099 end 00009122 length  4233 segment .text
start 00004000 end 00004000 length     0 segment .eeprom
start 00000000 end 00000002 length     2 segment .bsct, initialized
start 00008097 end 00008099 length     2 segment .bsct, from
start 00000002 end 00000045 length    67 segment .ubsct
start 00000045 end 00000045 length     0 segment .bit
start 00000045 end 00000045 length     0 segment .share
start 00000100 end 00000100 length     0 segment .data
start 00000100 end 00000100 length     0 segment .bss
start 00000000 end 000012fc length  4860 segment .info.
start 00008000 end 00008080 length   128 segment .const
start 0000808f end 00008097 length     8 segment .init


                               -------
                               Modules
                               -------

D:\Programas\CosmicC\CXSTM8\lib\crtsi0.sm8:
start 00008099 end 000080e9 length    80 section .text
start 00000100 end 00000100 length     0 section .bss
start 00000002 end 00000002 length     0 section .ubsct
start 00000000 end 00000034 length    52 section .info.

Release\main.o:
start ******** end ******** length     0 section .bsct *** removed ***
start 00000002 end 0000003b length    57 section .ubsct
start 00000034 end 000000b0 length   124 section .info.
start ******** end ******** length     0 section .const *** removed ***
start 000080e9 end 000081af length   198 section .text

Release\clock.o:
start ******** end ******** length     0 section .bsct *** removed ***
start 000000b0 end 0000012d length   125 section .info.
start 000081af end 000081e8 length    57 section .text
start 000081e8 end 00008216 length    46 section .text
start ******** end ******** length     0 section .text *** removed ***

Release\gpio_config.o:
start ******** end ******** length     0 section .bsct *** removed ***
start 0000012d end 000001b0 length   131 section .info.
start 00008216 end 0000821b length     5 section .text

Release\gpio.o:
start ******** end ******** length     0 section .bsct *** removed ***
start 000001b0 end 0000022c length   124 section .info.
start 0000821b end 00008227 length    12 section .text
start 00008227 end 00008236 length    15 section .text
start 00008236 end 00008250 length    26 section .text

Release\timer.o:
start ******** end ******** length     0 section .bsct *** removed ***
start 0000022c end 000002a9 length   125 section .info.
start 00008250 end 00008287 length    55 section .text
start 00008287 end 0000829b length    20 section .text

Release\timeout.o:
start ******** end ******** length     0 section .bsct *** removed ***
start 000002a9 end 00000328 length   127 section .info.
start 0000829b end 000082b3 length    24 section .text
start 000082b3 end 000082d4 length    33 section .text
start 000082d4 end 00008300 length    44 section .text

Release\rs485.o:
start ******** end ******** length     0 section .bsct *** removed ***
start 00000328 end 000003a5 length   125 section .info.

Release\rs485_tramas.o:
start ******** end ******** length     0 section .bsct *** removed ***
start 000003a5 end 00000429 length   132 section .info.

Release\dht11.o:
start ******** end ******** length     0 section .bsct *** removed ***
start 00000429 end 000004a6 length   125 section .info.
start 00008080 end 0000808f length    15 section .const
start 00008300 end 0000832c length    44 section .text
start 0000832c end 0000875e length  1074 section .text

Release\hx711.o:
start ******** end ******** length     0 section .bsct *** removed ***
start 000004a6 end 00000523 length   125 section .info.
start ******** end ******** length     0 section .const *** removed ***
start 0000875e end 000087f4 length   150 section .text
start 000087f4 end 00008a21 length   557 section .text
start 00008a21 end 00008c2c length   523 section .text

Release\stm8s_wwdg.o:
start ******** end ******** length     0 section .bsct *** removed ***
start 00000523 end 000005a5 length   130 section .info.
start ******** end ******** length     0 section .text *** removed ***
start ******** end ******** length     0 section .text *** removed ***
start ******** end ******** length     0 section .text *** removed ***
start ******** end ******** length     0 section .text *** removed ***
start ******** end ******** length     0 section .text *** removed ***

Release\stm8s_uart1.o:
start ******** end ******** length     0 section .bsct *** removed ***
start 000005a5 end 00000628 length   131 section .info.
start ******** end ******** length     0 section .text *** removed ***
start ******** end ******** length     0 section .const *** removed ***
start ******** end ******** length     0 section .text *** removed ***
start ******** end ******** length     0 section .text *** removed ***
start ******** end ******** length     0 section .text *** removed ***
start ******** end ******** length     0 section .text *** removed ***
start ******** end ******** length     0 section .text *** removed ***
start ******** end ******** length     0 section .text *** removed ***
start ******** end ******** length     0 section .text *** removed ***
start ******** end ******** length     0 section .text *** removed ***
start ******** end ******** length     0 section .text *** removed ***
start ******** end ******** length     0 section .text *** removed ***
start ******** end ******** length     0 section .text *** removed ***
start ******** end ******** length     0 section .text *** removed ***
start ******** end ******** length     0 section .text *** removed ***
start ******** end ******** length     0 section .text *** removed ***
start ******** end ******** length     0 section .text *** removed ***
start ******** end ******** length     0 section .text *** removed ***
start ******** end ******** length     0 section .text *** removed ***
start ******** end ******** length     0 section .text *** removed ***
start ******** end ******** length     0 section .text *** removed ***
start ******** end ******** length     0 section .text *** removed ***
start ******** end ******** length     0 section .text *** removed ***
start ******** end ******** length     0 section .text *** removed ***
start ******** end ******** length     0 section .text *** removed ***
start ******** end ******** length     0 section .text *** removed ***

Release\stm8s_tim4.o:
start ******** end ******** length     0 section .bsct *** removed ***
start 00000628 end 000006aa length   130 section .info.
start ******** end ******** length     0 section .text *** removed ***
start ******** end ******** length     0 section .text *** removed ***
start ******** end ******** length     0 section .text *** removed ***
start ******** end ******** length     0 section .text *** removed ***
start ******** end ******** length     0 section .text *** removed ***
start ******** end ******** length     0 section .text *** removed ***
start ******** end ******** length     0 section .text *** removed ***
start ******** end ******** length     0 section .text *** removed ***
start ******** end ******** length     0 section .text *** removed ***
start ******** end ******** length     0 section .text *** removed ***
start ******** end ******** length     0 section .text *** removed ***
start ******** end ******** length     0 section .text *** removed ***
start ******** end ******** length     0 section .text *** removed ***
start ******** end ******** length     0 section .text *** removed ***
start ******** end ******** length     0 section .text *** removed ***
start ******** end ******** length     0 section .text *** removed ***
start ******** end ******** length     0 section .text *** removed ***
start ******** end ******** length     0 section .text *** removed ***

Release\stm8s_tim2.o:
start ******** end ******** length     0 section .bsct *** removed ***
start 000006aa end 0000072c length   130 section .info.
start ******** end ******** length     0 section .text *** removed ***
start ******** end ******** length     0 section .text *** removed ***
start ******** end ******** length     0 section .text *** removed ***
start ******** end ******** length     0 section .text *** removed ***
start ******** end ******** length     0 section .text *** removed ***
start ******** end ******** length     0 section .text *** removed ***
start ******** end ******** length     0 section .text *** removed ***
start ******** end ******** length     0 section .text *** removed ***
start ******** end ******** length     0 section .text *** removed ***
start ******** end ******** length     0 section .text *** removed ***
start ******** end ******** length     0 section .text *** removed ***
start ******** end ******** length     0 section .text *** removed ***
start ******** end ******** length     0 section .text *** removed ***
start ******** end ******** length     0 section .text *** removed ***
start ******** end ******** length     0 section .text *** removed ***
start ******** end ******** length     0 section .text *** removed ***
start ******** end ******** length     0 section .text *** removed ***
start ******** end ******** length     0 section .text *** removed ***
start ******** end ******** length     0 section .text *** removed ***
start ******** end ******** length     0 section .text *** removed ***
start ******** end ******** length     0 section .text *** removed ***
start ******** end ******** length     0 section .text *** removed ***
start ******** end ******** length     0 section .text *** removed ***
start ******** end ******** length     0 section .text *** removed ***
start ******** end ******** length     0 section .text *** removed ***
start ******** end ******** length     0 section .text *** removed ***
start ******** end ******** length     0 section .text *** removed ***
start ******** end ******** length     0 section .text *** removed ***
start ******** end ******** length     0 section .text *** removed ***
start ******** end ******** length     0 section .text *** removed ***
start ******** end ******** length     0 section .text *** removed ***
start ******** end ******** length     0 section .text *** removed ***
start ******** end ******** length     0 section .text *** removed ***
start ******** end ******** length     0 section .text *** removed ***
start ******** end ******** length     0 section .text *** removed ***
start ******** end ******** length     0 section .text *** removed ***
start ******** end ******** length     0 section .text *** removed ***
start ******** end ******** length     0 section .text *** removed ***
start ******** end ******** length     0 section .text *** removed ***
start ******** end ******** length     0 section .text *** removed ***
start ******** end ******** length     0 section .text *** removed ***
start ******** end ******** length     0 section .text *** removed ***
start ******** end ******** length     0 section .text *** removed ***
start ******** end ******** length     0 section .text *** removed ***
start ******** end ******** length     0 section .text *** removed ***
start ******** end ******** length     0 section .text *** removed ***

Release\stm8s_tim1.o:
start ******** end ******** length     0 section .bsct *** removed ***
start 0000072c end 000007ae length   130 section .info.
start ******** end ******** length     0 section .text *** removed ***
start 00008c2c end 00008c4e length    34 section .text
start ******** end ******** length     0 section .text *** removed ***
start ******** end ******** length     0 section .text *** removed ***
start ******** end ******** length     0 section .text *** removed ***
start ******** end ******** length     0 section .text *** removed ***
start ******** end ******** length     0 section .text *** removed ***
start ******** end ******** length     0 section .text *** removed ***
start ******** end ******** length     0 section .text *** removed ***
start 00008c4e end 00008c5b length    13 section .text
start ******** end ******** length     0 section .text *** removed ***
start 00008c5b end 00008c71 length    22 section .text
start ******** end ******** length     0 section .text *** removed ***
start ******** end ******** length     0 section .text *** removed ***
start ******** end ******** length     0 section .text *** removed ***
start ******** end ******** length     0 section .text *** removed ***
start ******** end ******** length     0 section .text *** removed ***
start ******** end ******** length     0 section .text *** removed ***
start ******** end ******** length     0 section .text *** removed ***
start ******** end ******** length     0 section .text *** removed ***
start ******** end ******** length     0 section .text *** removed ***
start ******** end ******** length     0 section .text *** removed ***
start ******** end ******** length     0 section .text *** removed ***
start ******** end ******** length     0 section .text *** removed ***
start ******** end ******** length     0 section .text *** removed ***
start ******** end ******** length     0 section .text *** removed ***
start ******** end ******** length     0 section .text *** removed ***
start ******** end ******** length     0 section .text *** removed ***
start ******** end ******** length     0 section .text *** removed ***
start ******** end ******** length     0 section .text *** removed ***
start ******** end ******** length     0 section .text *** removed ***
start ******** end ******** length     0 section .text *** removed ***
start ******** end ******** length     0 section .text *** removed ***
start ******** end ******** length     0 section .text *** removed ***
start ******** end ******** length     0 section .text *** removed ***
start ******** end ******** length     0 section .text *** removed ***
start ******** end ******** length     0 section .text *** removed ***
start ******** end ******** length     0 section .text *** removed ***
start ******** end ******** length     0 section .text *** removed ***
start ******** end ******** length     0 section .text *** removed ***
start ******** end ******** length     0 section .text *** removed ***
start ******** end ******** length     0 section .text *** removed ***
start ******** end ******** length     0 section .text *** removed ***
start ******** end ******** length     0 section .text *** removed ***
start ******** end ******** length     0 section .text *** removed ***
start ******** end ******** length     0 section .text *** removed ***
start ******** end ******** length     0 section .text *** removed ***
start ******** end ******** length     0 section .text *** removed ***
start ******** end ******** length     0 section .text *** removed ***
start ******** end ******** length     0 section .text *** removed ***
start ******** end ******** length     0 section .text *** removed ***
start ******** end ******** length     0 section .text *** removed ***
start ******** end ******** length     0 section .text *** removed ***
start ******** end ******** length     0 section .text *** removed ***
start 00008c71 end 00008c7a length     9 section .text
start ******** end ******** length     0 section .text *** removed ***
start ******** end ******** length     0 section .text *** removed ***
start ******** end ******** length     0 section .text *** removed ***
start ******** end ******** length     0 section .text *** removed ***
start ******** end ******** length     0 section .text *** removed ***
start ******** end ******** length     0 section .text *** removed ***
start ******** end ******** length     0 section .text *** removed ***
start ******** end ******** length     0 section .text *** removed ***
start ******** end ******** length     0 section .text *** removed ***
start ******** end ******** length     0 section .text *** removed ***
start ******** end ******** length     0 section .text *** removed ***
start ******** end ******** length     0 section .text *** removed ***
start ******** end ******** length     0 section .text *** removed ***
start ******** end ******** length     0 section .text *** removed ***
start ******** end ******** length     0 section .text *** removed ***
start ******** end ******** length     0 section .text *** removed ***
start 00008c7a end 00008c8a length    16 section .text
start ******** end ******** length     0 section .text *** removed ***
start 00008c8a end 00008c8f length     5 section .text
start ******** end ******** length     0 section .text *** removed ***
start ******** end ******** length     0 section .text *** removed ***
start ******** end ******** length     0 section .text *** removed ***
start ******** end ******** length     0 section .text *** removed ***

Release\stm8s_spi.o:
start ******** end ******** length     0 section .bsct *** removed ***
start 000007ae end 0000082f length   129 section .info.
start ******** end ******** length     0 section .text *** removed ***
start ******** end ******** length     0 section .text *** removed ***
start ******** end ******** length     0 section .text *** removed ***
start ******** end ******** length     0 section .text *** removed ***
start ******** end ******** length     0 section .text *** removed ***
start ******** end ******** length     0 section .text *** removed ***
start ******** end ******** length     0 section .text *** removed ***
start ******** end ******** length     0 section .text *** removed ***
start ******** end ******** length     0 section .text *** removed ***
start ******** end ******** length     0 section .text *** removed ***
start ******** end ******** length     0 section .text *** removed ***
start ******** end ******** length     0 section .text *** removed ***
start ******** end ******** length     0 section .text *** removed ***
start ******** end ******** length     0 section .text *** removed ***
start ******** end ******** length     0 section .text *** removed ***
start ******** end ******** length     0 section .text *** removed ***
start ******** end ******** length     0 section .text *** removed ***

Release\stm8s_rst.o:
start ******** end ******** length     0 section .bsct *** removed ***
start 0000082f end 000008b0 length   129 section .info.
start ******** end ******** length     0 section .text *** removed ***
start ******** end ******** length     0 section .text *** removed ***

Release\stm8s_iwdg.o:
start ******** end ******** length     0 section .bsct *** removed ***
start 000008b0 end 00000932 length   130 section .info.
start ******** end ******** length     0 section .text *** removed ***
start ******** end ******** length     0 section .text *** removed ***
start ******** end ******** length     0 section .text *** removed ***
start ******** end ******** length     0 section .text *** removed ***
start ******** end ******** length     0 section .text *** removed ***

Release\stm8s_itc.o:
start 00000000 end 00000002 length     2 section .bsct
start 00000932 end 000009b3 length   129 section .info.
start 00008c8f end 00008cbe length    47 section .text
start 00008cbe end 00008cc1 length     3 section .text
start 00008cc1 end 00008cc4 length     3 section .text
start ******** end ******** length     0 section .text *** removed ***
start ******** end ******** length     0 section .text *** removed ***
start ******** end ******** length     0 section .text *** removed ***
start ******** end ******** length     0 section .const *** removed ***
start ******** end ******** length     0 section .text *** removed ***
start ******** end ******** length     0 section .text *** removed ***

Release\stm8s_i2c.o:
start ******** end ******** length     0 section .bsct *** removed ***
start 000009b3 end 00000a34 length   129 section .info.
start ******** end ******** length     0 section .text *** removed ***
start ******** end ******** length     0 section .const *** removed ***
start ******** end ******** length     0 section .text *** removed ***
start ******** end ******** length     0 section .text *** removed ***
start ******** end ******** length     0 section .text *** removed ***
start ******** end ******** length     0 section .text *** removed ***
start ******** end ******** length     0 section .text *** removed ***
start ******** end ******** length     0 section .text *** removed ***
start ******** end ******** length     0 section .text *** removed ***
start ******** end ******** length     0 section .text *** removed ***
start ******** end ******** length     0 section .text *** removed ***
start ******** end ******** length     0 section .text *** removed ***
start ******** end ******** length     0 section .text *** removed ***
start ******** end ******** length     0 section .text *** removed ***
start ******** end ******** length     0 section .text *** removed ***
start ******** end ******** length     0 section .text *** removed ***
start ******** end ******** length     0 section .text *** removed ***
start ******** end ******** length     0 section .text *** removed ***
start ******** end ******** length     0 section .text *** removed ***
start ******** end ******** length     0 section .text *** removed ***
start ******** end ******** length     0 section .text *** removed ***

Release\stm8s_gpio.o:
start ******** end ******** length     0 section .bsct *** removed ***
start 00000a34 end 00000ab6 length   130 section .info.
start 00008cc4 end 00008ccc length     8 section .text
start 00008ccc end 00008d1d length    81 section .text
start ******** end ******** length     0 section .text *** removed ***
start 00008d1d end 00008d22 length     5 section .text
start 00008d22 end 00008d28 length     6 section .text
start ******** end ******** length     0 section .text *** removed ***
start ******** end ******** length     0 section .text *** removed ***
start ******** end ******** length     0 section .text *** removed ***
start 00008d28 end 00008d2d length     5 section .text
start ******** end ******** length     0 section .text *** removed ***

Release\stm8s_flash.o:
start ******** end ******** length     0 section .bsct *** removed ***
start 00000ab6 end 00000b39 length   131 section .info.
start ******** end ******** length     0 section .text *** removed ***
start ******** end ******** length     0 section .text *** removed ***
start ******** end ******** length     0 section .text *** removed ***
start ******** end ******** length     0 section .text *** removed ***
start ******** end ******** length     0 section .text *** removed ***
start ******** end ******** length     0 section .text *** removed ***
start ******** end ******** length     0 section .text *** removed ***
start ******** end ******** length     0 section .text *** removed ***
start ******** end ******** length     0 section .text *** removed ***
start ******** end ******** length     0 section .text *** removed ***
start ******** end ******** length     0 section .text *** removed ***
start ******** end ******** length     0 section .text *** removed ***
start ******** end ******** length     0 section .text *** removed ***
start ******** end ******** length     0 section .text *** removed ***
start ******** end ******** length     0 section .text *** removed ***
start ******** end ******** length     0 section .text *** removed ***
start ******** end ******** length     0 section .text *** removed ***
start ******** end ******** length     0 section .text *** removed ***
start ******** end ******** length     0 section .text *** removed ***
start ******** end ******** length     0 section .text *** removed ***

Release\stm8s_exti.o:
start ******** end ******** length     0 section .bsct *** removed ***
start 00000b39 end 00000bbb length   130 section .info.
start ******** end ******** length     0 section .text *** removed ***
start ******** end ******** length     0 section .text *** removed ***
start ******** end ******** length     0 section .text *** removed ***
start ******** end ******** length     0 section .text *** removed ***
start ******** end ******** length     0 section .text *** removed ***

Release\stm8s_clk.o:
start ******** end ******** length     0 section .bsct *** removed ***
start 00000bbb end 00000c3c length   129 section .info.
start ******** end ******** length     0 section .const *** removed ***
start 00008d2d end 00008d63 length    54 section .text
start ******** end ******** length     0 section .text *** removed ***
start 00008d63 end 00008d70 length    13 section .text
start 00008d70 end 00008d7d length    13 section .text
start 00008d7d end 00008d8a length    13 section .text
start ******** end ******** length     0 section .text *** removed ***
start 00008d8a end 00008d97 length    13 section .text
start ******** end ******** length     0 section .text *** removed ***
start 00008d97 end 00008dfd length   102 section .text
start 00008dfd end 00008e9e length   161 section .text
start 00008e9e end 00008eb1 length    19 section .text
start ******** end ******** length     0 section .text *** removed ***
start ******** end ******** length     0 section .text *** removed ***
start 00008eb1 end 00008ed8 length    39 section .text
start ******** end ******** length     0 section .text *** removed ***
start ******** end ******** length     0 section .text *** removed ***
start ******** end ******** length     0 section .text *** removed ***
start ******** end ******** length     0 section .text *** removed ***
start ******** end ******** length     0 section .text *** removed ***
start ******** end ******** length     0 section .text *** removed ***
start 00008ed8 end 00008f1b length    67 section .text
start ******** end ******** length     0 section .text *** removed ***
start ******** end ******** length     0 section .text *** removed ***

Release\stm8s_beep.o:
start ******** end ******** length     0 section .bsct *** removed ***
start 00000c3c end 00000cbe length   130 section .info.
start ******** end ******** length     0 section .text *** removed ***
start ******** end ******** length     0 section .text *** removed ***
start ******** end ******** length     0 section .text *** removed ***
start ******** end ******** length     0 section .const *** removed ***
start ******** end ******** length     0 section .text *** removed ***

Release\stm8s_awu.o:
start ******** end ******** length     0 section .bsct *** removed ***
start 00000cbe end 00000d3f length   129 section .info.
start ******** end ******** length     0 section .const *** removed ***
start ******** end ******** length     0 section .text *** removed ***
start ******** end ******** length     0 section .text *** removed ***
start ******** end ******** length     0 section .text *** removed ***
start ******** end ******** length     0 section .text *** removed ***
start ******** end ******** length     0 section .text *** removed ***
start ******** end ******** length     0 section .text *** removed ***

Release\stm8s_adc1.o:
start ******** end ******** length     0 section .bsct *** removed ***
start 00000d3f end 00000dc1 length   130 section .info.
start ******** end ******** length     0 section .text *** removed ***
start ******** end ******** length     0 section .text *** removed ***
start ******** end ******** length     0 section .text *** removed ***
start ******** end ******** length     0 section .text *** removed ***
start ******** end ******** length     0 section .text *** removed ***
start ******** end ******** length     0 section .text *** removed ***
start ******** end ******** length     0 section .text *** removed ***
start ******** end ******** length     0 section .text *** removed ***
start ******** end ******** length     0 section .text *** removed ***
start ******** end ******** length     0 section .text *** removed ***
start ******** end ******** length     0 section .text *** removed ***
start ******** end ******** length     0 section .text *** removed ***
start ******** end ******** length     0 section .text *** removed ***
start ******** end ******** length     0 section .text *** removed ***
start ******** end ******** length     0 section .text *** removed ***
start ******** end ******** length     0 section .text *** removed ***
start ******** end ******** length     0 section .text *** removed ***
start ******** end ******** length     0 section .text *** removed ***
start ******** end ******** length     0 section .text *** removed ***
start ******** end ******** length     0 section .text *** removed ***
start ******** end ******** length     0 section .text *** removed ***

(D:\Programas\CosmicC\CXSTM8\lib\libm0.sm8)cmulx.o:
start ******** end ******** length     0 section .text *** removed ***
start 00000dc1 end 00000df1 length    48 section .info.

(D:\Programas\CosmicC\CXSTM8\lib\libm0.sm8)imul.o:
start ******** end ******** length     0 section .text *** removed ***
start 00000df1 end 00000e20 length    47 section .info.

(D:\Programas\CosmicC\CXSTM8\lib\libm0.sm8)ladd.o:
start ******** end ******** length     0 section .text *** removed ***
start 00000e20 end 00000e4f length    47 section .info.

(D:\Programas\CosmicC\CXSTM8\lib\libm0.sm8)lcmp.o:
start 00008f1b end 00008f3b length    32 section .text
start 00000e4f end 00000e7e length    47 section .info.

(D:\Programas\CosmicC\CXSTM8\lib\libm0.sm8)lgadd.o:
start 00008f3b end 00008f52 length    23 section .text
start 00000e7e end 00000eae length    48 section .info.

(D:\Programas\CosmicC\CXSTM8\lib\libm0.sm8)lgor.o:
start 00008f52 end 00008f69 length    23 section .text
start 00000eae end 00000edd length    47 section .info.

(D:\Programas\CosmicC\CXSTM8\lib\libm0.sm8)llsh.o:
start ******** end ******** length     0 section .text *** removed ***
start 00000edd end 00000f0c length    47 section .info.

(D:\Programas\CosmicC\CXSTM8\lib\libm0.sm8)lmul.o:
start ******** end ******** length     0 section .text *** removed ***
start 00000f0c end 00000f3b length    47 section .info.

(D:\Programas\CosmicC\CXSTM8\lib\libm0.sm8)lreg.o:
start 0000003b end 0000003f length     4 section .ubsct
start 00000f3b end 00000f6a length    47 section .info.

(D:\Programas\CosmicC\CXSTM8\lib\libm0.sm8)lsub.o:
start 00008f69 end 00008f81 length    24 section .text
start 00000f6a end 00000f99 length    47 section .info.

(D:\Programas\CosmicC\CXSTM8\lib\libm0.sm8)ltor.o:
start 00008f81 end 00008f93 length    18 section .text
start 00000f99 end 00000fc8 length    47 section .info.

(D:\Programas\CosmicC\CXSTM8\lib\libm0.sm8)ludiv.o:
start 00008f93 end 00008fa7 length    20 section .text
start 00000fc8 end 00000ff8 length    48 section .info.

(D:\Programas\CosmicC\CXSTM8\lib\libm0.sm8)ldiv.o:
start 00008fa7 end 00009092 length   235 section .text
start 00000ff8 end 00001027 length    47 section .info.

(D:\Programas\CosmicC\CXSTM8\lib\libm0.sm8)lgneg.o:
start 00009092 end 000090a5 length    19 section .text
start 00001027 end 00001057 length    48 section .info.

(D:\Programas\CosmicC\CXSTM8\lib\libm0.sm8)lneg.o:
start 000090a5 end 000090ba length    21 section .text
start 00001057 end 00001086 length    47 section .info.

(D:\Programas\CosmicC\CXSTM8\lib\libm0.sm8)lursh.o:
start 000090ba end 000090c9 length    15 section .text
start 00001086 end 000010b6 length    48 section .info.

(D:\Programas\CosmicC\CXSTM8\lib\libm0.sm8)rtol.o:
start 000090c9 end 000090db length    18 section .text
start 000010b6 end 000010e5 length    47 section .info.

(D:\Programas\CosmicC\CXSTM8\lib\libm0.sm8)sdivx.o:
start ******** end ******** length     0 section .text *** removed ***
start 000010e5 end 00001115 length    48 section .info.

(D:\Programas\CosmicC\CXSTM8\lib\libm0.sm8)smul.o:
start ******** end ******** length     0 section .text *** removed ***
start 00001115 end 00001144 length    47 section .info.

(D:\Programas\CosmicC\CXSTM8\lib\libm0.sm8)utolx.o:
start 000090db end 000090e2 length     7 section .text
start 00001144 end 00001174 length    48 section .info.

(D:\Programas\CosmicC\CXSTM8\lib\libm0.sm8)umul.o:
start ******** end ******** length     0 section .text *** removed ***
start 00001174 end 000011a3 length    47 section .info.

(D:\Programas\CosmicC\CXSTM8\lib\libm0.sm8)xreg.o:
start 0000003f end 00000042 length     3 section .ubsct
start 000011a3 end 000011d2 length    47 section .info.

(D:\Programas\CosmicC\CXSTM8\lib\libm0.sm8)xymov.o:
start 000090e2 end 00009121 length    63 section .text
start 000011d2 end 00001202 length    48 section .info.

(D:\Programas\CosmicC\CXSTM8\lib\libm0.sm8)yreg.o:
start 00000042 end 00000045 length     3 section .ubsct
start 00001202 end 00001231 length    47 section .info.

Release\stm8_interrupt_vector.o:
start ******** end ******** length     0 section .bsct *** removed ***
start 00001231 end 000012be length   141 section .info.
start 00009121 end 00009122 length     1 section .text
start 00008000 end 00008080 length   128 section .const


                             -----------
                             Stack usage
                             -----------

Release\clock.o:
_Clock_HSI_Init                 14   (4)
_DisableAllPeripherals           6   (2)

Release\dht11.o:
_DHT11_Init                     18   (8)
_dht11_Lectura              >   43   (25) *** pointer() ***

Release\gpio.o:
_NHALgpio_Init                   8   (2)
_NHALgpio_Read                   7   (2)
_NHALgpio_Write                 10   (5)

Release\gpio_config.o:
_NHALgpioConfig_SetType          5   (5)

Release\hx711.o:
_HX711_Init                     24   (14)
_hx711_Lectura              >   33   (15) *** pointer() ***
_hx711_Tarar                >   38   (20) *** pointer() ***

Release\main.o:
_main                       >   33   (9) *** pointer() ***

Release\stm8_interrupt_vector.o:
f_NonHandledInterrupt       >    6   (6)

Release\stm8s_clk.o:
_CLK_ClockSwitchCmd              2   (2)
_CLK_ClockSwitchConfig          10   (10)
_CLK_DeInit                      2   (2)
_CLK_GetFlagStatus               7   (7)
_CLK_HSECmd                      2   (2)
_CLK_HSICmd                      2   (2)
_CLK_HSIPrescalerConfig          3   (3)
_CLK_LSICmd                      2   (2)
_CLK_PeripheralClockConfig       4   (4)
_CLK_SYSCLKConfig                3   (3)

Release\stm8s_gpio.o:
_GPIO_DeInit                     2   (2)
_GPIO_Init                       6   (6)
_GPIO_ReadInputPin               5   (5)
_GPIO_WriteHigh                  5   (5)
_GPIO_WriteLow                   5   (5)

Release\stm8s_itc.o:
_getFlagTimer1              >    2   (2)
_setFlagTimer1              >    2   (2)
f_TIM1_OV_IRQHandler        >   16   (12)

Release\stm8s_tim1.o:
_TIM1_ClearFlag                  4   (4)
_TIM1_ClearITPendingBit          2   (2)
_TIM1_Cmd                        2   (2)
_TIM1_ITConfig                   4   (4)
_TIM1_SetCounter                 2   (2)
_TIM1_TimeBaseInit               8   (8)

Release\timeout.o:
_Timeout_Init                   10   (10)
_Timeout_Start                  18   (6)
_Timeout_Stop                    8   (4) *** pointer() ***

Release\timer.o:
_Timer_Config_Init              10   (10)
_Timer_Init                     12   (4)

Stack size: 59


                              ---------
                              Call tree
                              ---------
   1 > __stext: (0)

   2 > _dht11_Lectura: (25)
   3      + _NHALgpioConfig_SetType: (5)
   4      + _NHALgpio_Init: (2)
   5      |    + _GPIO_Init: (6)
          | 
   6      + _NHALgpio_Read: (2)
   7      |    + _GPIO_ReadInputPin: (5)
          | 
   8      + _NHALgpio_Write: (5)
   9      |    + _GPIO_WriteHigh: (5)
  10      |    + _GPIO_WriteLow: (5)
          | 
  11      + _Timeout_Start: (6)
  12      |    + _Timer_Init: (4)
  13      |    |    + _TIM1_Cmd: (2)
  14      |    |    + _TIM1_ITConfig: (4)
  15      |    |    + _TIM1_TimeBaseInit: (8)
          |    | 
          | 
  16      + _Timeout_Stop: (4)
  17      |    + _TIM1_ClearFlag: (4)
  18      |    + _TIM1_ClearITPendingBit: (2)
  19      |    + _TIM1_Cmd --> 13
  20      |    + _TIM1_ITConfig --> 14
  21      |    + _TIM1_SetCounter: (2)
          | 
       
  22 > _getFlagTimer1: (2)

  23 > _hx711_Lectura: (15)
  24      + _NHALgpio_Read --> 6
  25      + _NHALgpio_Write --> 8
  26      + _Timeout_Start --> 11
  27      + _Timeout_Stop --> 16
       
  28 > _hx711_Tarar: (20)
  29      + _NHALgpio_Read --> 6
  30      + _NHALgpio_Write --> 8
  31      + _Timeout_Start --> 11
  32      + _Timeout_Stop --> 16
       
  33 > _main: (9)
  34      + _Clock_HSI_Init: (4)
  35      |    + _CLK_ClockSwitchCmd: (2)
  36      |    + _CLK_ClockSwitchConfig: (10)
  37      |    + _CLK_DeInit: (2)
  38      |    + _CLK_GetFlagStatus: (7)
  39      |    + _CLK_HSECmd: (2)
  40      |    + _CLK_HSICmd: (2)
  41      |    + _CLK_HSIPrescalerConfig: (3)
  42      |    + _CLK_LSICmd: (2)
  43      |    + _CLK_SYSCLKConfig: (3)
  44      |    + _DisableAllPeripherals: (2)
  45      |    |    + _CLK_PeripheralClockConfig: (4)
          |    | 
          | 
  46      + _DHT11_Init: (8)
  47      |    + _NHALgpioConfig_SetType --> 3
  48      |    + _NHALgpio_Init --> 4
  49      |    + _NHALgpio_Write --> 8
          | 
  50      + _GPIO_DeInit: (2)
  51      + _HX711_Init: (14)
  52      |    + _NHALgpioConfig_SetType --> 3
  53      |    + _NHALgpio_Init --> 4
  54      |    + _NHALgpio_Write --> 8
          | 
  55      + _Timeout_Init: (10)
  56      + _Timer_Config_Init: (10)
       
  57 > _setFlagTimer1: (2)

  58 > f_NonHandledInterrupt: (6)

  59 > f_TIM1_OV_IRQHandler: (12)
  60      + _TIM1_ClearFlag --> 17
  61      + _TIM1_ClearITPendingBit --> 18
       
  62   _CLK_ClockSwitchCmd --> 35

  63   _CLK_ClockSwitchConfig --> 36

  64   _CLK_DeInit --> 37

  65   _CLK_GetFlagStatus --> 38

  66   _CLK_HSECmd --> 39

  67   _CLK_HSICmd --> 40

  68   _CLK_HSIPrescalerConfig --> 41

  69   _CLK_LSICmd --> 42

  70   _CLK_PeripheralClockConfig --> 45

  71   _CLK_SYSCLKConfig --> 43

  72   _Clock_HSI_Init --> 34

  73   _DHT11_Init --> 46

  74   _DisableAllPeripherals --> 44

  75   _GPIO_DeInit --> 50

  76   _GPIO_Init --> 5

  77   _GPIO_ReadInputPin --> 7

  78   _GPIO_WriteHigh --> 9

  79   _GPIO_WriteLow --> 10

  80   _HX711_Init --> 51

  81   _NHALgpioConfig_SetType --> 3

  82   _NHALgpio_Init --> 4

  83   _NHALgpio_Read --> 6

  84   _NHALgpio_Write --> 8

  85   _TIM1_ClearFlag --> 17

  86   _TIM1_ClearITPendingBit --> 18

  87   _TIM1_Cmd --> 13

  88   _TIM1_ITConfig --> 14

  89   _TIM1_SetCounter --> 21

  90   _TIM1_TimeBaseInit --> 15

  91   _Timeout_Init --> 55

  92   _Timeout_Start --> 11

  93   _Timeout_Stop --> 16

  94   _Timer_Config_Init --> 56

  95   _Timer_Init --> 12



                               -------
                               Symbols
                               -------

_ADC1_AWDChannelConfig           ********   *** removed from Release\stm8s_adc1.o ***
_ADC1_ClearFlag                  ********   *** removed from Release\stm8s_adc1.o ***
_ADC1_ClearITPendingBit          ********   *** removed from Release\stm8s_adc1.o ***
_ADC1_Cmd                        ********   *** removed from Release\stm8s_adc1.o ***
_ADC1_ConversionConfig           ********   *** removed from Release\stm8s_adc1.o ***
_ADC1_DataBufferCmd              ********   *** removed from Release\stm8s_adc1.o ***
_ADC1_DeInit                     ********   *** removed from Release\stm8s_adc1.o ***
_ADC1_ExternalTriggerConfig      ********   *** removed from Release\stm8s_adc1.o ***
_ADC1_GetAWDChannelStatus        ********   *** removed from Release\stm8s_adc1.o ***
_ADC1_GetBufferValue             ********   *** removed from Release\stm8s_adc1.o ***
_ADC1_GetConversionValue         ********   *** removed from Release\stm8s_adc1.o ***
_ADC1_GetFlagStatus              ********   *** removed from Release\stm8s_adc1.o ***
_ADC1_GetITStatus                ********   *** removed from Release\stm8s_adc1.o ***
_ADC1_ITConfig                   ********   *** removed from Release\stm8s_adc1.o ***
_ADC1_Init                       ********   *** removed from Release\stm8s_adc1.o ***
_ADC1_PrescalerConfig            ********   *** removed from Release\stm8s_adc1.o ***
_ADC1_ScanModeCmd                ********   *** removed from Release\stm8s_adc1.o ***
_ADC1_SchmittTriggerConfig       ********   *** removed from Release\stm8s_adc1.o ***
_ADC1_SetHighThreshold           ********   *** removed from Release\stm8s_adc1.o ***
_ADC1_SetLowThreshold            ********   *** removed from Release\stm8s_adc1.o ***
_ADC1_StartConversion            ********   *** removed from Release\stm8s_adc1.o ***
_APR_Array                       ********   *** removed from Release\stm8s_awu.o ***
_AWU_Cmd                         ********   *** removed from Release\stm8s_awu.o ***
_AWU_DeInit                      ********   *** removed from Release\stm8s_awu.o ***
_AWU_GetFlagStatus               ********   *** removed from Release\stm8s_awu.o ***
_AWU_IdleModeEnable              ********   *** removed from Release\stm8s_awu.o ***
_AWU_Init                        ********   *** removed from Release\stm8s_awu.o ***
_AWU_LSICalibrationConfig        ********   *** removed from Release\stm8s_awu.o ***
_BEEP_Cmd                        ********   *** removed from Release\stm8s_beep.o ***
_BEEP_DeInit                     ********   *** removed from Release\stm8s_beep.o ***
_BEEP_Init                       ********   *** removed from Release\stm8s_beep.o ***
_BEEP_LSICalibrationConfig       ********   *** removed from Release\stm8s_beep.o ***
_CLKPrescTable                   ********   *** removed from Release\stm8s_clk.o ***
_CLK_AdjustHSICalibrationValue   ********   *** removed from Release\stm8s_clk.o ***
_CLK_CCOCmd                      ********   *** removed from Release\stm8s_clk.o ***
_CLK_CCOConfig                   ********   *** removed from Release\stm8s_clk.o ***
_CLK_ClearITPendingBit           ********   *** removed from Release\stm8s_clk.o ***
_CLK_ClockSecuritySystemEnable   ********   *** removed from Release\stm8s_clk.o ***
_CLK_ClockSwitchCmd              00008d8a   defined in Release\stm8s_clk.o section .text
                                            used in Release\clock.o
_CLK_ClockSwitchConfig           00008dfd   defined in Release\stm8s_clk.o section .text
                                            used in Release\clock.o
_CLK_DeInit                      00008d2d   defined in Release\stm8s_clk.o section .text
                                            used in Release\clock.o
_CLK_FastHaltWakeUpCmd           ********   *** removed from Release\stm8s_clk.o ***
_CLK_GetClockFreq                ********   *** removed from Release\stm8s_clk.o ***
_CLK_GetFlagStatus               00008ed8   defined in Release\stm8s_clk.o section .text
                                            used in Release\clock.o
_CLK_GetITStatus                 ********   *** removed from Release\stm8s_clk.o ***
_CLK_GetSYSCLKSource             ********   *** removed from Release\stm8s_clk.o ***
_CLK_HSECmd                      00008d63   defined in Release\stm8s_clk.o section .text
                                            used in Release\clock.o
_CLK_HSICmd                      00008d70   defined in Release\stm8s_clk.o section .text
                                            used in Release\clock.o
_CLK_HSIPrescalerConfig          00008e9e   defined in Release\stm8s_clk.o section .text
                                            used in Release\clock.o
_CLK_ITConfig                    ********   *** removed from Release\stm8s_clk.o ***
_CLK_LSICmd                      00008d7d   defined in Release\stm8s_clk.o section .text
                                            used in Release\clock.o
_CLK_PeripheralClockConfig       00008d97   defined in Release\stm8s_clk.o section .text
                                            used in Release\clock.o
_CLK_SWIMConfig                  ********   *** removed from Release\stm8s_clk.o ***
_CLK_SYSCLKConfig                00008eb1   defined in Release\stm8s_clk.o section .text
                                            used in Release\clock.o
_CLK_SYSCLKEmergencyClear        ********   *** removed from Release\stm8s_clk.o ***
_CLK_SlowActiveHaltWakeUpCmd     ********   *** removed from Release\stm8s_clk.o ***
_Clock_HSI_Init                  000081af   defined in Release\clock.o section .text
                                            used in Release\main.o
_DHT11_Init                      00008300   defined in Release\dht11.o section .text
                                            used in Release\main.o
_DisableAllPeripherals           000081e8   defined in Release\clock.o section .text
_EXTI_DeInit                     ********   *** removed from Release\stm8s_exti.o ***
_EXTI_GetExtIntSensitivity       ********   *** removed from Release\stm8s_exti.o ***
_EXTI_GetTLISensitivity          ********   *** removed from Release\stm8s_exti.o ***
_EXTI_SetExtIntSensitivity       ********   *** removed from Release\stm8s_exti.o ***
_EXTI_SetTLISensitivity          ********   *** removed from Release\stm8s_exti.o ***
_EnableClockMirror               ********   *** removed from Release\clock.o ***
_FLASH_DeInit                    ********   *** removed from Release\stm8s_flash.o ***
_FLASH_EraseBlock                ********   *** removed from Release\stm8s_flash.o ***
_FLASH_EraseByte                 ********   *** removed from Release\stm8s_flash.o ***
_FLASH_EraseOptionByte           ********   *** removed from Release\stm8s_flash.o ***
_FLASH_GetBootSize               ********   *** removed from Release\stm8s_flash.o ***
_FLASH_GetFlagStatus             ********   *** removed from Release\stm8s_flash.o ***
_FLASH_GetLowPowerMode           ********   *** removed from Release\stm8s_flash.o ***
_FLASH_GetProgrammingTime        ********   *** removed from Release\stm8s_flash.o ***
_FLASH_ITConfig                  ********   *** removed from Release\stm8s_flash.o ***
_FLASH_Lock                      ********   *** removed from Release\stm8s_flash.o ***
_FLASH_ProgramBlock              ********   *** removed from Release\stm8s_flash.o ***
_FLASH_ProgramByte               ********   *** removed from Release\stm8s_flash.o ***
_FLASH_ProgramOptionByte         ********   *** removed from Release\stm8s_flash.o ***
_FLASH_ProgramWord               ********   *** removed from Release\stm8s_flash.o ***
_FLASH_ReadByte                  ********   *** removed from Release\stm8s_flash.o ***
_FLASH_ReadOptionByte            ********   *** removed from Release\stm8s_flash.o ***
_FLASH_SetLowPowerMode           ********   *** removed from Release\stm8s_flash.o ***
_FLASH_SetProgrammingTime        ********   *** removed from Release\stm8s_flash.o ***
_FLASH_Unlock                    ********   *** removed from Release\stm8s_flash.o ***
_FLASH_WaitForLastOperation      ********   *** removed from Release\stm8s_flash.o ***
_GPIO_DeInit                     00008cc4   defined in Release\stm8s_gpio.o section .text
                                            used in Release\main.o
_GPIO_ExternalPullUpConfig       ********   *** removed from Release\stm8s_gpio.o ***
_GPIO_Init                       00008ccc   defined in Release\stm8s_gpio.o section .text
                                            used in Release\gpio.o
_GPIO_ReadInputData              ********   *** removed from Release\stm8s_gpio.o ***
_GPIO_ReadInputPin               00008d28   defined in Release\stm8s_gpio.o section .text
                                            used in Release\gpio.o
_GPIO_ReadOutputData             ********   *** removed from Release\stm8s_gpio.o ***
_GPIO_Write                      ********   *** removed from Release\stm8s_gpio.o ***
_GPIO_WriteHigh                  00008d1d   defined in Release\stm8s_gpio.o section .text
                                            used in Release\gpio.o
_GPIO_WriteLow                   00008d22   defined in Release\stm8s_gpio.o section .text
                                            used in Release\gpio.o
_GPIO_WriteReverse               ********   *** removed from Release\stm8s_gpio.o ***
_HSIDivFactor                    ********   *** removed from Release\stm8s_clk.o ***
_HX711_Init                      0000875e   defined in Release\hx711.o section .text
                                            used in Release\main.o
_I2C_AcknowledgeConfig           ********   *** removed from Release\stm8s_i2c.o ***
_I2C_CheckEvent                  ********   *** removed from Release\stm8s_i2c.o ***
_I2C_ClearFlag                   ********   *** removed from Release\stm8s_i2c.o ***
_I2C_ClearITPendingBit           ********   *** removed from Release\stm8s_i2c.o ***
_I2C_Cmd                         ********   *** removed from Release\stm8s_i2c.o ***
_I2C_DeInit                      ********   *** removed from Release\stm8s_i2c.o ***
_I2C_FastModeDutyCycleConfig     ********   *** removed from Release\stm8s_i2c.o ***
_I2C_GeneralCallCmd              ********   *** removed from Release\stm8s_i2c.o ***
_I2C_GenerateSTART               ********   *** removed from Release\stm8s_i2c.o ***
_I2C_GenerateSTOP                ********   *** removed from Release\stm8s_i2c.o ***
_I2C_GetFlagStatus               ********   *** removed from Release\stm8s_i2c.o ***
_I2C_GetITStatus                 ********   *** removed from Release\stm8s_i2c.o ***
_I2C_GetLastEvent                ********   *** removed from Release\stm8s_i2c.o ***
_I2C_ITConfig                    ********   *** removed from Release\stm8s_i2c.o ***
_I2C_Init                        ********   *** removed from Release\stm8s_i2c.o ***
_I2C_ReceiveData                 ********   *** removed from Release\stm8s_i2c.o ***
_I2C_Send7bitAddress             ********   *** removed from Release\stm8s_i2c.o ***
_I2C_SendData                    ********   *** removed from Release\stm8s_i2c.o ***
_I2C_SoftwareResetCmd            ********   *** removed from Release\stm8s_i2c.o ***
_I2C_StretchClockCmd             ********   *** removed from Release\stm8s_i2c.o ***
_ITC_DeInit                      ********   *** removed from Release\stm8s_itc.o ***
_ITC_GetCPUCC                    ********   *** removed from Release\stm8s_itc.o ***
_ITC_GetSoftIntStatus            ********   *** removed from Release\stm8s_itc.o ***
_ITC_GetSoftwarePriority         ********   *** removed from Release\stm8s_itc.o ***
_ITC_SetSoftwarePriority         ********   *** removed from Release\stm8s_itc.o ***
_IWDG_Enable                     ********   *** removed from Release\stm8s_iwdg.o ***
_IWDG_ReloadCounter              ********   *** removed from Release\stm8s_iwdg.o ***
_IWDG_SetPrescaler               ********   *** removed from Release\stm8s_iwdg.o ***
_IWDG_SetReload                  ********   *** removed from Release\stm8s_iwdg.o ***
_IWDG_WriteAccessCmd             ********   *** removed from Release\stm8s_iwdg.o ***
_NHALgpioConfig_SetType          00008216   defined in Release\gpio_config.o section .text
                                            used in Release\clock.o
                                                    Release\dht11.o
                                                    Release\hx711.o
_NHALgpio_Init                   0000821b   defined in Release\gpio.o section .text
                                            used in Release\clock.o
                                                    Release\dht11.o
                                                    Release\hx711.o
_NHALgpio_Read                   00008227   defined in Release\gpio.o section .text
                                            used in Release\dht11.o
                                                    Release\hx711.o
_NHALgpio_Write                  00008236   defined in Release\gpio.o section .text
                                            used in Release\dht11.o
                                                    Release\hx711.o
_RST_ClearFlag                   ********   *** removed from Release\stm8s_rst.o ***
_RST_GetFlagStatus               ********   *** removed from Release\stm8s_rst.o ***
_SPI_BiDirectionalLineConfig     ********   *** removed from Release\stm8s_spi.o ***
_SPI_CalculateCRCCmd             ********   *** removed from Release\stm8s_spi.o ***
_SPI_ClearFlag                   ********   *** removed from Release\stm8s_spi.o ***
_SPI_ClearITPendingBit           ********   *** removed from Release\stm8s_spi.o ***
_SPI_Cmd                         ********   *** removed from Release\stm8s_spi.o ***
_SPI_DeInit                      ********   *** removed from Release\stm8s_spi.o ***
_SPI_GetCRC                      ********   *** removed from Release\stm8s_spi.o ***
_SPI_GetCRCPolynomial            ********   *** removed from Release\stm8s_spi.o ***
_SPI_GetFlagStatus               ********   *** removed from Release\stm8s_spi.o ***
_SPI_GetITStatus                 ********   *** removed from Release\stm8s_spi.o ***
_SPI_ITConfig                    ********   *** removed from Release\stm8s_spi.o ***
_SPI_Init                        ********   *** removed from Release\stm8s_spi.o ***
_SPI_NSSInternalSoftwareCmd      ********   *** removed from Release\stm8s_spi.o ***
_SPI_ReceiveData                 ********   *** removed from Release\stm8s_spi.o ***
_SPI_ResetCRC                    ********   *** removed from Release\stm8s_spi.o ***
_SPI_SendData                    ********   *** removed from Release\stm8s_spi.o ***
_SPI_TransmitCRC                 ********   *** removed from Release\stm8s_spi.o ***
_SensorPesaje                    00000011   defined in Release\main.o section .ubsct
_SensorTempHum                   0000002d   defined in Release\main.o section .ubsct
_TBR_Array                       ********   *** removed from Release\stm8s_awu.o ***
_TIM1_ARRPreloadConfig           ********   *** removed from Release\stm8s_tim1.o ***
_TIM1_BDTRConfig                 ********   *** removed from Release\stm8s_tim1.o ***
_TIM1_CCPreloadControl           ********   *** removed from Release\stm8s_tim1.o ***
_TIM1_CCxCmd                     ********   *** removed from Release\stm8s_tim1.o ***
_TIM1_CCxNCmd                    ********   *** removed from Release\stm8s_tim1.o ***
_TIM1_ClearFlag                  00008c7a   defined in Release\stm8s_tim1.o section .text
                                            used in Release\timeout.o
                                                    Release\stm8s_itc.o
_TIM1_ClearITPendingBit          00008c8a   defined in Release\stm8s_tim1.o section .text
                                            used in Release\timeout.o
                                                    Release\stm8s_itc.o
_TIM1_Cmd                        00008c4e   defined in Release\stm8s_tim1.o section .text
                                            used in Release\timer.o
                                                    Release\timeout.o
_TIM1_CounterModeConfig          ********   *** removed from Release\stm8s_tim1.o ***
_TIM1_CtrlPWMOutputs             ********   *** removed from Release\stm8s_tim1.o ***
_TIM1_DeInit                     ********   *** removed from Release\stm8s_tim1.o ***
_TIM1_ETRClockMode1Config        ********   *** removed from Release\stm8s_tim1.o ***
_TIM1_ETRClockMode2Config        ********   *** removed from Release\stm8s_tim1.o ***
_TIM1_ETRConfig                  ********   *** removed from Release\stm8s_tim1.o ***
_TIM1_EncoderInterfaceConfig     ********   *** removed from Release\stm8s_tim1.o ***
_TIM1_ForcedOC1Config            ********   *** removed from Release\stm8s_tim1.o ***
_TIM1_ForcedOC2Config            ********   *** removed from Release\stm8s_tim1.o ***
_TIM1_ForcedOC3Config            ********   *** removed from Release\stm8s_tim1.o ***
_TIM1_ForcedOC4Config            ********   *** removed from Release\stm8s_tim1.o ***
_TIM1_GenerateEvent              ********   *** removed from Release\stm8s_tim1.o ***
_TIM1_GetCapture1                ********   *** removed from Release\stm8s_tim1.o ***
_TIM1_GetCapture2                ********   *** removed from Release\stm8s_tim1.o ***
_TIM1_GetCapture3                ********   *** removed from Release\stm8s_tim1.o ***
_TIM1_GetCapture4                ********   *** removed from Release\stm8s_tim1.o ***
_TIM1_GetCounter                 ********   *** removed from Release\stm8s_tim1.o ***
_TIM1_GetFlagStatus              ********   *** removed from Release\stm8s_tim1.o ***
_TIM1_GetITStatus                ********   *** removed from Release\stm8s_tim1.o ***
_TIM1_GetPrescaler               ********   *** removed from Release\stm8s_tim1.o ***
_TIM1_ICInit                     ********   *** removed from Release\stm8s_tim1.o ***
_TIM1_ITConfig                   00008c5b   defined in Release\stm8s_tim1.o section .text
                                            used in Release\timer.o
                                                    Release\timeout.o
_TIM1_InternalClockConfig        ********   *** removed from Release\stm8s_tim1.o ***
_TIM1_OC1FastConfig              ********   *** removed from Release\stm8s_tim1.o ***
_TIM1_OC1Init                    ********   *** removed from Release\stm8s_tim1.o ***
_TIM1_OC1NPolarityConfig         ********   *** removed from Release\stm8s_tim1.o ***
_TIM1_OC1PolarityConfig          ********   *** removed from Release\stm8s_tim1.o ***
_TIM1_OC1PreloadConfig           ********   *** removed from Release\stm8s_tim1.o ***
_TIM1_OC2FastConfig              ********   *** removed from Release\stm8s_tim1.o ***
_TIM1_OC2Init                    ********   *** removed from Release\stm8s_tim1.o ***
_TIM1_OC2NPolarityConfig         ********   *** removed from Release\stm8s_tim1.o ***
_TIM1_OC2PolarityConfig          ********   *** removed from Release\stm8s_tim1.o ***
_TIM1_OC2PreloadConfig           ********   *** removed from Release\stm8s_tim1.o ***
_TIM1_OC3FastConfig              ********   *** removed from Release\stm8s_tim1.o ***
_TIM1_OC3Init                    ********   *** removed from Release\stm8s_tim1.o ***
_TIM1_OC3NPolarityConfig         ********   *** removed from Release\stm8s_tim1.o ***
_TIM1_OC3PolarityConfig          ********   *** removed from Release\stm8s_tim1.o ***
_TIM1_OC3PreloadConfig           ********   *** removed from Release\stm8s_tim1.o ***
_TIM1_OC4FastConfig              ********   *** removed from Release\stm8s_tim1.o ***
_TIM1_OC4Init                    ********   *** removed from Release\stm8s_tim1.o ***
_TIM1_OC4PolarityConfig          ********   *** removed from Release\stm8s_tim1.o ***
_TIM1_OC4PreloadConfig           ********   *** removed from Release\stm8s_tim1.o ***
_TIM1_PWMIConfig                 ********   *** removed from Release\stm8s_tim1.o ***
_TIM1_PrescalerConfig            ********   *** removed from Release\stm8s_tim1.o ***
_TIM1_SelectCOM                  ********   *** removed from Release\stm8s_tim1.o ***
_TIM1_SelectHallSensor           ********   *** removed from Release\stm8s_tim1.o ***
_TIM1_SelectInputTrigger         ********   *** removed from Release\stm8s_tim1.o ***
_TIM1_SelectMasterSlaveMode      ********   *** removed from Release\stm8s_tim1.o ***
_TIM1_SelectOCxM                 ********   *** removed from Release\stm8s_tim1.o ***
_TIM1_SelectOnePulseMode         ********   *** removed from Release\stm8s_tim1.o ***
_TIM1_SelectOutputTrigger        ********   *** removed from Release\stm8s_tim1.o ***
_TIM1_SelectSlaveMode            ********   *** removed from Release\stm8s_tim1.o ***
_TIM1_SetAutoreload              ********   *** removed from Release\stm8s_tim1.o ***
_TIM1_SetCompare1                ********   *** removed from Release\stm8s_tim1.o ***
_TIM1_SetCompare2                ********   *** removed from Release\stm8s_tim1.o ***
_TIM1_SetCompare3                ********   *** removed from Release\stm8s_tim1.o ***
_TIM1_SetCompare4                ********   *** removed from Release\stm8s_tim1.o ***
_TIM1_SetCounter                 00008c71   defined in Release\stm8s_tim1.o section .text
                                            used in Release\timeout.o
_TIM1_SetIC1Prescaler            ********   *** removed from Release\stm8s_tim1.o ***
_TIM1_SetIC2Prescaler            ********   *** removed from Release\stm8s_tim1.o ***
_TIM1_SetIC3Prescaler            ********   *** removed from Release\stm8s_tim1.o ***
_TIM1_SetIC4Prescaler            ********   *** removed from Release\stm8s_tim1.o ***
_TIM1_TIxExternalClockConfig     ********   *** removed from Release\stm8s_tim1.o ***
_TIM1_TimeBaseInit               00008c2c   defined in Release\stm8s_tim1.o section .text
                                            used in Release\timer.o
_TIM1_UpdateDisableConfig        ********   *** removed from Release\stm8s_tim1.o ***
_TIM1_UpdateRequestConfig        ********   *** removed from Release\stm8s_tim1.o ***
_TIM2_ARRPreloadConfig           ********   *** removed from Release\stm8s_tim2.o ***
_TIM2_CCxCmd                     ********   *** removed from Release\stm8s_tim2.o ***
_TIM2_ClearFlag                  ********   *** removed from Release\stm8s_tim2.o ***
_TIM2_ClearITPendingBit          ********   *** removed from Release\stm8s_tim2.o ***
_TIM2_Cmd                        ********   *** removed from Release\stm8s_tim2.o ***
_TIM2_DeInit                     ********   *** removed from Release\stm8s_tim2.o ***
_TIM2_ForcedOC1Config            ********   *** removed from Release\stm8s_tim2.o ***
_TIM2_ForcedOC2Config            ********   *** removed from Release\stm8s_tim2.o ***
_TIM2_ForcedOC3Config            ********   *** removed from Release\stm8s_tim2.o ***
_TIM2_GenerateEvent              ********   *** removed from Release\stm8s_tim2.o ***
_TIM2_GetCapture1                ********   *** removed from Release\stm8s_tim2.o ***
_TIM2_GetCapture2                ********   *** removed from Release\stm8s_tim2.o ***
_TIM2_GetCapture3                ********   *** removed from Release\stm8s_tim2.o ***
_TIM2_GetCounter                 ********   *** removed from Release\stm8s_tim2.o ***
_TIM2_GetFlagStatus              ********   *** removed from Release\stm8s_tim2.o ***
_TIM2_GetITStatus                ********   *** removed from Release\stm8s_tim2.o ***
_TIM2_GetPrescaler               ********   *** removed from Release\stm8s_tim2.o ***
_TIM2_ICInit                     ********   *** removed from Release\stm8s_tim2.o ***
_TIM2_ITConfig                   ********   *** removed from Release\stm8s_tim2.o ***
_TIM2_OC1Init                    ********   *** removed from Release\stm8s_tim2.o ***
_TIM2_OC1PolarityConfig          ********   *** removed from Release\stm8s_tim2.o ***
_TIM2_OC1PreloadConfig           ********   *** removed from Release\stm8s_tim2.o ***
_TIM2_OC2Init                    ********   *** removed from Release\stm8s_tim2.o ***
_TIM2_OC2PolarityConfig          ********   *** removed from Release\stm8s_tim2.o ***
_TIM2_OC2PreloadConfig           ********   *** removed from Release\stm8s_tim2.o ***
_TIM2_OC3Init                    ********   *** removed from Release\stm8s_tim2.o ***
_TIM2_OC3PolarityConfig          ********   *** removed from Release\stm8s_tim2.o ***
_TIM2_OC3PreloadConfig           ********   *** removed from Release\stm8s_tim2.o ***
_TIM2_PWMIConfig                 ********   *** removed from Release\stm8s_tim2.o ***
_TIM2_PrescalerConfig            ********   *** removed from Release\stm8s_tim2.o ***
_TIM2_SelectOCxM                 ********   *** removed from Release\stm8s_tim2.o ***
_TIM2_SelectOnePulseMode         ********   *** removed from Release\stm8s_tim2.o ***
_TIM2_SetAutoreload              ********   *** removed from Release\stm8s_tim2.o ***
_TIM2_SetCompare1                ********   *** removed from Release\stm8s_tim2.o ***
_TIM2_SetCompare2                ********   *** removed from Release\stm8s_tim2.o ***
_TIM2_SetCompare3                ********   *** removed from Release\stm8s_tim2.o ***
_TIM2_SetCounter                 ********   *** removed from Release\stm8s_tim2.o ***
_TIM2_SetIC1Prescaler            ********   *** removed from Release\stm8s_tim2.o ***
_TIM2_SetIC2Prescaler            ********   *** removed from Release\stm8s_tim2.o ***
_TIM2_SetIC3Prescaler            ********   *** removed from Release\stm8s_tim2.o ***
_TIM2_TimeBaseInit               ********   *** removed from Release\stm8s_tim2.o ***
_TIM2_UpdateDisableConfig        ********   *** removed from Release\stm8s_tim2.o ***
_TIM2_UpdateRequestConfig        ********   *** removed from Release\stm8s_tim2.o ***
_TIM4_ARRPreloadConfig           ********   *** removed from Release\stm8s_tim4.o ***
_TIM4_ClearFlag                  ********   *** removed from Release\stm8s_tim4.o ***
_TIM4_ClearITPendingBit          ********   *** removed from Release\stm8s_tim4.o ***
_TIM4_Cmd                        ********   *** removed from Release\stm8s_tim4.o ***
_TIM4_DeInit                     ********   *** removed from Release\stm8s_tim4.o ***
_TIM4_GenerateEvent              ********   *** removed from Release\stm8s_tim4.o ***
_TIM4_GetCounter                 ********   *** removed from Release\stm8s_tim4.o ***
_TIM4_GetFlagStatus              ********   *** removed from Release\stm8s_tim4.o ***
_TIM4_GetITStatus                ********   *** removed from Release\stm8s_tim4.o ***
_TIM4_GetPrescaler               ********   *** removed from Release\stm8s_tim4.o ***
_TIM4_ITConfig                   ********   *** removed from Release\stm8s_tim4.o ***
_TIM4_PrescalerConfig            ********   *** removed from Release\stm8s_tim4.o ***
_TIM4_SelectOnePulseMode         ********   *** removed from Release\stm8s_tim4.o ***
_TIM4_SetAutoreload              ********   *** removed from Release\stm8s_tim4.o ***
_TIM4_SetCounter                 ********   *** removed from Release\stm8s_tim4.o ***
_TIM4_TimeBaseInit               ********   *** removed from Release\stm8s_tim4.o ***
_TIM4_UpdateDisableConfig        ********   *** removed from Release\stm8s_tim4.o ***
_TIM4_UpdateRequestConfig        ********   *** removed from Release\stm8s_tim4.o ***
_Timeout                         00000002   defined in Release\main.o section .ubsct
_Timeout_Init                    0000829b   defined in Release\timeout.o section .text
                                            used in Release\main.o
_Timeout_Start                   000082b3   defined in Release\timeout.o section .text
                                            used in Release\dht11.o
                                                    Release\hx711.o
_Timeout_Stop                    000082d4   defined in Release\timeout.o section .text
                                            used in Release\dht11.o
                                                    Release\hx711.o
_Timer_Config_Init               00008287   defined in Release\timer.o section .text
                                            used in Release\main.o
_Timer_Init                      00008250   defined in Release\timer.o section .text
                                            used in Release\timeout.o
_UART1_ClearFlag                 ********   *** removed from Release\stm8s_uart1.o ***
_UART1_ClearITPendingBit         ********   *** removed from Release\stm8s_uart1.o ***
_UART1_Cmd                       ********   *** removed from Release\stm8s_uart1.o ***
_UART1_DeInit                    ********   *** removed from Release\stm8s_uart1.o ***
_UART1_GetFlagStatus             ********   *** removed from Release\stm8s_uart1.o ***
_UART1_GetITStatus               ********   *** removed from Release\stm8s_uart1.o ***
_UART1_HalfDuplexCmd             ********   *** removed from Release\stm8s_uart1.o ***
_UART1_ITConfig                  ********   *** removed from Release\stm8s_uart1.o ***
_UART1_Init                      ********   *** removed from Release\stm8s_uart1.o ***
_UART1_IrDACmd                   ********   *** removed from Release\stm8s_uart1.o ***
_UART1_IrDAConfig                ********   *** removed from Release\stm8s_uart1.o ***
_UART1_LINBreakDetectionConfig   ********   *** removed from Release\stm8s_uart1.o ***
_UART1_LINCmd                    ********   *** removed from Release\stm8s_uart1.o ***
_UART1_ReceiveData8              ********   *** removed from Release\stm8s_uart1.o ***
_UART1_ReceiveData9              ********   *** removed from Release\stm8s_uart1.o ***
_UART1_ReceiverWakeUpCmd         ********   *** removed from Release\stm8s_uart1.o ***
_UART1_SendBreak                 ********   *** removed from Release\stm8s_uart1.o ***
_UART1_SendData8                 ********   *** removed from Release\stm8s_uart1.o ***
_UART1_SendData9                 ********   *** removed from Release\stm8s_uart1.o ***
_UART1_SetAddress                ********   *** removed from Release\stm8s_uart1.o ***
_UART1_SetGuardTime              ********   *** removed from Release\stm8s_uart1.o ***
_UART1_SetPrescaler              ********   *** removed from Release\stm8s_uart1.o ***
_UART1_SmartCardCmd              ********   *** removed from Release\stm8s_uart1.o ***
_UART1_SmartCardNACKCmd          ********   *** removed from Release\stm8s_uart1.o ***
_UART1_WakeUpConfig              ********   *** removed from Release\stm8s_uart1.o ***
_WWDG_GetCounter                 ********   *** removed from Release\stm8s_wwdg.o ***
_WWDG_Init                       ********   *** removed from Release\stm8s_wwdg.o ***
_WWDG_SWReset                    ********   *** removed from Release\stm8s_wwdg.o ***
_WWDG_SetCounter                 ********   *** removed from Release\stm8s_wwdg.o ***
_WWDG_SetWindowValue             ********   *** removed from Release\stm8s_wwdg.o ***
__endmem                         000001ff   defined in command file
                                            *** not used ***
__endzp                          00000045   defined in command file section .ubsct
                                            used in D:\Programas\CosmicC\CXSTM8\lib\crtsi0.sm8
__idesc__                        0000808f   defined in linker section .init
                                            used in D:\Programas\CosmicC\CXSTM8\lib\crtsi0.sm8
__memory                         00000100   defined in command file section .bss
                                            used in D:\Programas\CosmicC\CXSTM8\lib\crtsi0.sm8
__stack                          000003ff   defined in command file
                                            used in D:\Programas\CosmicC\CXSTM8\lib\crtsi0.sm8
__startmem                       00000100   defined in command file section .bss
                                            *** not used ***
__stext                          00008099   defined in D:\Programas\CosmicC\CXSTM8\lib\crtsi0.sm8 section .text
                                            used in Release\stm8_interrupt_vector.o
__vectab                         00008000   defined in Release\stm8_interrupt_vector.o section .const
                                            *** not used ***
_dht11_Lectura                   0000832c   defined in Release\dht11.o section .text
                                            used in Release\main.o
_exit                            000080e7   defined in D:\Programas\CosmicC\CXSTM8\lib\crtsi0.sm8 section .text
_getFlagTimer1                   00008cbe   defined in Release\stm8s_itc.o section .text
                                            used in Release\main.o
_hx711_Lectura                   000087f4   defined in Release\hx711.o section .text
                                            used in Release\main.o
_hx711_Tarar                     00008a21   defined in Release\hx711.o section .text
                                            used in Release\main.o
_main                            000080e9   defined in Release\main.o section .text
                                            used in D:\Programas\CosmicC\CXSTM8\lib\crtsi0.sm8
_setFlagTimer1                   00008cc1   defined in Release\stm8s_itc.o section .text
                                            used in Release\main.o
_timer_Timeout                   0000000b   defined in Release\main.o section .ubsct
c_cmulx                          ********   *** removed from (D:\Programas\CosmicC\CXSTM8\lib\libm0.sm8)cmulx.o ***
c_divsl                          00008fa7   defined in (D:\Programas\CosmicC\CXSTM8\lib\libm0.sm8)ldiv.o section .text
                                            *** not used ***
c_divul                          00008fbe   defined in (D:\Programas\CosmicC\CXSTM8\lib\libm0.sm8)ldiv.o section .text
                                            used in (D:\Programas\CosmicC\CXSTM8\lib\libm0.sm8)ludiv.o
c_imul                           ********   *** removed from (D:\Programas\CosmicC\CXSTM8\lib\libm0.sm8)imul.o ***
c_ladd                           ********   *** removed from (D:\Programas\CosmicC\CXSTM8\lib\libm0.sm8)ladd.o ***
c_lcmp                           00008f1b   defined in (D:\Programas\CosmicC\CXSTM8\lib\libm0.sm8)lcmp.o section .text
                                            used in Release\hx711.o
                                                    Release\stm8s_i2c.o
c_lgadd                          00008f3b   defined in (D:\Programas\CosmicC\CXSTM8\lib\libm0.sm8)lgadd.o section .text
                                            used in Release\hx711.o
                                                    Release\stm8s_flash.o
c_lgneg                          00009092   defined in (D:\Programas\CosmicC\CXSTM8\lib\libm0.sm8)lgneg.o section .text
                                            used in (D:\Programas\CosmicC\CXSTM8\lib\libm0.sm8)ldiv.o
c_lgor                           00008f52   defined in (D:\Programas\CosmicC\CXSTM8\lib\libm0.sm8)lgor.o section .text
                                            used in Release\hx711.o
c_llsh                           ********   *** removed from (D:\Programas\CosmicC\CXSTM8\lib\libm0.sm8)llsh.o ***
c_lmul                           ********   *** removed from (D:\Programas\CosmicC\CXSTM8\lib\libm0.sm8)lmul.o ***
c_lmulc                          ********   *** removed from (D:\Programas\CosmicC\CXSTM8\lib\libm0.sm8)lmul.o ***
c_lneg                           000090a5   defined in (D:\Programas\CosmicC\CXSTM8\lib\libm0.sm8)lneg.o section .text
                                            used in (D:\Programas\CosmicC\CXSTM8\lib\libm0.sm8)ldiv.o
c_lreg                           0000003b   defined in (D:\Programas\CosmicC\CXSTM8\lib\libm0.sm8)lreg.o section .ubsct
                                            used in Release\hx711.o
                                                    Release\stm8s_uart1.o
                                                    Release\stm8s_i2c.o
                                                    Release\stm8s_flash.o
                                                    Release\stm8s_clk.o
                                                    Release\stm8s_beep.o
                                                    Release\stm8s_awu.o
                                                    (D:\Programas\CosmicC\CXSTM8\lib\libm0.sm8)cmulx.o
                                                    (D:\Programas\CosmicC\CXSTM8\lib\libm0.sm8)ladd.o
                                                    (D:\Programas\CosmicC\CXSTM8\lib\libm0.sm8)lcmp.o
                                                    (D:\Programas\CosmicC\CXSTM8\lib\libm0.sm8)lgadd.o
                                                    (D:\Programas\CosmicC\CXSTM8\lib\libm0.sm8)lgor.o
                                                    (D:\Programas\CosmicC\CXSTM8\lib\libm0.sm8)llsh.o
                                                    (D:\Programas\CosmicC\CXSTM8\lib\libm0.sm8)lmul.o
                                                    (D:\Programas\CosmicC\CXSTM8\lib\libm0.sm8)lsub.o
                                                    (D:\Programas\CosmicC\CXSTM8\lib\libm0.sm8)ltor.o
                                                    (D:\Programas\CosmicC\CXSTM8\lib\libm0.sm8)ldiv.o
                                                    (D:\Programas\CosmicC\CXSTM8\lib\libm0.sm8)lneg.o
                                                    (D:\Programas\CosmicC\CXSTM8\lib\libm0.sm8)lursh.o
                                                    (D:\Programas\CosmicC\CXSTM8\lib\libm0.sm8)rtol.o
                                                    (D:\Programas\CosmicC\CXSTM8\lib\libm0.sm8)smul.o
                                                    (D:\Programas\CosmicC\CXSTM8\lib\libm0.sm8)utolx.o
                                                    (D:\Programas\CosmicC\CXSTM8\lib\libm0.sm8)umul.o
c_lsub                           00008f69   defined in (D:\Programas\CosmicC\CXSTM8\lib\libm0.sm8)lsub.o section .text
                                            used in Release\hx711.o
                                                    Release\stm8s_uart1.o
c_ltor                           00008f81   defined in (D:\Programas\CosmicC\CXSTM8\lib\libm0.sm8)ltor.o section .text
                                            used in Release\hx711.o
                                                    Release\stm8s_uart1.o
                                                    Release\stm8s_i2c.o
                                                    Release\stm8s_flash.o
                                                    Release\stm8s_clk.o
                                                    Release\stm8s_beep.o
                                                    Release\stm8s_awu.o
c_ludv                           00008f93   defined in (D:\Programas\CosmicC\CXSTM8\lib\libm0.sm8)ludiv.o section .text
                                            used in Release\hx711.o
                                                    Release\stm8s_uart1.o
                                                    Release\stm8s_i2c.o
                                                    Release\stm8s_clk.o
                                                    Release\stm8s_beep.o
                                                    Release\stm8s_awu.o
c_lursh                          000090ba   defined in (D:\Programas\CosmicC\CXSTM8\lib\libm0.sm8)lursh.o section .text
                                            used in Release\hx711.o
c_rtol                           000090c9   defined in (D:\Programas\CosmicC\CXSTM8\lib\libm0.sm8)rtol.o section .text
                                            used in Release\main.o
                                                    Release\hx711.o
                                                    Release\stm8s_uart1.o
                                                    Release\stm8s_i2c.o
                                                    Release\stm8s_flash.o
                                                    Release\stm8s_clk.o
c_sdivx                          ********   *** removed from (D:\Programas\CosmicC\CXSTM8\lib\libm0.sm8)sdivx.o ***
c_smodx                          ********   *** removed from (D:\Programas\CosmicC\CXSTM8\lib\libm0.sm8)sdivx.o ***
c_smul                           ********   *** removed from (D:\Programas\CosmicC\CXSTM8\lib\libm0.sm8)smul.o ***
c_uitolx                         000090db   defined in (D:\Programas\CosmicC\CXSTM8\lib\libm0.sm8)utolx.o section .text
                                            used in Release\main.o
                                                    Release\hx711.o
c_umul                           ********   *** removed from (D:\Programas\CosmicC\CXSTM8\lib\libm0.sm8)umul.o ***
c_x                              0000003f   defined in (D:\Programas\CosmicC\CXSTM8\lib\libm0.sm8)xreg.o section .ubsct
                                            used in D:\Programas\CosmicC\CXSTM8\lib\crtsi0.sm8
                                                    Release\dht11.o
                                                    Release\stm8s_itc.o
                                                    Release\stm8s_beep.o
                                                    Release\stm8s_awu.o
                                                    (D:\Programas\CosmicC\CXSTM8\lib\libm0.sm8)imul.o
                                                    (D:\Programas\CosmicC\CXSTM8\lib\libm0.sm8)lmul.o
                                                    (D:\Programas\CosmicC\CXSTM8\lib\libm0.sm8)ldiv.o
                                                    (D:\Programas\CosmicC\CXSTM8\lib\libm0.sm8)sdivx.o
                                                    (D:\Programas\CosmicC\CXSTM8\lib\libm0.sm8)umul.o
                                                    (D:\Programas\CosmicC\CXSTM8\lib\libm0.sm8)xymov.o
c_xymov                          000090e2   defined in (D:\Programas\CosmicC\CXSTM8\lib\libm0.sm8)xymov.o section .text
                                            used in Release\dht11.o
c_y                              00000042   defined in (D:\Programas\CosmicC\CXSTM8\lib\libm0.sm8)yreg.o section .ubsct
                                            used in D:\Programas\CosmicC\CXSTM8\lib\crtsi0.sm8
                                                    Release\stm8s_itc.o
                                                    (D:\Programas\CosmicC\CXSTM8\lib\libm0.sm8)umul.o
f_NonHandledInterrupt            00009121   defined in Release\stm8_interrupt_vector.o section .text
f_TIM1_OV_IRQHandler             00008c8f   defined in Release\stm8s_itc.o section .text
                                            used in Release\stm8_interrupt_vector.o
