
Map of Release\supermaceta_v1.sm8 from link file Release\supermaceta_v1.lkf - Sat Sep 18 13:47:49 2021


                               --------
                               Segments
                               --------

start 00008080 end 0000808f length    15 segment .const
start 00008098 end 00008eb9 length  3617 segment .text
start 00004000 end 00004000 length     0 segment .eeprom
start 00000000 end 00000001 length     1 segment .bsct, initialized
start 00008097 end 00008098 length     1 segment .bsct, from
start 00000001 end 00000040 length    63 segment .ubsct
start 00000040 end 00000040 length     0 segment .bit
start 00000040 end 00000040 length     0 segment .share
start 00000100 end 00000100 length     0 segment .data
start 00000100 end 00000100 length     0 segment .bss
start 00000000 end 000011fb length  4603 segment .info.
start 00008000 end 00008080 length   128 segment .const
start 0000808f end 00008097 length     8 segment .init


                               -------
                               Modules
                               -------

D:\Programas\CosmicC\CXSTM8\lib\crtsi0.sm8:
start 00008098 end 000080e8 length    80 section .text
start 00000100 end 00000100 length     0 section .bss
start 00000001 end 00000001 length     0 section .ubsct
start 00000000 end 00000034 length    52 section .info.

Release\main.o:
start ******** end ******** length     0 section .bsct *** removed ***
start 00000001 end 00000036 length    53 section .ubsct
start 00000034 end 000000b0 length   124 section .info.
start ******** end ******** length     0 section .const *** removed ***
start 000080e8 end 00008175 length   141 section .text

Release\clock.o:
start ******** end ******** length     0 section .bsct *** removed ***
start 000000b0 end 0000012d length   125 section .info.
start 00008175 end 000081ae length    57 section .text
start 000081ae end 000081dc length    46 section .text
start ******** end ******** length     0 section .text *** removed ***

Release\gpio_config.o:
start ******** end ******** length     0 section .bsct *** removed ***
start 0000012d end 000001b0 length   131 section .info.
start 000081dc end 000081e1 length     5 section .text

Release\gpio.o:
start ******** end ******** length     0 section .bsct *** removed ***
start 000001b0 end 0000022c length   124 section .info.
start 000081e1 end 000081ed length    12 section .text
start 000081ed end 000081fc length    15 section .text
start 000081fc end 00008216 length    26 section .text

Release\timer.o:
start ******** end ******** length     0 section .bsct *** removed ***
start 0000022c end 000002a9 length   125 section .info.
start 00008216 end 0000824d length    55 section .text

Release\timeout.o:
start ******** end ******** length     0 section .bsct *** removed ***
start 000002a9 end 00000328 length   127 section .info.
start 0000824d end 00008265 length    24 section .text
start 00008265 end 00008286 length    33 section .text
start 00008286 end 000082ac length    38 section .text
start ******** end ******** length     0 section .text *** removed ***

Release\dht11.o:
start ******** end ******** length     0 section .bsct *** removed ***
start 00000328 end 000003a5 length   125 section .info.
start 00008080 end 0000808f length    15 section .const
start 000082ac end 000082d4 length    40 section .text
start 000082d4 end 00008575 length   673 section .text

Release\hx711.o:
start ******** end ******** length     0 section .bsct *** removed ***
start 000003a5 end 00000422 length   125 section .info.
start ******** end ******** length     0 section .const *** removed ***
start 00008575 end 000085f3 length   126 section .text
start 000085f3 end 00008800 length   525 section .text
start 00008800 end 00008a07 length   519 section .text

Release\stm8s_wwdg.o:
start ******** end ******** length     0 section .bsct *** removed ***
start 00000422 end 000004a4 length   130 section .info.
start ******** end ******** length     0 section .text *** removed ***
start ******** end ******** length     0 section .text *** removed ***
start ******** end ******** length     0 section .text *** removed ***
start ******** end ******** length     0 section .text *** removed ***
start ******** end ******** length     0 section .text *** removed ***

Release\stm8s_uart1.o:
start ******** end ******** length     0 section .bsct *** removed ***
start 000004a4 end 00000527 length   131 section .info.
start ******** end ******** length     0 section .text *** removed ***
start ******** end ******** length     0 section .const *** removed ***
start ******** end ******** length     0 section .text *** removed ***
start ******** end ******** length     0 section .text *** removed ***
start ******** end ******** length     0 section .text *** removed ***
start ******** end ******** length     0 section .text *** removed ***
start ******** end ******** length     0 section .text *** removed ***
start ******** end ******** length     0 section .text *** removed ***
start ******** end ******** length     0 section .text *** removed ***
start ******** end ******** length     0 section .text *** removed ***
start ******** end ******** length     0 section .text *** removed ***
start ******** end ******** length     0 section .text *** removed ***
start ******** end ******** length     0 section .text *** removed ***
start ******** end ******** length     0 section .text *** removed ***
start ******** end ******** length     0 section .text *** removed ***
start ******** end ******** length     0 section .text *** removed ***
start ******** end ******** length     0 section .text *** removed ***
start ******** end ******** length     0 section .text *** removed ***
start ******** end ******** length     0 section .text *** removed ***
start ******** end ******** length     0 section .text *** removed ***
start ******** end ******** length     0 section .text *** removed ***
start ******** end ******** length     0 section .text *** removed ***
start ******** end ******** length     0 section .text *** removed ***
start ******** end ******** length     0 section .text *** removed ***
start ******** end ******** length     0 section .text *** removed ***
start ******** end ******** length     0 section .text *** removed ***

Release\stm8s_tim4.o:
start ******** end ******** length     0 section .bsct *** removed ***
start 00000527 end 000005a9 length   130 section .info.
start ******** end ******** length     0 section .text *** removed ***
start ******** end ******** length     0 section .text *** removed ***
start ******** end ******** length     0 section .text *** removed ***
start ******** end ******** length     0 section .text *** removed ***
start ******** end ******** length     0 section .text *** removed ***
start ******** end ******** length     0 section .text *** removed ***
start ******** end ******** length     0 section .text *** removed ***
start ******** end ******** length     0 section .text *** removed ***
start ******** end ******** length     0 section .text *** removed ***
start ******** end ******** length     0 section .text *** removed ***
start ******** end ******** length     0 section .text *** removed ***
start ******** end ******** length     0 section .text *** removed ***
start ******** end ******** length     0 section .text *** removed ***
start ******** end ******** length     0 section .text *** removed ***
start ******** end ******** length     0 section .text *** removed ***
start ******** end ******** length     0 section .text *** removed ***
start ******** end ******** length     0 section .text *** removed ***
start ******** end ******** length     0 section .text *** removed ***

Release\stm8s_tim2.o:
start ******** end ******** length     0 section .bsct *** removed ***
start 000005a9 end 0000062b length   130 section .info.
start ******** end ******** length     0 section .text *** removed ***
start ******** end ******** length     0 section .text *** removed ***
start ******** end ******** length     0 section .text *** removed ***
start ******** end ******** length     0 section .text *** removed ***
start ******** end ******** length     0 section .text *** removed ***
start ******** end ******** length     0 section .text *** removed ***
start ******** end ******** length     0 section .text *** removed ***
start ******** end ******** length     0 section .text *** removed ***
start ******** end ******** length     0 section .text *** removed ***
start ******** end ******** length     0 section .text *** removed ***
start ******** end ******** length     0 section .text *** removed ***
start ******** end ******** length     0 section .text *** removed ***
start ******** end ******** length     0 section .text *** removed ***
start ******** end ******** length     0 section .text *** removed ***
start ******** end ******** length     0 section .text *** removed ***
start ******** end ******** length     0 section .text *** removed ***
start ******** end ******** length     0 section .text *** removed ***
start ******** end ******** length     0 section .text *** removed ***
start ******** end ******** length     0 section .text *** removed ***
start ******** end ******** length     0 section .text *** removed ***
start ******** end ******** length     0 section .text *** removed ***
start ******** end ******** length     0 section .text *** removed ***
start ******** end ******** length     0 section .text *** removed ***
start ******** end ******** length     0 section .text *** removed ***
start ******** end ******** length     0 section .text *** removed ***
start ******** end ******** length     0 section .text *** removed ***
start ******** end ******** length     0 section .text *** removed ***
start ******** end ******** length     0 section .text *** removed ***
start ******** end ******** length     0 section .text *** removed ***
start ******** end ******** length     0 section .text *** removed ***
start ******** end ******** length     0 section .text *** removed ***
start ******** end ******** length     0 section .text *** removed ***
start ******** end ******** length     0 section .text *** removed ***
start ******** end ******** length     0 section .text *** removed ***
start ******** end ******** length     0 section .text *** removed ***
start ******** end ******** length     0 section .text *** removed ***
start ******** end ******** length     0 section .text *** removed ***
start ******** end ******** length     0 section .text *** removed ***
start ******** end ******** length     0 section .text *** removed ***
start ******** end ******** length     0 section .text *** removed ***
start ******** end ******** length     0 section .text *** removed ***
start ******** end ******** length     0 section .text *** removed ***
start ******** end ******** length     0 section .text *** removed ***
start ******** end ******** length     0 section .text *** removed ***
start ******** end ******** length     0 section .text *** removed ***
start ******** end ******** length     0 section .text *** removed ***

Release\stm8s_tim1.o:
start ******** end ******** length     0 section .bsct *** removed ***
start 0000062b end 000006ad length   130 section .info.
start ******** end ******** length     0 section .text *** removed ***
start 00008a07 end 00008a29 length    34 section .text
start ******** end ******** length     0 section .text *** removed ***
start ******** end ******** length     0 section .text *** removed ***
start ******** end ******** length     0 section .text *** removed ***
start ******** end ******** length     0 section .text *** removed ***
start ******** end ******** length     0 section .text *** removed ***
start ******** end ******** length     0 section .text *** removed ***
start ******** end ******** length     0 section .text *** removed ***
start 00008a29 end 00008a36 length    13 section .text
start ******** end ******** length     0 section .text *** removed ***
start 00008a36 end 00008a4c length    22 section .text
start ******** end ******** length     0 section .text *** removed ***
start ******** end ******** length     0 section .text *** removed ***
start ******** end ******** length     0 section .text *** removed ***
start ******** end ******** length     0 section .text *** removed ***
start ******** end ******** length     0 section .text *** removed ***
start ******** end ******** length     0 section .text *** removed ***
start ******** end ******** length     0 section .text *** removed ***
start ******** end ******** length     0 section .text *** removed ***
start ******** end ******** length     0 section .text *** removed ***
start ******** end ******** length     0 section .text *** removed ***
start ******** end ******** length     0 section .text *** removed ***
start ******** end ******** length     0 section .text *** removed ***
start ******** end ******** length     0 section .text *** removed ***
start ******** end ******** length     0 section .text *** removed ***
start ******** end ******** length     0 section .text *** removed ***
start ******** end ******** length     0 section .text *** removed ***
start ******** end ******** length     0 section .text *** removed ***
start ******** end ******** length     0 section .text *** removed ***
start ******** end ******** length     0 section .text *** removed ***
start ******** end ******** length     0 section .text *** removed ***
start ******** end ******** length     0 section .text *** removed ***
start ******** end ******** length     0 section .text *** removed ***
start ******** end ******** length     0 section .text *** removed ***
start ******** end ******** length     0 section .text *** removed ***
start ******** end ******** length     0 section .text *** removed ***
start ******** end ******** length     0 section .text *** removed ***
start ******** end ******** length     0 section .text *** removed ***
start ******** end ******** length     0 section .text *** removed ***
start ******** end ******** length     0 section .text *** removed ***
start ******** end ******** length     0 section .text *** removed ***
start ******** end ******** length     0 section .text *** removed ***
start ******** end ******** length     0 section .text *** removed ***
start ******** end ******** length     0 section .text *** removed ***
start ******** end ******** length     0 section .text *** removed ***
start ******** end ******** length     0 section .text *** removed ***
start ******** end ******** length     0 section .text *** removed ***
start ******** end ******** length     0 section .text *** removed ***
start ******** end ******** length     0 section .text *** removed ***
start ******** end ******** length     0 section .text *** removed ***
start ******** end ******** length     0 section .text *** removed ***
start ******** end ******** length     0 section .text *** removed ***
start ******** end ******** length     0 section .text *** removed ***
start ******** end ******** length     0 section .text *** removed ***
start ******** end ******** length     0 section .text *** removed ***
start ******** end ******** length     0 section .text *** removed ***
start ******** end ******** length     0 section .text *** removed ***
start ******** end ******** length     0 section .text *** removed ***
start ******** end ******** length     0 section .text *** removed ***
start ******** end ******** length     0 section .text *** removed ***
start ******** end ******** length     0 section .text *** removed ***
start ******** end ******** length     0 section .text *** removed ***
start ******** end ******** length     0 section .text *** removed ***
start ******** end ******** length     0 section .text *** removed ***
start ******** end ******** length     0 section .text *** removed ***
start ******** end ******** length     0 section .text *** removed ***
start ******** end ******** length     0 section .text *** removed ***
start ******** end ******** length     0 section .text *** removed ***
start ******** end ******** length     0 section .text *** removed ***
start ******** end ******** length     0 section .text *** removed ***
start 00008a4c end 00008a5c length    16 section .text
start ******** end ******** length     0 section .text *** removed ***
start 00008a5c end 00008a61 length     5 section .text
start ******** end ******** length     0 section .text *** removed ***
start ******** end ******** length     0 section .text *** removed ***
start ******** end ******** length     0 section .text *** removed ***
start ******** end ******** length     0 section .text *** removed ***

Release\stm8s_spi.o:
start ******** end ******** length     0 section .bsct *** removed ***
start 000006ad end 0000072e length   129 section .info.
start ******** end ******** length     0 section .text *** removed ***
start ******** end ******** length     0 section .text *** removed ***
start ******** end ******** length     0 section .text *** removed ***
start ******** end ******** length     0 section .text *** removed ***
start ******** end ******** length     0 section .text *** removed ***
start ******** end ******** length     0 section .text *** removed ***
start ******** end ******** length     0 section .text *** removed ***
start ******** end ******** length     0 section .text *** removed ***
start ******** end ******** length     0 section .text *** removed ***
start ******** end ******** length     0 section .text *** removed ***
start ******** end ******** length     0 section .text *** removed ***
start ******** end ******** length     0 section .text *** removed ***
start ******** end ******** length     0 section .text *** removed ***
start ******** end ******** length     0 section .text *** removed ***
start ******** end ******** length     0 section .text *** removed ***
start ******** end ******** length     0 section .text *** removed ***
start ******** end ******** length     0 section .text *** removed ***

Release\stm8s_rst.o:
start ******** end ******** length     0 section .bsct *** removed ***
start 0000072e end 000007af length   129 section .info.
start ******** end ******** length     0 section .text *** removed ***
start ******** end ******** length     0 section .text *** removed ***

Release\stm8s_iwdg.o:
start ******** end ******** length     0 section .bsct *** removed ***
start 000007af end 00000831 length   130 section .info.
start ******** end ******** length     0 section .text *** removed ***
start ******** end ******** length     0 section .text *** removed ***
start ******** end ******** length     0 section .text *** removed ***
start ******** end ******** length     0 section .text *** removed ***
start ******** end ******** length     0 section .text *** removed ***

Release\stm8s_itc.o:
start 00000000 end 00000001 length     1 section .bsct
start 00000831 end 000008b2 length   129 section .info.
start 00008a61 end 00008a8d length    44 section .text
start 00008a8d end 00008a90 length     3 section .text
start 00008a90 end 00008a93 length     3 section .text
start ******** end ******** length     0 section .text *** removed ***
start ******** end ******** length     0 section .text *** removed ***
start ******** end ******** length     0 section .text *** removed ***
start ******** end ******** length     0 section .const *** removed ***
start ******** end ******** length     0 section .text *** removed ***
start ******** end ******** length     0 section .text *** removed ***

Release\stm8s_i2c.o:
start ******** end ******** length     0 section .bsct *** removed ***
start 000008b2 end 00000933 length   129 section .info.
start ******** end ******** length     0 section .text *** removed ***
start ******** end ******** length     0 section .const *** removed ***
start ******** end ******** length     0 section .text *** removed ***
start ******** end ******** length     0 section .text *** removed ***
start ******** end ******** length     0 section .text *** removed ***
start ******** end ******** length     0 section .text *** removed ***
start ******** end ******** length     0 section .text *** removed ***
start ******** end ******** length     0 section .text *** removed ***
start ******** end ******** length     0 section .text *** removed ***
start ******** end ******** length     0 section .text *** removed ***
start ******** end ******** length     0 section .text *** removed ***
start ******** end ******** length     0 section .text *** removed ***
start ******** end ******** length     0 section .text *** removed ***
start ******** end ******** length     0 section .text *** removed ***
start ******** end ******** length     0 section .text *** removed ***
start ******** end ******** length     0 section .text *** removed ***
start ******** end ******** length     0 section .text *** removed ***
start ******** end ******** length     0 section .text *** removed ***
start ******** end ******** length     0 section .text *** removed ***
start ******** end ******** length     0 section .text *** removed ***
start ******** end ******** length     0 section .text *** removed ***

Release\stm8s_gpio.o:
start ******** end ******** length     0 section .bsct *** removed ***
start 00000933 end 000009b5 length   130 section .info.
start 00008a93 end 00008a9b length     8 section .text
start 00008a9b end 00008aec length    81 section .text
start ******** end ******** length     0 section .text *** removed ***
start 00008aec end 00008af1 length     5 section .text
start 00008af1 end 00008af7 length     6 section .text
start ******** end ******** length     0 section .text *** removed ***
start ******** end ******** length     0 section .text *** removed ***
start ******** end ******** length     0 section .text *** removed ***
start 00008af7 end 00008afc length     5 section .text
start ******** end ******** length     0 section .text *** removed ***

Release\stm8s_flash.o:
start ******** end ******** length     0 section .bsct *** removed ***
start 000009b5 end 00000a38 length   131 section .info.
start ******** end ******** length     0 section .text *** removed ***
start ******** end ******** length     0 section .text *** removed ***
start ******** end ******** length     0 section .text *** removed ***
start ******** end ******** length     0 section .text *** removed ***
start ******** end ******** length     0 section .text *** removed ***
start ******** end ******** length     0 section .text *** removed ***
start ******** end ******** length     0 section .text *** removed ***
start ******** end ******** length     0 section .text *** removed ***
start ******** end ******** length     0 section .text *** removed ***
start ******** end ******** length     0 section .text *** removed ***
start ******** end ******** length     0 section .text *** removed ***
start ******** end ******** length     0 section .text *** removed ***
start ******** end ******** length     0 section .text *** removed ***
start ******** end ******** length     0 section .text *** removed ***
start ******** end ******** length     0 section .text *** removed ***
start ******** end ******** length     0 section .text *** removed ***
start ******** end ******** length     0 section .text *** removed ***
start ******** end ******** length     0 section .text *** removed ***
start ******** end ******** length     0 section .text *** removed ***
start ******** end ******** length     0 section .text *** removed ***

Release\stm8s_exti.o:
start ******** end ******** length     0 section .bsct *** removed ***
start 00000a38 end 00000aba length   130 section .info.
start ******** end ******** length     0 section .text *** removed ***
start ******** end ******** length     0 section .text *** removed ***
start ******** end ******** length     0 section .text *** removed ***
start ******** end ******** length     0 section .text *** removed ***
start ******** end ******** length     0 section .text *** removed ***

Release\stm8s_clk.o:
start ******** end ******** length     0 section .bsct *** removed ***
start 00000aba end 00000b3b length   129 section .info.
start ******** end ******** length     0 section .const *** removed ***
start 00008afc end 00008b32 length    54 section .text
start ******** end ******** length     0 section .text *** removed ***
start 00008b32 end 00008b3f length    13 section .text
start 00008b3f end 00008b4c length    13 section .text
start 00008b4c end 00008b59 length    13 section .text
start ******** end ******** length     0 section .text *** removed ***
start 00008b59 end 00008b66 length    13 section .text
start ******** end ******** length     0 section .text *** removed ***
start 00008b66 end 00008bcc length   102 section .text
start 00008bcc end 00008c6d length   161 section .text
start 00008c6d end 00008c80 length    19 section .text
start ******** end ******** length     0 section .text *** removed ***
start ******** end ******** length     0 section .text *** removed ***
start 00008c80 end 00008ca7 length    39 section .text
start ******** end ******** length     0 section .text *** removed ***
start ******** end ******** length     0 section .text *** removed ***
start ******** end ******** length     0 section .text *** removed ***
start ******** end ******** length     0 section .text *** removed ***
start ******** end ******** length     0 section .text *** removed ***
start ******** end ******** length     0 section .text *** removed ***
start 00008ca7 end 00008cea length    67 section .text
start ******** end ******** length     0 section .text *** removed ***
start ******** end ******** length     0 section .text *** removed ***

Release\stm8s_beep.o:
start ******** end ******** length     0 section .bsct *** removed ***
start 00000b3b end 00000bbd length   130 section .info.
start ******** end ******** length     0 section .text *** removed ***
start ******** end ******** length     0 section .text *** removed ***
start ******** end ******** length     0 section .text *** removed ***
start ******** end ******** length     0 section .const *** removed ***
start ******** end ******** length     0 section .text *** removed ***

Release\stm8s_awu.o:
start ******** end ******** length     0 section .bsct *** removed ***
start 00000bbd end 00000c3e length   129 section .info.
start ******** end ******** length     0 section .const *** removed ***
start ******** end ******** length     0 section .text *** removed ***
start ******** end ******** length     0 section .text *** removed ***
start ******** end ******** length     0 section .text *** removed ***
start ******** end ******** length     0 section .text *** removed ***
start ******** end ******** length     0 section .text *** removed ***
start ******** end ******** length     0 section .text *** removed ***

Release\stm8s_adc1.o:
start ******** end ******** length     0 section .bsct *** removed ***
start 00000c3e end 00000cc0 length   130 section .info.
start ******** end ******** length     0 section .text *** removed ***
start ******** end ******** length     0 section .text *** removed ***
start ******** end ******** length     0 section .text *** removed ***
start ******** end ******** length     0 section .text *** removed ***
start ******** end ******** length     0 section .text *** removed ***
start ******** end ******** length     0 section .text *** removed ***
start ******** end ******** length     0 section .text *** removed ***
start ******** end ******** length     0 section .text *** removed ***
start ******** end ******** length     0 section .text *** removed ***
start ******** end ******** length     0 section .text *** removed ***
start ******** end ******** length     0 section .text *** removed ***
start ******** end ******** length     0 section .text *** removed ***
start ******** end ******** length     0 section .text *** removed ***
start ******** end ******** length     0 section .text *** removed ***
start ******** end ******** length     0 section .text *** removed ***
start ******** end ******** length     0 section .text *** removed ***
start ******** end ******** length     0 section .text *** removed ***
start ******** end ******** length     0 section .text *** removed ***
start ******** end ******** length     0 section .text *** removed ***
start ******** end ******** length     0 section .text *** removed ***
start ******** end ******** length     0 section .text *** removed ***

(D:\Programas\CosmicC\CXSTM8\lib\libm0.sm8)cmulx.o:
start ******** end ******** length     0 section .text *** removed ***
start 00000cc0 end 00000cf0 length    48 section .info.

(D:\Programas\CosmicC\CXSTM8\lib\libm0.sm8)imul.o:
start ******** end ******** length     0 section .text *** removed ***
start 00000cf0 end 00000d1f length    47 section .info.

(D:\Programas\CosmicC\CXSTM8\lib\libm0.sm8)ladd.o:
start ******** end ******** length     0 section .text *** removed ***
start 00000d1f end 00000d4e length    47 section .info.

(D:\Programas\CosmicC\CXSTM8\lib\libm0.sm8)lcmp.o:
start ******** end ******** length     0 section .text *** removed ***
start 00000d4e end 00000d7d length    47 section .info.

(D:\Programas\CosmicC\CXSTM8\lib\libm0.sm8)lgadd.o:
start 00008cea end 00008d01 length    23 section .text
start 00000d7d end 00000dad length    48 section .info.

(D:\Programas\CosmicC\CXSTM8\lib\libm0.sm8)lgor.o:
start 00008d01 end 00008d18 length    23 section .text
start 00000dad end 00000ddc length    47 section .info.

(D:\Programas\CosmicC\CXSTM8\lib\libm0.sm8)llsh.o:
start ******** end ******** length     0 section .text *** removed ***
start 00000ddc end 00000e0b length    47 section .info.

(D:\Programas\CosmicC\CXSTM8\lib\libm0.sm8)lmul.o:
start ******** end ******** length     0 section .text *** removed ***
start 00000e0b end 00000e3a length    47 section .info.

(D:\Programas\CosmicC\CXSTM8\lib\libm0.sm8)lreg.o:
start 00000036 end 0000003a length     4 section .ubsct
start 00000e3a end 00000e69 length    47 section .info.

(D:\Programas\CosmicC\CXSTM8\lib\libm0.sm8)lsub.o:
start ******** end ******** length     0 section .text *** removed ***
start 00000e69 end 00000e98 length    47 section .info.

(D:\Programas\CosmicC\CXSTM8\lib\libm0.sm8)ltor.o:
start 00008d18 end 00008d2a length    18 section .text
start 00000e98 end 00000ec7 length    47 section .info.

(D:\Programas\CosmicC\CXSTM8\lib\libm0.sm8)ludiv.o:
start 00008d2a end 00008d3e length    20 section .text
start 00000ec7 end 00000ef7 length    48 section .info.

(D:\Programas\CosmicC\CXSTM8\lib\libm0.sm8)ldiv.o:
start 00008d3e end 00008e29 length   235 section .text
start 00000ef7 end 00000f26 length    47 section .info.

(D:\Programas\CosmicC\CXSTM8\lib\libm0.sm8)lgneg.o:
start 00008e29 end 00008e3c length    19 section .text
start 00000f26 end 00000f56 length    48 section .info.

(D:\Programas\CosmicC\CXSTM8\lib\libm0.sm8)lneg.o:
start 00008e3c end 00008e51 length    21 section .text
start 00000f56 end 00000f85 length    47 section .info.

(D:\Programas\CosmicC\CXSTM8\lib\libm0.sm8)lursh.o:
start 00008e51 end 00008e60 length    15 section .text
start 00000f85 end 00000fb5 length    48 section .info.

(D:\Programas\CosmicC\CXSTM8\lib\libm0.sm8)rtol.o:
start 00008e60 end 00008e72 length    18 section .text
start 00000fb5 end 00000fe4 length    47 section .info.

(D:\Programas\CosmicC\CXSTM8\lib\libm0.sm8)sdivx.o:
start ******** end ******** length     0 section .text *** removed ***
start 00000fe4 end 00001014 length    48 section .info.

(D:\Programas\CosmicC\CXSTM8\lib\libm0.sm8)smul.o:
start ******** end ******** length     0 section .text *** removed ***
start 00001014 end 00001043 length    47 section .info.

(D:\Programas\CosmicC\CXSTM8\lib\libm0.sm8)utolx.o:
start 00008e72 end 00008e79 length     7 section .text
start 00001043 end 00001073 length    48 section .info.

(D:\Programas\CosmicC\CXSTM8\lib\libm0.sm8)umul.o:
start ******** end ******** length     0 section .text *** removed ***
start 00001073 end 000010a2 length    47 section .info.

(D:\Programas\CosmicC\CXSTM8\lib\libm0.sm8)xreg.o:
start 0000003a end 0000003d length     3 section .ubsct
start 000010a2 end 000010d1 length    47 section .info.

(D:\Programas\CosmicC\CXSTM8\lib\libm0.sm8)xymov.o:
start 00008e79 end 00008eb8 length    63 section .text
start 000010d1 end 00001101 length    48 section .info.

(D:\Programas\CosmicC\CXSTM8\lib\libm0.sm8)yreg.o:
start 0000003d end 00000040 length     3 section .ubsct
start 00001101 end 00001130 length    47 section .info.

Release\stm8_interrupt_vector.o:
start ******** end ******** length     0 section .bsct *** removed ***
start 00001130 end 000011bd length   141 section .info.
start 00008eb8 end 00008eb9 length     1 section .text
start 00008000 end 00008080 length   128 section .const


                             -----------
                             Stack usage
                             -----------

Release\clock.o:
_Clock_HSI_Init                 14   (4)
_DisableAllPeripherals           6   (2)

Release\dht11.o:
_DHT11_Init                     16   (6)
_dht11_Lectura              >   35   (25)

Release\gpio.o:
_NHALgpio_Init                   8   (2)
_NHALgpio_Read                   7   (2)
_NHALgpio_Write                 10   (5)

Release\gpio_config.o:
_NHALgpioConfig_SetType          5   (5)

Release\hx711.o:
_HX711_Init                     22   (12)
_hx711_Lectura              >   33   (15) *** pointer() ***
_hx711_Tarar                >   38   (20) *** pointer() ***

Release\main.o:
_main                       >   24   (2) *** pointer() ***

Release\stm8_interrupt_vector.o:
f_NonHandledInterrupt       >    6   (6)

Release\stm8s_clk.o:
_CLK_ClockSwitchCmd              2   (2)
_CLK_ClockSwitchConfig          10   (10)
_CLK_DeInit                      2   (2)
_CLK_GetFlagStatus               7   (7)
_CLK_HSECmd                      2   (2)
_CLK_HSICmd                      2   (2)
_CLK_HSIPrescalerConfig          3   (3)
_CLK_LSICmd                      2   (2)
_CLK_PeripheralClockConfig       4   (4)
_CLK_SYSCLKConfig                3   (3)

Release\stm8s_gpio.o:
_GPIO_DeInit                     2   (2)
_GPIO_Init                       6   (6)
_GPIO_ReadInputPin               5   (5)
_GPIO_WriteHigh                  5   (5)
_GPIO_WriteLow                   5   (5)

Release\stm8s_itc.o:
_getFlagTimer1              >    2   (2)
_setFlagTimer1              >    2   (2)
f_TIM1_OV_IRQHandler        >   16   (12)

Release\stm8s_tim1.o:
_TIM1_ClearFlag                  4   (4)
_TIM1_ClearITPendingBit          2   (2)
_TIM1_Cmd                        2   (2)
_TIM1_ITConfig                   4   (4)
_TIM1_TimeBaseInit               8   (8)

Release\timeout.o:
_Timeout_Init                   10   (10)
_Timeout_Start                  18   (6)
_Timeout_Stop                    8   (4) *** pointer() ***

Release\timer.o:
_Timer_Init                     12   (4)

Stack size: 54


                              ---------
                              Call tree
                              ---------
   1 > __stext: (0)

   2 > _dht11_Lectura: (25)
   3      + _NHALgpioConfig_SetType: (5)
   4      + _NHALgpio_Init: (2)
   5      |    + _GPIO_Init: (6)
          | 
   6      + _NHALgpio_Read: (2)
   7      |    + _GPIO_ReadInputPin: (5)
          | 
   8      + _NHALgpio_Write: (5)
   9      |    + _GPIO_WriteHigh: (5)
  10      |    + _GPIO_WriteLow: (5)
          | 
       
  11 > _getFlagTimer1: (2)

  12 > _hx711_Lectura: (15)
  13      + _NHALgpio_Read --> 6
  14      + _NHALgpio_Write --> 8
  15      + _Timeout_Start: (6)
  16      |    + _Timer_Init: (4)
  17      |    |    + _TIM1_Cmd: (2)
  18      |    |    + _TIM1_ITConfig: (4)
  19      |    |    + _TIM1_TimeBaseInit: (8)
          |    | 
          | 
  20      + _Timeout_Stop: (4)
  21      |    + _TIM1_ClearFlag: (4)
  22      |    + _TIM1_ClearITPendingBit: (2)
  23      |    + _TIM1_Cmd --> 17
  24      |    + _TIM1_ITConfig --> 18
          | 
       
  25 > _hx711_Tarar: (20)
  26      + _NHALgpio_Read --> 6
  27      + _NHALgpio_Write --> 8
  28      + _Timeout_Start --> 15
  29      + _Timeout_Stop --> 20
       
  30 > _main: (2)
  31      + _Clock_HSI_Init: (4)
  32      |    + _CLK_ClockSwitchCmd: (2)
  33      |    + _CLK_ClockSwitchConfig: (10)
  34      |    + _CLK_DeInit: (2)
  35      |    + _CLK_GetFlagStatus: (7)
  36      |    + _CLK_HSECmd: (2)
  37      |    + _CLK_HSICmd: (2)
  38      |    + _CLK_HSIPrescalerConfig: (3)
  39      |    + _CLK_LSICmd: (2)
  40      |    + _CLK_SYSCLKConfig: (3)
  41      |    + _DisableAllPeripherals: (2)
  42      |    |    + _CLK_PeripheralClockConfig: (4)
          |    | 
          | 
  43      + _DHT11_Init: (6)
  44      |    + _NHALgpioConfig_SetType --> 3
  45      |    + _NHALgpio_Init --> 4
  46      |    + _NHALgpio_Write --> 8
          | 
  47      + _GPIO_DeInit: (2)
  48      + _HX711_Init: (12)
  49      |    + _NHALgpioConfig_SetType --> 3
  50      |    + _NHALgpio_Init --> 4
  51      |    + _NHALgpio_Write --> 8
          | 
  52      + _Timeout_Init: (10)
       
  53 > _setFlagTimer1: (2)

  54 > f_NonHandledInterrupt: (6)

  55 > f_TIM1_OV_IRQHandler: (12)
  56      + _TIM1_ClearFlag --> 21
  57      + _TIM1_ClearITPendingBit --> 22
       
  58   _CLK_ClockSwitchCmd --> 32

  59   _CLK_ClockSwitchConfig --> 33

  60   _CLK_DeInit --> 34

  61   _CLK_GetFlagStatus --> 35

  62   _CLK_HSECmd --> 36

  63   _CLK_HSICmd --> 37

  64   _CLK_HSIPrescalerConfig --> 38

  65   _CLK_LSICmd --> 39

  66   _CLK_PeripheralClockConfig --> 42

  67   _CLK_SYSCLKConfig --> 40

  68   _Clock_HSI_Init --> 31

  69   _DHT11_Init --> 43

  70   _DisableAllPeripherals --> 41

  71   _GPIO_DeInit --> 47

  72   _GPIO_Init --> 5

  73   _GPIO_ReadInputPin --> 7

  74   _GPIO_WriteHigh --> 9

  75   _GPIO_WriteLow --> 10

  76   _HX711_Init --> 48

  77   _NHALgpioConfig_SetType --> 3

  78   _NHALgpio_Init --> 4

  79   _NHALgpio_Read --> 6

  80   _NHALgpio_Write --> 8

  81   _TIM1_ClearFlag --> 21

  82   _TIM1_ClearITPendingBit --> 22

  83   _TIM1_Cmd --> 17

  84   _TIM1_ITConfig --> 18

  85   _TIM1_TimeBaseInit --> 19

  86   _Timeout_Init --> 52

  87   _Timeout_Start --> 15

  88   _Timeout_Stop --> 20

  89   _Timer_Init --> 16



                               -------
                               Symbols
                               -------

_ADC1_AWDChannelConfig           ********   *** removed from Release\stm8s_adc1.o ***
_ADC1_ClearFlag                  ********   *** removed from Release\stm8s_adc1.o ***
_ADC1_ClearITPendingBit          ********   *** removed from Release\stm8s_adc1.o ***
_ADC1_Cmd                        ********   *** removed from Release\stm8s_adc1.o ***
_ADC1_ConversionConfig           ********   *** removed from Release\stm8s_adc1.o ***
_ADC1_DataBufferCmd              ********   *** removed from Release\stm8s_adc1.o ***
_ADC1_DeInit                     ********   *** removed from Release\stm8s_adc1.o ***
_ADC1_ExternalTriggerConfig      ********   *** removed from Release\stm8s_adc1.o ***
_ADC1_GetAWDChannelStatus        ********   *** removed from Release\stm8s_adc1.o ***
_ADC1_GetBufferValue             ********   *** removed from Release\stm8s_adc1.o ***
_ADC1_GetConversionValue         ********   *** removed from Release\stm8s_adc1.o ***
_ADC1_GetFlagStatus              ********   *** removed from Release\stm8s_adc1.o ***
_ADC1_GetITStatus                ********   *** removed from Release\stm8s_adc1.o ***
_ADC1_ITConfig                   ********   *** removed from Release\stm8s_adc1.o ***
_ADC1_Init                       ********   *** removed from Release\stm8s_adc1.o ***
_ADC1_PrescalerConfig            ********   *** removed from Release\stm8s_adc1.o ***
_ADC1_ScanModeCmd                ********   *** removed from Release\stm8s_adc1.o ***
_ADC1_SchmittTriggerConfig       ********   *** removed from Release\stm8s_adc1.o ***
_ADC1_SetHighThreshold           ********   *** removed from Release\stm8s_adc1.o ***
_ADC1_SetLowThreshold            ********   *** removed from Release\stm8s_adc1.o ***
_ADC1_StartConversion            ********   *** removed from Release\stm8s_adc1.o ***
_APR_Array                       ********   *** removed from Release\stm8s_awu.o ***
_AWU_Cmd                         ********   *** removed from Release\stm8s_awu.o ***
_AWU_DeInit                      ********   *** removed from Release\stm8s_awu.o ***
_AWU_GetFlagStatus               ********   *** removed from Release\stm8s_awu.o ***
_AWU_IdleModeEnable              ********   *** removed from Release\stm8s_awu.o ***
_AWU_Init                        ********   *** removed from Release\stm8s_awu.o ***
_AWU_LSICalibrationConfig        ********   *** removed from Release\stm8s_awu.o ***
_BEEP_Cmd                        ********   *** removed from Release\stm8s_beep.o ***
_BEEP_DeInit                     ********   *** removed from Release\stm8s_beep.o ***
_BEEP_Init                       ********   *** removed from Release\stm8s_beep.o ***
_BEEP_LSICalibrationConfig       ********   *** removed from Release\stm8s_beep.o ***
_CLKPrescTable                   ********   *** removed from Release\stm8s_clk.o ***
_CLK_AdjustHSICalibrationValue   ********   *** removed from Release\stm8s_clk.o ***
_CLK_CCOCmd                      ********   *** removed from Release\stm8s_clk.o ***
_CLK_CCOConfig                   ********   *** removed from Release\stm8s_clk.o ***
_CLK_ClearITPendingBit           ********   *** removed from Release\stm8s_clk.o ***
_CLK_ClockSecuritySystemEnable   ********   *** removed from Release\stm8s_clk.o ***
_CLK_ClockSwitchCmd              00008b59   defined in Release\stm8s_clk.o section .text
                                            used in Release\clock.o
_CLK_ClockSwitchConfig           00008bcc   defined in Release\stm8s_clk.o section .text
                                            used in Release\clock.o
_CLK_DeInit                      00008afc   defined in Release\stm8s_clk.o section .text
                                            used in Release\clock.o
_CLK_FastHaltWakeUpCmd           ********   *** removed from Release\stm8s_clk.o ***
_CLK_GetClockFreq                ********   *** removed from Release\stm8s_clk.o ***
_CLK_GetFlagStatus               00008ca7   defined in Release\stm8s_clk.o section .text
                                            used in Release\clock.o
_CLK_GetITStatus                 ********   *** removed from Release\stm8s_clk.o ***
_CLK_GetSYSCLKSource             ********   *** removed from Release\stm8s_clk.o ***
_CLK_HSECmd                      00008b32   defined in Release\stm8s_clk.o section .text
                                            used in Release\clock.o
_CLK_HSICmd                      00008b3f   defined in Release\stm8s_clk.o section .text
                                            used in Release\clock.o
_CLK_HSIPrescalerConfig          00008c6d   defined in Release\stm8s_clk.o section .text
                                            used in Release\clock.o
_CLK_ITConfig                    ********   *** removed from Release\stm8s_clk.o ***
_CLK_LSICmd                      00008b4c   defined in Release\stm8s_clk.o section .text
                                            used in Release\clock.o
_CLK_PeripheralClockConfig       00008b66   defined in Release\stm8s_clk.o section .text
                                            used in Release\clock.o
_CLK_SWIMConfig                  ********   *** removed from Release\stm8s_clk.o ***
_CLK_SYSCLKConfig                00008c80   defined in Release\stm8s_clk.o section .text
                                            used in Release\clock.o
_CLK_SYSCLKEmergencyClear        ********   *** removed from Release\stm8s_clk.o ***
_CLK_SlowActiveHaltWakeUpCmd     ********   *** removed from Release\stm8s_clk.o ***
_Clock_HSI_Init                  00008175   defined in Release\clock.o section .text
                                            used in Release\main.o
_DHT11_Init                      000082ac   defined in Release\dht11.o section .text
                                            used in Release\main.o
_DisableAllPeripherals           000081ae   defined in Release\clock.o section .text
_EXTI_DeInit                     ********   *** removed from Release\stm8s_exti.o ***
_EXTI_GetExtIntSensitivity       ********   *** removed from Release\stm8s_exti.o ***
_EXTI_GetTLISensitivity          ********   *** removed from Release\stm8s_exti.o ***
_EXTI_SetExtIntSensitivity       ********   *** removed from Release\stm8s_exti.o ***
_EXTI_SetTLISensitivity          ********   *** removed from Release\stm8s_exti.o ***
_EnableClockMirror               ********   *** removed from Release\clock.o ***
_FLASH_DeInit                    ********   *** removed from Release\stm8s_flash.o ***
_FLASH_EraseBlock                ********   *** removed from Release\stm8s_flash.o ***
_FLASH_EraseByte                 ********   *** removed from Release\stm8s_flash.o ***
_FLASH_EraseOptionByte           ********   *** removed from Release\stm8s_flash.o ***
_FLASH_GetBootSize               ********   *** removed from Release\stm8s_flash.o ***
_FLASH_GetFlagStatus             ********   *** removed from Release\stm8s_flash.o ***
_FLASH_GetLowPowerMode           ********   *** removed from Release\stm8s_flash.o ***
_FLASH_GetProgrammingTime        ********   *** removed from Release\stm8s_flash.o ***
_FLASH_ITConfig                  ********   *** removed from Release\stm8s_flash.o ***
_FLASH_Lock                      ********   *** removed from Release\stm8s_flash.o ***
_FLASH_ProgramBlock              ********   *** removed from Release\stm8s_flash.o ***
_FLASH_ProgramByte               ********   *** removed from Release\stm8s_flash.o ***
_FLASH_ProgramOptionByte         ********   *** removed from Release\stm8s_flash.o ***
_FLASH_ProgramWord               ********   *** removed from Release\stm8s_flash.o ***
_FLASH_ReadByte                  ********   *** removed from Release\stm8s_flash.o ***
_FLASH_ReadOptionByte            ********   *** removed from Release\stm8s_flash.o ***
_FLASH_SetLowPowerMode           ********   *** removed from Release\stm8s_flash.o ***
_FLASH_SetProgrammingTime        ********   *** removed from Release\stm8s_flash.o ***
_FLASH_Unlock                    ********   *** removed from Release\stm8s_flash.o ***
_FLASH_WaitForLastOperation      ********   *** removed from Release\stm8s_flash.o ***
_GPIO_DeInit                     00008a93   defined in Release\stm8s_gpio.o section .text
                                            used in Release\main.o
_GPIO_ExternalPullUpConfig       ********   *** removed from Release\stm8s_gpio.o ***
_GPIO_Init                       00008a9b   defined in Release\stm8s_gpio.o section .text
                                            used in Release\gpio.o
_GPIO_ReadInputData              ********   *** removed from Release\stm8s_gpio.o ***
_GPIO_ReadInputPin               00008af7   defined in Release\stm8s_gpio.o section .text
                                            used in Release\gpio.o
_GPIO_ReadOutputData             ********   *** removed from Release\stm8s_gpio.o ***
_GPIO_Write                      ********   *** removed from Release\stm8s_gpio.o ***
_GPIO_WriteHigh                  00008aec   defined in Release\stm8s_gpio.o section .text
                                            used in Release\gpio.o
_GPIO_WriteLow                   00008af1   defined in Release\stm8s_gpio.o section .text
                                            used in Release\gpio.o
_GPIO_WriteReverse               ********   *** removed from Release\stm8s_gpio.o ***
_HSIDivFactor                    ********   *** removed from Release\stm8s_clk.o ***
_HX711_Init                      00008575   defined in Release\hx711.o section .text
                                            used in Release\main.o
_I2C_AcknowledgeConfig           ********   *** removed from Release\stm8s_i2c.o ***
_I2C_CheckEvent                  ********   *** removed from Release\stm8s_i2c.o ***
_I2C_ClearFlag                   ********   *** removed from Release\stm8s_i2c.o ***
_I2C_ClearITPendingBit           ********   *** removed from Release\stm8s_i2c.o ***
_I2C_Cmd                         ********   *** removed from Release\stm8s_i2c.o ***
_I2C_DeInit                      ********   *** removed from Release\stm8s_i2c.o ***
_I2C_FastModeDutyCycleConfig     ********   *** removed from Release\stm8s_i2c.o ***
_I2C_GeneralCallCmd              ********   *** removed from Release\stm8s_i2c.o ***
_I2C_GenerateSTART               ********   *** removed from Release\stm8s_i2c.o ***
_I2C_GenerateSTOP                ********   *** removed from Release\stm8s_i2c.o ***
_I2C_GetFlagStatus               ********   *** removed from Release\stm8s_i2c.o ***
_I2C_GetITStatus                 ********   *** removed from Release\stm8s_i2c.o ***
_I2C_GetLastEvent                ********   *** removed from Release\stm8s_i2c.o ***
_I2C_ITConfig                    ********   *** removed from Release\stm8s_i2c.o ***
_I2C_Init                        ********   *** removed from Release\stm8s_i2c.o ***
_I2C_ReceiveData                 ********   *** removed from Release\stm8s_i2c.o ***
_I2C_Send7bitAddress             ********   *** removed from Release\stm8s_i2c.o ***
_I2C_SendData                    ********   *** removed from Release\stm8s_i2c.o ***
_I2C_SoftwareResetCmd            ********   *** removed from Release\stm8s_i2c.o ***
_I2C_StretchClockCmd             ********   *** removed from Release\stm8s_i2c.o ***
_ITC_DeInit                      ********   *** removed from Release\stm8s_itc.o ***
_ITC_GetCPUCC                    ********   *** removed from Release\stm8s_itc.o ***
_ITC_GetSoftIntStatus            ********   *** removed from Release\stm8s_itc.o ***
_ITC_GetSoftwarePriority         ********   *** removed from Release\stm8s_itc.o ***
_ITC_SetSoftwarePriority         ********   *** removed from Release\stm8s_itc.o ***
_IWDG_Enable                     ********   *** removed from Release\stm8s_iwdg.o ***
_IWDG_ReloadCounter              ********   *** removed from Release\stm8s_iwdg.o ***
_IWDG_SetPrescaler               ********   *** removed from Release\stm8s_iwdg.o ***
_IWDG_SetReload                  ********   *** removed from Release\stm8s_iwdg.o ***
_IWDG_WriteAccessCmd             ********   *** removed from Release\stm8s_iwdg.o ***
_NHALgpioConfig_SetType          000081dc   defined in Release\gpio_config.o section .text
                                            used in Release\clock.o
                                                    Release\dht11.o
                                                    Release\hx711.o
_NHALgpio_Init                   000081e1   defined in Release\gpio.o section .text
                                            used in Release\clock.o
                                                    Release\dht11.o
                                                    Release\hx711.o
_NHALgpio_Read                   000081ed   defined in Release\gpio.o section .text
                                            used in Release\dht11.o
                                                    Release\hx711.o
_NHALgpio_Write                  000081fc   defined in Release\gpio.o section .text
                                            used in Release\dht11.o
                                                    Release\hx711.o
_RST_ClearFlag                   ********   *** removed from Release\stm8s_rst.o ***
_RST_GetFlagStatus               ********   *** removed from Release\stm8s_rst.o ***
_SPI_BiDirectionalLineConfig     ********   *** removed from Release\stm8s_spi.o ***
_SPI_CalculateCRCCmd             ********   *** removed from Release\stm8s_spi.o ***
_SPI_ClearFlag                   ********   *** removed from Release\stm8s_spi.o ***
_SPI_ClearITPendingBit           ********   *** removed from Release\stm8s_spi.o ***
_SPI_Cmd                         ********   *** removed from Release\stm8s_spi.o ***
_SPI_DeInit                      ********   *** removed from Release\stm8s_spi.o ***
_SPI_GetCRC                      ********   *** removed from Release\stm8s_spi.o ***
_SPI_GetCRCPolynomial            ********   *** removed from Release\stm8s_spi.o ***
_SPI_GetFlagStatus               ********   *** removed from Release\stm8s_spi.o ***
_SPI_GetITStatus                 ********   *** removed from Release\stm8s_spi.o ***
_SPI_ITConfig                    ********   *** removed from Release\stm8s_spi.o ***
_SPI_Init                        ********   *** removed from Release\stm8s_spi.o ***
_SPI_NSSInternalSoftwareCmd      ********   *** removed from Release\stm8s_spi.o ***
_SPI_ReceiveData                 ********   *** removed from Release\stm8s_spi.o ***
_SPI_ResetCRC                    ********   *** removed from Release\stm8s_spi.o ***
_SPI_SendData                    ********   *** removed from Release\stm8s_spi.o ***
_SPI_TransmitCRC                 ********   *** removed from Release\stm8s_spi.o ***
_SensorPesaje                    00000010   defined in Release\main.o section .ubsct
_SensorTempHum                   0000002a   defined in Release\main.o section .ubsct
_TBR_Array                       ********   *** removed from Release\stm8s_awu.o ***
_TIM1_ARRPreloadConfig           ********   *** removed from Release\stm8s_tim1.o ***
_TIM1_BDTRConfig                 ********   *** removed from Release\stm8s_tim1.o ***
_TIM1_CCPreloadControl           ********   *** removed from Release\stm8s_tim1.o ***
_TIM1_CCxCmd                     ********   *** removed from Release\stm8s_tim1.o ***
_TIM1_CCxNCmd                    ********   *** removed from Release\stm8s_tim1.o ***
_TIM1_ClearFlag                  00008a4c   defined in Release\stm8s_tim1.o section .text
                                            used in Release\timeout.o
                                                    Release\stm8s_itc.o
_TIM1_ClearITPendingBit          00008a5c   defined in Release\stm8s_tim1.o section .text
                                            used in Release\timeout.o
                                                    Release\stm8s_itc.o
_TIM1_Cmd                        00008a29   defined in Release\stm8s_tim1.o section .text
                                            used in Release\timer.o
                                                    Release\timeout.o
_TIM1_CounterModeConfig          ********   *** removed from Release\stm8s_tim1.o ***
_TIM1_CtrlPWMOutputs             ********   *** removed from Release\stm8s_tim1.o ***
_TIM1_DeInit                     ********   *** removed from Release\stm8s_tim1.o ***
_TIM1_ETRClockMode1Config        ********   *** removed from Release\stm8s_tim1.o ***
_TIM1_ETRClockMode2Config        ********   *** removed from Release\stm8s_tim1.o ***
_TIM1_ETRConfig                  ********   *** removed from Release\stm8s_tim1.o ***
_TIM1_EncoderInterfaceConfig     ********   *** removed from Release\stm8s_tim1.o ***
_TIM1_ForcedOC1Config            ********   *** removed from Release\stm8s_tim1.o ***
_TIM1_ForcedOC2Config            ********   *** removed from Release\stm8s_tim1.o ***
_TIM1_ForcedOC3Config            ********   *** removed from Release\stm8s_tim1.o ***
_TIM1_ForcedOC4Config            ********   *** removed from Release\stm8s_tim1.o ***
_TIM1_GenerateEvent              ********   *** removed from Release\stm8s_tim1.o ***
_TIM1_GetCapture1                ********   *** removed from Release\stm8s_tim1.o ***
_TIM1_GetCapture2                ********   *** removed from Release\stm8s_tim1.o ***
_TIM1_GetCapture3                ********   *** removed from Release\stm8s_tim1.o ***
_TIM1_GetCapture4                ********   *** removed from Release\stm8s_tim1.o ***
_TIM1_GetCounter                 ********   *** removed from Release\stm8s_tim1.o ***
_TIM1_GetFlagStatus              ********   *** removed from Release\stm8s_tim1.o ***
_TIM1_GetITStatus                ********   *** removed from Release\stm8s_tim1.o ***
_TIM1_GetPrescaler               ********   *** removed from Release\stm8s_tim1.o ***
_TIM1_ICInit                     ********   *** removed from Release\stm8s_tim1.o ***
_TIM1_ITConfig                   00008a36   defined in Release\stm8s_tim1.o section .text
                                            used in Release\timer.o
                                                    Release\timeout.o
_TIM1_InternalClockConfig        ********   *** removed from Release\stm8s_tim1.o ***
_TIM1_OC1FastConfig              ********   *** removed from Release\stm8s_tim1.o ***
_TIM1_OC1Init                    ********   *** removed from Release\stm8s_tim1.o ***
_TIM1_OC1NPolarityConfig         ********   *** removed from Release\stm8s_tim1.o ***
_TIM1_OC1PolarityConfig          ********   *** removed from Release\stm8s_tim1.o ***
_TIM1_OC1PreloadConfig           ********   *** removed from Release\stm8s_tim1.o ***
_TIM1_OC2FastConfig              ********   *** removed from Release\stm8s_tim1.o ***
_TIM1_OC2Init                    ********   *** removed from Release\stm8s_tim1.o ***
_TIM1_OC2NPolarityConfig         ********   *** removed from Release\stm8s_tim1.o ***
_TIM1_OC2PolarityConfig          ********   *** removed from Release\stm8s_tim1.o ***
_TIM1_OC2PreloadConfig           ********   *** removed from Release\stm8s_tim1.o ***
_TIM1_OC3FastConfig              ********   *** removed from Release\stm8s_tim1.o ***
_TIM1_OC3Init                    ********   *** removed from Release\stm8s_tim1.o ***
_TIM1_OC3NPolarityConfig         ********   *** removed from Release\stm8s_tim1.o ***
_TIM1_OC3PolarityConfig          ********   *** removed from Release\stm8s_tim1.o ***
_TIM1_OC3PreloadConfig           ********   *** removed from Release\stm8s_tim1.o ***
_TIM1_OC4FastConfig              ********   *** removed from Release\stm8s_tim1.o ***
_TIM1_OC4Init                    ********   *** removed from Release\stm8s_tim1.o ***
_TIM1_OC4PolarityConfig          ********   *** removed from Release\stm8s_tim1.o ***
_TIM1_OC4PreloadConfig           ********   *** removed from Release\stm8s_tim1.o ***
_TIM1_PWMIConfig                 ********   *** removed from Release\stm8s_tim1.o ***
_TIM1_PrescalerConfig            ********   *** removed from Release\stm8s_tim1.o ***
_TIM1_SelectCOM                  ********   *** removed from Release\stm8s_tim1.o ***
_TIM1_SelectHallSensor           ********   *** removed from Release\stm8s_tim1.o ***
_TIM1_SelectInputTrigger         ********   *** removed from Release\stm8s_tim1.o ***
_TIM1_SelectMasterSlaveMode      ********   *** removed from Release\stm8s_tim1.o ***
_TIM1_SelectOCxM                 ********   *** removed from Release\stm8s_tim1.o ***
_TIM1_SelectOnePulseMode         ********   *** removed from Release\stm8s_tim1.o ***
_TIM1_SelectOutputTrigger        ********   *** removed from Release\stm8s_tim1.o ***
_TIM1_SelectSlaveMode            ********   *** removed from Release\stm8s_tim1.o ***
_TIM1_SetAutoreload              ********   *** removed from Release\stm8s_tim1.o ***
_TIM1_SetCompare1                ********   *** removed from Release\stm8s_tim1.o ***
_TIM1_SetCompare2                ********   *** removed from Release\stm8s_tim1.o ***
_TIM1_SetCompare3                ********   *** removed from Release\stm8s_tim1.o ***
_TIM1_SetCompare4                ********   *** removed from Release\stm8s_tim1.o ***
_TIM1_SetCounter                 ********   *** removed from Release\stm8s_tim1.o ***
_TIM1_SetIC1Prescaler            ********   *** removed from Release\stm8s_tim1.o ***
_TIM1_SetIC2Prescaler            ********   *** removed from Release\stm8s_tim1.o ***
_TIM1_SetIC3Prescaler            ********   *** removed from Release\stm8s_tim1.o ***
_TIM1_SetIC4Prescaler            ********   *** removed from Release\stm8s_tim1.o ***
_TIM1_TIxExternalClockConfig     ********   *** removed from Release\stm8s_tim1.o ***
_TIM1_TimeBaseInit               00008a07   defined in Release\stm8s_tim1.o section .text
                                            used in Release\timer.o
_TIM1_UpdateDisableConfig        ********   *** removed from Release\stm8s_tim1.o ***
_TIM1_UpdateRequestConfig        ********   *** removed from Release\stm8s_tim1.o ***
_TIM2_ARRPreloadConfig           ********   *** removed from Release\stm8s_tim2.o ***
_TIM2_CCxCmd                     ********   *** removed from Release\stm8s_tim2.o ***
_TIM2_ClearFlag                  ********   *** removed from Release\stm8s_tim2.o ***
_TIM2_ClearITPendingBit          ********   *** removed from Release\stm8s_tim2.o ***
_TIM2_Cmd                        ********   *** removed from Release\stm8s_tim2.o ***
_TIM2_DeInit                     ********   *** removed from Release\stm8s_tim2.o ***
_TIM2_ForcedOC1Config            ********   *** removed from Release\stm8s_tim2.o ***
_TIM2_ForcedOC2Config            ********   *** removed from Release\stm8s_tim2.o ***
_TIM2_ForcedOC3Config            ********   *** removed from Release\stm8s_tim2.o ***
_TIM2_GenerateEvent              ********   *** removed from Release\stm8s_tim2.o ***
_TIM2_GetCapture1                ********   *** removed from Release\stm8s_tim2.o ***
_TIM2_GetCapture2                ********   *** removed from Release\stm8s_tim2.o ***
_TIM2_GetCapture3                ********   *** removed from Release\stm8s_tim2.o ***
_TIM2_GetCounter                 ********   *** removed from Release\stm8s_tim2.o ***
_TIM2_GetFlagStatus              ********   *** removed from Release\stm8s_tim2.o ***
_TIM2_GetITStatus                ********   *** removed from Release\stm8s_tim2.o ***
_TIM2_GetPrescaler               ********   *** removed from Release\stm8s_tim2.o ***
_TIM2_ICInit                     ********   *** removed from Release\stm8s_tim2.o ***
_TIM2_ITConfig                   ********   *** removed from Release\stm8s_tim2.o ***
_TIM2_OC1Init                    ********   *** removed from Release\stm8s_tim2.o ***
_TIM2_OC1PolarityConfig          ********   *** removed from Release\stm8s_tim2.o ***
_TIM2_OC1PreloadConfig           ********   *** removed from Release\stm8s_tim2.o ***
_TIM2_OC2Init                    ********   *** removed from Release\stm8s_tim2.o ***
_TIM2_OC2PolarityConfig          ********   *** removed from Release\stm8s_tim2.o ***
_TIM2_OC2PreloadConfig           ********   *** removed from Release\stm8s_tim2.o ***
_TIM2_OC3Init                    ********   *** removed from Release\stm8s_tim2.o ***
_TIM2_OC3PolarityConfig          ********   *** removed from Release\stm8s_tim2.o ***
_TIM2_OC3PreloadConfig           ********   *** removed from Release\stm8s_tim2.o ***
_TIM2_PWMIConfig                 ********   *** removed from Release\stm8s_tim2.o ***
_TIM2_PrescalerConfig            ********   *** removed from Release\stm8s_tim2.o ***
_TIM2_SelectOCxM                 ********   *** removed from Release\stm8s_tim2.o ***
_TIM2_SelectOnePulseMode         ********   *** removed from Release\stm8s_tim2.o ***
_TIM2_SetAutoreload              ********   *** removed from Release\stm8s_tim2.o ***
_TIM2_SetCompare1                ********   *** removed from Release\stm8s_tim2.o ***
_TIM2_SetCompare2                ********   *** removed from Release\stm8s_tim2.o ***
_TIM2_SetCompare3                ********   *** removed from Release\stm8s_tim2.o ***
_TIM2_SetCounter                 ********   *** removed from Release\stm8s_tim2.o ***
_TIM2_SetIC1Prescaler            ********   *** removed from Release\stm8s_tim2.o ***
_TIM2_SetIC2Prescaler            ********   *** removed from Release\stm8s_tim2.o ***
_TIM2_SetIC3Prescaler            ********   *** removed from Release\stm8s_tim2.o ***
_TIM2_TimeBaseInit               ********   *** removed from Release\stm8s_tim2.o ***
_TIM2_UpdateDisableConfig        ********   *** removed from Release\stm8s_tim2.o ***
_TIM2_UpdateRequestConfig        ********   *** removed from Release\stm8s_tim2.o ***
_TIM4_ARRPreloadConfig           ********   *** removed from Release\stm8s_tim4.o ***
_TIM4_ClearFlag                  ********   *** removed from Release\stm8s_tim4.o ***
_TIM4_ClearITPendingBit          ********   *** removed from Release\stm8s_tim4.o ***
_TIM4_Cmd                        ********   *** removed from Release\stm8s_tim4.o ***
_TIM4_DeInit                     ********   *** removed from Release\stm8s_tim4.o ***
_TIM4_GenerateEvent              ********   *** removed from Release\stm8s_tim4.o ***
_TIM4_GetCounter                 ********   *** removed from Release\stm8s_tim4.o ***
_TIM4_GetFlagStatus              ********   *** removed from Release\stm8s_tim4.o ***
_TIM4_GetITStatus                ********   *** removed from Release\stm8s_tim4.o ***
_TIM4_GetPrescaler               ********   *** removed from Release\stm8s_tim4.o ***
_TIM4_ITConfig                   ********   *** removed from Release\stm8s_tim4.o ***
_TIM4_PrescalerConfig            ********   *** removed from Release\stm8s_tim4.o ***
_TIM4_SelectOnePulseMode         ********   *** removed from Release\stm8s_tim4.o ***
_TIM4_SetAutoreload              ********   *** removed from Release\stm8s_tim4.o ***
_TIM4_SetCounter                 ********   *** removed from Release\stm8s_tim4.o ***
_TIM4_TimeBaseInit               ********   *** removed from Release\stm8s_tim4.o ***
_TIM4_UpdateDisableConfig        ********   *** removed from Release\stm8s_tim4.o ***
_TIM4_UpdateRequestConfig        ********   *** removed from Release\stm8s_tim4.o ***
_Timeout                         00000001   defined in Release\main.o section .ubsct
_Timeout_Check                   ********   *** removed from Release\timeout.o ***
_Timeout_Init                    0000824d   defined in Release\timeout.o section .text
                                            used in Release\main.o
_Timeout_Start                   00008265   defined in Release\timeout.o section .text
                                            used in Release\hx711.o
_Timeout_Stop                    00008286   defined in Release\timeout.o section .text
                                            used in Release\hx711.o
_Timer_Init                      00008216   defined in Release\timer.o section .text
                                            used in Release\timeout.o
_UART1_ClearFlag                 ********   *** removed from Release\stm8s_uart1.o ***
_UART1_ClearITPendingBit         ********   *** removed from Release\stm8s_uart1.o ***
_UART1_Cmd                       ********   *** removed from Release\stm8s_uart1.o ***
_UART1_DeInit                    ********   *** removed from Release\stm8s_uart1.o ***
_UART1_GetFlagStatus             ********   *** removed from Release\stm8s_uart1.o ***
_UART1_GetITStatus               ********   *** removed from Release\stm8s_uart1.o ***
_UART1_HalfDuplexCmd             ********   *** removed from Release\stm8s_uart1.o ***
_UART1_ITConfig                  ********   *** removed from Release\stm8s_uart1.o ***
_UART1_Init                      ********   *** removed from Release\stm8s_uart1.o ***
_UART1_IrDACmd                   ********   *** removed from Release\stm8s_uart1.o ***
_UART1_IrDAConfig                ********   *** removed from Release\stm8s_uart1.o ***
_UART1_LINBreakDetectionConfig   ********   *** removed from Release\stm8s_uart1.o ***
_UART1_LINCmd                    ********   *** removed from Release\stm8s_uart1.o ***
_UART1_ReceiveData8              ********   *** removed from Release\stm8s_uart1.o ***
_UART1_ReceiveData9              ********   *** removed from Release\stm8s_uart1.o ***
_UART1_ReceiverWakeUpCmd         ********   *** removed from Release\stm8s_uart1.o ***
_UART1_SendBreak                 ********   *** removed from Release\stm8s_uart1.o ***
_UART1_SendData8                 ********   *** removed from Release\stm8s_uart1.o ***
_UART1_SendData9                 ********   *** removed from Release\stm8s_uart1.o ***
_UART1_SetAddress                ********   *** removed from Release\stm8s_uart1.o ***
_UART1_SetGuardTime              ********   *** removed from Release\stm8s_uart1.o ***
_UART1_SetPrescaler              ********   *** removed from Release\stm8s_uart1.o ***
_UART1_SmartCardCmd              ********   *** removed from Release\stm8s_uart1.o ***
_UART1_SmartCardNACKCmd          ********   *** removed from Release\stm8s_uart1.o ***
_UART1_WakeUpConfig              ********   *** removed from Release\stm8s_uart1.o ***
_WWDG_GetCounter                 ********   *** removed from Release\stm8s_wwdg.o ***
_WWDG_Init                       ********   *** removed from Release\stm8s_wwdg.o ***
_WWDG_SWReset                    ********   *** removed from Release\stm8s_wwdg.o ***
_WWDG_SetCounter                 ********   *** removed from Release\stm8s_wwdg.o ***
_WWDG_SetWindowValue             ********   *** removed from Release\stm8s_wwdg.o ***
__endmem                         000001ff   defined in command file
                                            *** not used ***
__endzp                          00000040   defined in command file section .ubsct
                                            used in D:\Programas\CosmicC\CXSTM8\lib\crtsi0.sm8
__idesc__                        0000808f   defined in linker section .init
                                            used in D:\Programas\CosmicC\CXSTM8\lib\crtsi0.sm8
__memory                         00000100   defined in command file section .bss
                                            used in D:\Programas\CosmicC\CXSTM8\lib\crtsi0.sm8
__stack                          000003ff   defined in command file
                                            used in D:\Programas\CosmicC\CXSTM8\lib\crtsi0.sm8
__startmem                       00000100   defined in command file section .bss
                                            *** not used ***
__stext                          00008098   defined in D:\Programas\CosmicC\CXSTM8\lib\crtsi0.sm8 section .text
                                            used in Release\stm8_interrupt_vector.o
__vectab                         00008000   defined in Release\stm8_interrupt_vector.o section .const
                                            *** not used ***
_dht11_Lectura                   000082d4   defined in Release\dht11.o section .text
                                            used in Release\main.o
_exit                            000080e6   defined in D:\Programas\CosmicC\CXSTM8\lib\crtsi0.sm8 section .text
_getFlagTimer1                   00008a8d   defined in Release\stm8s_itc.o section .text
                                            used in Release\main.o
_hx711_Lectura                   000085f3   defined in Release\hx711.o section .text
                                            used in Release\main.o
_hx711_Tarar                     00008800   defined in Release\hx711.o section .text
                                            used in Release\main.o
_main                            000080e8   defined in Release\main.o section .text
                                            used in D:\Programas\CosmicC\CXSTM8\lib\crtsi0.sm8
_setFlagTimer1                   00008a90   defined in Release\stm8s_itc.o section .text
                                            used in Release\main.o
_timer_Timeout                   0000000a   defined in Release\main.o section .ubsct
c_cmulx                          ********   *** removed from (D:\Programas\CosmicC\CXSTM8\lib\libm0.sm8)cmulx.o ***
c_divsl                          00008d3e   defined in (D:\Programas\CosmicC\CXSTM8\lib\libm0.sm8)ldiv.o section .text
                                            *** not used ***
c_divul                          00008d55   defined in (D:\Programas\CosmicC\CXSTM8\lib\libm0.sm8)ldiv.o section .text
                                            used in (D:\Programas\CosmicC\CXSTM8\lib\libm0.sm8)ludiv.o
c_imul                           ********   *** removed from (D:\Programas\CosmicC\CXSTM8\lib\libm0.sm8)imul.o ***
c_ladd                           ********   *** removed from (D:\Programas\CosmicC\CXSTM8\lib\libm0.sm8)ladd.o ***
c_lcmp                           ********   *** removed from (D:\Programas\CosmicC\CXSTM8\lib\libm0.sm8)lcmp.o ***
c_lgadd                          00008cea   defined in (D:\Programas\CosmicC\CXSTM8\lib\libm0.sm8)lgadd.o section .text
                                            used in Release\hx711.o
                                                    Release\stm8s_flash.o
c_lgneg                          00008e29   defined in (D:\Programas\CosmicC\CXSTM8\lib\libm0.sm8)lgneg.o section .text
                                            used in (D:\Programas\CosmicC\CXSTM8\lib\libm0.sm8)ldiv.o
c_lgor                           00008d01   defined in (D:\Programas\CosmicC\CXSTM8\lib\libm0.sm8)lgor.o section .text
                                            used in Release\hx711.o
c_llsh                           ********   *** removed from (D:\Programas\CosmicC\CXSTM8\lib\libm0.sm8)llsh.o ***
c_lmul                           ********   *** removed from (D:\Programas\CosmicC\CXSTM8\lib\libm0.sm8)lmul.o ***
c_lmulc                          ********   *** removed from (D:\Programas\CosmicC\CXSTM8\lib\libm0.sm8)lmul.o ***
c_lneg                           00008e3c   defined in (D:\Programas\CosmicC\CXSTM8\lib\libm0.sm8)lneg.o section .text
                                            used in (D:\Programas\CosmicC\CXSTM8\lib\libm0.sm8)ldiv.o
c_lreg                           00000036   defined in (D:\Programas\CosmicC\CXSTM8\lib\libm0.sm8)lreg.o section .ubsct
                                            used in Release\hx711.o
                                                    Release\stm8s_uart1.o
                                                    Release\stm8s_i2c.o
                                                    Release\stm8s_flash.o
                                                    Release\stm8s_clk.o
                                                    Release\stm8s_beep.o
                                                    Release\stm8s_awu.o
                                                    (D:\Programas\CosmicC\CXSTM8\lib\libm0.sm8)cmulx.o
                                                    (D:\Programas\CosmicC\CXSTM8\lib\libm0.sm8)ladd.o
                                                    (D:\Programas\CosmicC\CXSTM8\lib\libm0.sm8)lcmp.o
                                                    (D:\Programas\CosmicC\CXSTM8\lib\libm0.sm8)lgadd.o
                                                    (D:\Programas\CosmicC\CXSTM8\lib\libm0.sm8)lgor.o
                                                    (D:\Programas\CosmicC\CXSTM8\lib\libm0.sm8)llsh.o
                                                    (D:\Programas\CosmicC\CXSTM8\lib\libm0.sm8)lmul.o
                                                    (D:\Programas\CosmicC\CXSTM8\lib\libm0.sm8)lsub.o
                                                    (D:\Programas\CosmicC\CXSTM8\lib\libm0.sm8)ltor.o
                                                    (D:\Programas\CosmicC\CXSTM8\lib\libm0.sm8)ldiv.o
                                                    (D:\Programas\CosmicC\CXSTM8\lib\libm0.sm8)lneg.o
                                                    (D:\Programas\CosmicC\CXSTM8\lib\libm0.sm8)lursh.o
                                                    (D:\Programas\CosmicC\CXSTM8\lib\libm0.sm8)rtol.o
                                                    (D:\Programas\CosmicC\CXSTM8\lib\libm0.sm8)smul.o
                                                    (D:\Programas\CosmicC\CXSTM8\lib\libm0.sm8)utolx.o
                                                    (D:\Programas\CosmicC\CXSTM8\lib\libm0.sm8)umul.o
c_lsub                           ********   *** removed from (D:\Programas\CosmicC\CXSTM8\lib\libm0.sm8)lsub.o ***
c_ltor                           00008d18   defined in (D:\Programas\CosmicC\CXSTM8\lib\libm0.sm8)ltor.o section .text
                                            used in Release\hx711.o
                                                    Release\stm8s_uart1.o
                                                    Release\stm8s_i2c.o
                                                    Release\stm8s_flash.o
                                                    Release\stm8s_clk.o
                                                    Release\stm8s_beep.o
                                                    Release\stm8s_awu.o
c_ludv                           00008d2a   defined in (D:\Programas\CosmicC\CXSTM8\lib\libm0.sm8)ludiv.o section .text
                                            used in Release\hx711.o
                                                    Release\stm8s_uart1.o
                                                    Release\stm8s_i2c.o
                                                    Release\stm8s_clk.o
                                                    Release\stm8s_beep.o
                                                    Release\stm8s_awu.o
c_lursh                          00008e51   defined in (D:\Programas\CosmicC\CXSTM8\lib\libm0.sm8)lursh.o section .text
                                            used in Release\hx711.o
c_rtol                           00008e60   defined in (D:\Programas\CosmicC\CXSTM8\lib\libm0.sm8)rtol.o section .text
                                            used in Release\main.o
                                                    Release\hx711.o
                                                    Release\stm8s_uart1.o
                                                    Release\stm8s_i2c.o
                                                    Release\stm8s_flash.o
                                                    Release\stm8s_clk.o
c_sdivx                          ********   *** removed from (D:\Programas\CosmicC\CXSTM8\lib\libm0.sm8)sdivx.o ***
c_smodx                          ********   *** removed from (D:\Programas\CosmicC\CXSTM8\lib\libm0.sm8)sdivx.o ***
c_smul                           ********   *** removed from (D:\Programas\CosmicC\CXSTM8\lib\libm0.sm8)smul.o ***
c_uitolx                         00008e72   defined in (D:\Programas\CosmicC\CXSTM8\lib\libm0.sm8)utolx.o section .text
                                            used in Release\main.o
                                                    Release\hx711.o
c_umul                           ********   *** removed from (D:\Programas\CosmicC\CXSTM8\lib\libm0.sm8)umul.o ***
c_x                              0000003a   defined in (D:\Programas\CosmicC\CXSTM8\lib\libm0.sm8)xreg.o section .ubsct
                                            used in D:\Programas\CosmicC\CXSTM8\lib\crtsi0.sm8
                                                    Release\dht11.o
                                                    Release\stm8s_itc.o
                                                    Release\stm8s_beep.o
                                                    Release\stm8s_awu.o
                                                    (D:\Programas\CosmicC\CXSTM8\lib\libm0.sm8)imul.o
                                                    (D:\Programas\CosmicC\CXSTM8\lib\libm0.sm8)lmul.o
                                                    (D:\Programas\CosmicC\CXSTM8\lib\libm0.sm8)ldiv.o
                                                    (D:\Programas\CosmicC\CXSTM8\lib\libm0.sm8)sdivx.o
                                                    (D:\Programas\CosmicC\CXSTM8\lib\libm0.sm8)umul.o
                                                    (D:\Programas\CosmicC\CXSTM8\lib\libm0.sm8)xymov.o
c_xymov                          00008e79   defined in (D:\Programas\CosmicC\CXSTM8\lib\libm0.sm8)xymov.o section .text
                                            used in Release\dht11.o
c_y                              0000003d   defined in (D:\Programas\CosmicC\CXSTM8\lib\libm0.sm8)yreg.o section .ubsct
                                            used in D:\Programas\CosmicC\CXSTM8\lib\crtsi0.sm8
                                                    Release\stm8s_itc.o
                                                    (D:\Programas\CosmicC\CXSTM8\lib\libm0.sm8)umul.o
f_NonHandledInterrupt            00008eb8   defined in Release\stm8_interrupt_vector.o section .text
f_TIM1_OV_IRQHandler             00008a61   defined in Release\stm8s_itc.o section .text
                                            used in Release\stm8_interrupt_vector.o
